Archive member included to satisfy reference by file (symbol)

C:/ST/STM32CubeIDE_2.1.1/STM32CubeIDE/plugins/com.st.stm32cube.ide.mcu.externaltools.gnu-tools-for-stm32.14.3.rel1.win32_1.0.100.202602081740/tools/bin/../lib/gcc/arm-none-eabi/14.3.1/../../../../arm-none-eabi/lib/thumb/v6-m/nofp\libstdc++_nano.a(guard.o)
                              ./Application/app_main.o (__cxa_guard_acquire)
C:/ST/STM32CubeIDE_2.1.1/STM32CubeIDE/plugins/com.st.stm32cube.ide.mcu.externaltools.gnu-tools-for-stm32.14.3.rel1.win32_1.0.100.202602081740/tools/bin/../lib/gcc/arm-none-eabi/14.3.1/../../../../arm-none-eabi/lib/thumb/v6-m/nofp\libstdc++_nano.a(new_op.o)
                              ./Application/commands.o (operator new(unsigned int))
C:/ST/STM32CubeIDE_2.1.1/STM32CubeIDE/plugins/com.st.stm32cube.ide.mcu.externaltools.gnu-tools-for-stm32.14.3.rel1.win32_1.0.100.202602081740/tools/bin/../lib/gcc/arm-none-eabi/14.3.1/../../../../arm-none-eabi/lib/thumb/v6-m/nofp\libstdc++_nano.a(new_opv.o)
                              ./Application/commands.o (operator new[](unsigned int))
C:/ST/STM32CubeIDE_2.1.1/STM32CubeIDE/plugins/com.st.stm32cube.ide.mcu.externaltools.gnu-tools-for-stm32.14.3.rel1.win32_1.0.100.202602081740/tools/bin/../lib/gcc/arm-none-eabi/14.3.1/../../../../arm-none-eabi/lib/thumb/v6-m/nofp\libstdc++_nano.a(new_handler.o)
                              C:/ST/STM32CubeIDE_2.1.1/STM32CubeIDE/plugins/com.st.stm32cube.ide.mcu.externaltools.gnu-tools-for-stm32.14.3.rel1.win32_1.0.100.202602081740/tools/bin/../lib/gcc/arm-none-eabi/14.3.1/../../../../arm-none-eabi/lib/thumb/v6-m/nofp\libstdc++_nano.a(new_op.o) (std::get_new_handler())
C:/ST/STM32CubeIDE_2.1.1/STM32CubeIDE/plugins/com.st.stm32cube.ide.mcu.externaltools.gnu-tools-for-stm32.14.3.rel1.win32_1.0.100.202602081740/tools/bin/../lib/gcc/arm-none-eabi/14.3.1/../../../../arm-none-eabi/lib/thumb/v6-m/nofp\libc_nano.a(libc_a-abort.o)
                              C:/ST/STM32CubeIDE_2.1.1/STM32CubeIDE/plugins/com.st.stm32cube.ide.mcu.externaltools.gnu-tools-for-stm32.14.3.rel1.win32_1.0.100.202602081740/tools/bin/../lib/gcc/arm-none-eabi/14.3.1/../../../../arm-none-eabi/lib/thumb/v6-m/nofp\libstdc++_nano.a(new_op.o) (abort)
C:/ST/STM32CubeIDE_2.1.1/STM32CubeIDE/plugins/com.st.stm32cube.ide.mcu.externaltools.gnu-tools-for-stm32.14.3.rel1.win32_1.0.100.202602081740/tools/bin/../lib/gcc/arm-none-eabi/14.3.1/../../../../arm-none-eabi/lib/thumb/v6-m/nofp\libc_nano.a(libc_a-exit.o)
                              C:/ST/STM32CubeIDE_2.1.1/STM32CubeIDE/plugins/com.st.stm32cube.ide.mcu.externaltools.gnu-tools-for-stm32.14.3.rel1.win32_1.0.100.202602081740/tools/bin/../lib/gcc/arm-none-eabi/14.3.1/../../../../arm-none-eabi/lib/thumb/v6-m/nofp/crt0.o (exit)
C:/ST/STM32CubeIDE_2.1.1/STM32CubeIDE/plugins/com.st.stm32cube.ide.mcu.externaltools.gnu-tools-for-stm32.14.3.rel1.win32_1.0.100.202602081740/tools/bin/../lib/gcc/arm-none-eabi/14.3.1/../../../../arm-none-eabi/lib/thumb/v6-m/nofp\libc_nano.a(libc_a-malloc.o)
                              ./Application/xbee.o (malloc)
C:/ST/STM32CubeIDE_2.1.1/STM32CubeIDE/plugins/com.st.stm32cube.ide.mcu.externaltools.gnu-tools-for-stm32.14.3.rel1.win32_1.0.100.202602081740/tools/bin/../lib/gcc/arm-none-eabi/14.3.1/../../../../arm-none-eabi/lib/thumb/v6-m/nofp\libc_nano.a(libc_a-mallocr.o)
                              C:/ST/STM32CubeIDE_2.1.1/STM32CubeIDE/plugins/com.st.stm32cube.ide.mcu.externaltools.gnu-tools-for-stm32.14.3.rel1.win32_1.0.100.202602081740/tools/bin/../lib/gcc/arm-none-eabi/14.3.1/../../../../arm-none-eabi/lib/thumb/v6-m/nofp\libc_nano.a(libc_a-malloc.o) (_malloc_r)
C:/ST/STM32CubeIDE_2.1.1/STM32CubeIDE/plugins/com.st.stm32cube.ide.mcu.externaltools.gnu-tools-for-stm32.14.3.rel1.win32_1.0.100.202602081740/tools/bin/../lib/gcc/arm-none-eabi/14.3.1/../../../../arm-none-eabi/lib/thumb/v6-m/nofp\libc_nano.a(libc_a-mlock.o)
                              C:/ST/STM32CubeIDE_2.1.1/STM32CubeIDE/plugins/com.st.stm32cube.ide.mcu.externaltools.gnu-tools-for-stm32.14.3.rel1.win32_1.0.100.202602081740/tools/bin/../lib/gcc/arm-none-eabi/14.3.1/../../../../arm-none-eabi/lib/thumb/v6-m/nofp\libc_nano.a(libc_a-mallocr.o) (__malloc_lock)
C:/ST/STM32CubeIDE_2.1.1/STM32CubeIDE/plugins/com.st.stm32cube.ide.mcu.externaltools.gnu-tools-for-stm32.14.3.rel1.win32_1.0.100.202602081740/tools/bin/../lib/gcc/arm-none-eabi/14.3.1/../../../../arm-none-eabi/lib/thumb/v6-m/nofp\libc_nano.a(libc_a-strtol.o)
                              ./Application/commands.o (strtol)
C:/ST/STM32CubeIDE_2.1.1/STM32CubeIDE/plugins/com.st.stm32cube.ide.mcu.externaltools.gnu-tools-for-stm32.14.3.rel1.win32_1.0.100.202602081740/tools/bin/../lib/gcc/arm-none-eabi/14.3.1/../../../../arm-none-eabi/lib/thumb/v6-m/nofp\libc_nano.a(libc_a-ctype_.o)
[...]
Memory Configuration

Name             Origin             Length             Attributes
RAM              0x20000000         0x00005000         xrw
FLASH            0x08000000         0x00020000         xr
*default*        0x00000000         0xffffffff

Linker script and memory map

LOAD C:/ST/STM32CubeIDE_2.1.1/STM32CubeIDE/plugins/com.st.stm32cube.ide.mcu.externaltools.gnu-tools-for-stm32.14.3.rel1.win32_1.0.100.202602081740/tools/bin/../lib/gcc/arm-none-eabi/14.3.1/thumb/v6-m/nofp/crti.o
LOAD C:/ST/STM32CubeIDE_2.1.1/STM32CubeIDE/plugins/com.st.stm32cube.ide.mcu.externaltools.gnu-tools-for-stm32.14.3.rel1.win32_1.0.100.202602081740/tools/bin/../lib/gcc/arm-none-eabi/14.3.1/thumb/v6-m/nofp/crtbegin.o
LOAD C:/ST/STM32CubeIDE_2.1.1/STM32CubeIDE/plugins/com.st.stm32cube.ide.mcu.externaltools.gnu-tools-for-stm32.14.3.rel1.win32_1.0.100.202602081740/tools/bin/../lib/gcc/arm-none-eabi/14.3.1/../../../../arm-none-eabi/lib/thumb/v6-m/nofp/crt0.o
LOAD ./Application/Motors.o
LOAD ./Application/app_main.o
LOAD ./Application/application.o
LOAD ./Application/battery_version4.o
LOAD ./Application/commands.o
LOAD ./Application/leds.o
LOAD ./Application/messages.o
LOAD ./Application/panic_version4.o
LOAD ./Application/rtos_support.o
LOAD ./Application/xbee.o
LOAD ./Core/Src/freertos.o
LOAD ./Core/Src/main.o
LOAD ./Core/Src/stm32l0xx_hal_msp.o
LOAD ./Core/Src/stm32l0xx_hal_timebase_tim.o
LOAD ./Core/Src/stm32l0xx_it.o
LOAD ./Core/Src/syscalls.o
LOAD ./Core/Src/sysmem.o
LOAD ./Core/Src/system_stm32l0xx.o
LOAD ./Core/Startup/startup_stm32l071cbtx.o
LOAD ./Drivers/STM32L0xx_HAL_Driver/Src/stm32l0xx_hal.o
LOAD ./Drivers/STM32L0xx_HAL_Driver/Src/stm32l0xx_hal_adc.o
LOAD ./Drivers/STM32L0xx_HAL_Driver/Src/stm32l0xx_hal_adc_ex.o
LOAD ./Drivers/STM32L0xx_HAL_Driver/Src/stm32l0xx_hal_cortex.o
LOAD ./Drivers/STM32L0xx_HAL_Driver/Src/stm32l0xx_hal_dma.o
LOAD ./Drivers/STM32L0xx_HAL_Driver/Src/stm32l0xx_hal_exti.o
LOAD ./Drivers/STM32L0xx_HAL_Driver/Src/stm32l0xx_hal_flash.o
LOAD ./Drivers/STM32L0xx_HAL_Driver/Src/stm32l0xx_hal_flash_ex.o
LOAD ./Drivers/STM32L0xx_HAL_Driver/Src/stm32l0xx_hal_flash_ramfunc.o
LOAD ./Drivers/STM32L0xx_HAL_Driver/Src/stm32l0xx_hal_gpio.o
LOAD ./Drivers/STM32L0xx_HAL_Driver/Src/stm32l0xx_hal_i2c.o
LOAD ./Drivers/STM32L0xx_HAL_Driver/Src/stm32l0xx_hal_i2c_ex.o
LOAD ./Drivers/STM32L0xx_HAL_Driver/Src/stm32l0xx_hal_pwr.o
LOAD ./Drivers/STM32L0xx_HAL_Driver/Src/stm32l0xx_hal_pwr_ex.o
LOAD ./Drivers/STM32L0xx_HAL_Driver/Src/stm32l0xx_hal_rcc.o
LOAD ./Drivers/STM32L0xx_HAL_Driver/Src/stm32l0xx_hal_rcc_ex.o
LOAD ./Drivers/STM32L0xx_HAL_Driver/Src/stm32l0xx_hal_tim.o
LOAD ./Drivers/STM32L0xx_HAL_Driver/Src/stm32l0xx_hal_tim_ex.o
LOAD ./Drivers/STM32L0xx_HAL_Driver/Src/stm32l0xx_hal_uart.o
LOAD ./Drivers/STM32L0xx_HAL_Driver/Src/stm32l0xx_hal_uart_ex.o
LOAD ./Middlewares/Third_Party/FreeRTOS/Source/CMSIS_RTOS_V2/cmsis_os2.o
LOAD ./Middlewares/Third_Party/FreeRTOS/Source/croutine.o
LOAD ./Middlewares/Third_Party/FreeRTOS/Source/event_groups.o
LOAD ./Middlewares/Third_Party/FreeRTOS/Source/list.o
LOAD ./Middlewares/Third_Party/FreeRTOS/Source/queue.o
LOAD ./Middlewares/Third_Party/FreeRTOS/Source/stream_buffer.o
LOAD ./Middlewares/Third_Party/FreeRTOS/Source/tasks.o
LOAD ./Middlewares/Third_Party/FreeRTOS/Source/timers.o
LOAD ./Middlewares/Third_Party/FreeRTOS/Source/portable/GCC/ARM_CM0/port.o
LOAD ./Middlewares/Third_Party/FreeRTOS/Source/portable/MemMang/heap_4.o
START GROUP
LOAD C:/ST/STM32CubeIDE_2.1.1/STM32CubeIDE/plugins/com.st.stm32cube.ide.mcu.externaltools.gnu-tools-for-stm32.14.3.rel1.win32_1.0.100.202602081740/tools/bin/../lib/gcc/arm-none-eabi/14.3.1/../../../../arm-none-eabi/lib/thumb/v6-m/nofp\libstdc++_nano.a
LOAD C:/ST/STM32CubeIDE_2.1.1/STM32CubeIDE/plugins/com.st.stm32cube.ide.mcu.externaltools.gnu-tools-for-stm32.14.3.rel1.win32_1.0.100.202602081740/tools/bin/../lib/gcc/arm-none-eabi/14.3.1/../../../../arm-none-eabi/lib/thumb/v6-m/nofp\libsupc++_nano.a
END GROUP
LOAD C:/ST/STM32CubeIDE_2.1.1/STM32CubeIDE/plugins/com.st.stm32cube.ide.mcu.externaltools.gnu-tools-for-stm32.14.3.rel1.win32_1.0.100.202602081740/tools/bin/../lib/gcc/arm-none-eabi/14.3.1/../../../../arm-none-eabi/lib/thumb/v6-m/nofp\libstdc++_nano.a
LOAD C:/ST/STM32CubeIDE_2.1.1/STM32CubeIDE/plugins/com.st.stm32cube.ide.mcu.externaltools.gnu-tools-for-stm32.14.3.rel1.win32_1.0.100.202602081740/tools/bin/../lib/gcc/arm-none-eabi/14.3.1/../../../../arm-none-eabi/lib/thumb/v6-m/nofp\libm.a
LOAD C:/ST/STM32CubeIDE_2.1.1/STM32CubeIDE/plugins/com.st.stm32cube.ide.mcu.externaltools.gnu-tools-for-stm32.14.3.rel1.win32_1.0.100.202602081740/tools/bin/../lib/gcc/arm-none-eabi/14.3.1/../../../../arm-none-eabi/lib/thumb/v6-m/nofp\libc_nano.a
START GROUP
LOAD C:/ST/STM32CubeIDE_2.1.1/STM32CubeIDE/plugins/com.st.stm32cube.ide.mcu.externaltools.gnu-tools-for-stm32.14.3.rel1.win32_1.0.100.202602081740/tools/bin/../lib/gcc/arm-none-eabi/14.3.1/thumb/v6-m/nofp\libgcc.a
LOAD C:/ST/STM32CubeIDE_2.1.1/STM32CubeIDE/plugins/com.st.stm32cube.ide.mcu.externaltools.gnu-tools-for-stm32.14.3.rel1.win32_1.0.100.202602081740/tools/bin/../lib/gcc/arm-none-eabi/14.3.1/../../../../arm-none-eabi/lib/thumb/v6-m/nofp\libc_nano.a
END GROUP
START GROUP
LOAD C:/ST/STM32CubeIDE_2.1.1/STM32CubeIDE/plugins/com.st.stm32cube.ide.mcu.externaltools.gnu-tools-for-stm32.14.3.rel1.win32_1.0.100.202602081740/tools/bin/../lib/gcc/arm-none-eabi/14.3.1/thumb/v6-m/nofp\libgcc.a
LOAD C:/ST/STM32CubeIDE_2.1.1/STM32CubeIDE/plugins/com.st.stm32cube.ide.mcu.externaltools.gnu-tools-for-stm32.14.3.rel1.win32_1.0.100.202602081740/tools/bin/../lib/gcc/arm-none-eabi/14.3.1/../../../../arm-none-eabi/lib/thumb/v6-m/nofp\libc_nano.a
END GROUP
LOAD C:/ST/STM32CubeIDE_2.1.1/STM32CubeIDE/plugins/com.st.stm32cube.ide.mcu.externaltools.gnu-tools-for-stm32.14.3.rel1.win32_1.0.100.202602081740/tools/bin/../lib/gcc/arm-none-eabi/14.3.1/thumb/v6-m/nofp/crtend.o
LOAD C:/ST/STM32CubeIDE_2.1.1/STM32CubeIDE/plugins/com.st.stm32cube.ide.mcu.externaltools.gnu-tools-for-stm32.14.3.rel1.win32_1.0.100.202602081740/tools/bin/../lib/gcc/arm-none-eabi/14.3.1/thumb/v6-m/nofp/crtn.o
                0x20005000                        _estack = (ORIGIN (RAM) + LENGTH (RAM))
                0x00000000                        _Min_Heap_Size = 0x0
                0x00000200                        _Min_Stack_Size = 0x200

.isr_vector     0x08000000       0xc0
                0x08000000                        . = ALIGN (0x4)
 *(.isr_vector)
 .isr_vector    0x08000000       0xc0 ./Core/Startup/startup_stm32l071cbtx.o
                0x08000000                g_pfnVectors
                0x080000c0                        . = ALIGN (0x4)

.text           0x080000c0     0xa504
                0x080000c0                        . = ALIGN (0x4)
 *(.text)
 .text          0x080000c0       0x48 C:/ST/STM32CubeIDE_2.1.1/STM32CubeIDE/plugins/com.st.stm32cube.ide.mcu.externaltools.gnu-tools-for-stm32.14.3.rel1.win32_1.0.100.202602081740/tools/bin/../lib/gcc/arm-none-eabi/14.3.1/thumb/v6-m/nofp/crtbegin.o
 .text          0x08000108        0xe C:/ST/STM32CubeIDE_2.1.1/STM32CubeIDE/plugins/com.st.stm32cube.ide.mcu.externaltools.gnu-tools-for-stm32.14.3.rel1.win32_1.0.100.202602081740/tools/bin/../lib/gcc/arm-none-eabi/14.3.1/../../../../arm-none-eabi/lib/thumb/v6-m/nofp\libc_nano.a(libc_a-strlen.o)
                0x08000108                strlen
 *fill*         0x08000116        0x2 
 .text          0x08000118      0x114 C:/ST/STM32CubeIDE_2.1.1/STM32CubeIDE/plugins/com.st.stm32cube.ide.mcu.externaltools.gnu-tools-for-stm32.14.3.rel1.win32_1.0.100.202602081740/tools/bin/../lib/gcc/arm-none-eabi/14.3.1/thumb/v6-m/nofp\libgcc.a(_udivsi3.o)
                0x08000118                __aeabi_uidiv
                0x08000118                __udivsi3
                0x08000224                __aeabi_uidivmod
 .text          0x0800022c      0x1d4 C:/ST/STM32CubeIDE_2.1.1/STM32CubeIDE/plugins/com.st.stm32cube.ide.mcu.externaltools.gnu-tools-for-stm32.14.3.rel1.win32_1.0.100.202602081740/tools/bin/../lib/gcc/arm-none-eabi/14.3.1/thumb/v6-m/nofp\libgcc.a(_divsi3.o)
                0x0800022c                __divsi3
                0x0800022c                __aeabi_idiv
                0x080003f8                __aeabi_idivmod
 .text          0x08000400        0x4 C:/ST/STM32CubeIDE_2.1.1/STM32CubeIDE/plugins/com.st.stm32cube.ide.mcu.externaltools.gnu-tools-for-stm32.14.3.rel1.win32_1.0.100.202602081740/tools/bin/../lib/gcc/arm-none-eabi/14.3.1/thumb/v6-m/nofp\libgcc.a(_dvmd_tls.o)
                0x08000400                __aeabi_idiv0
                0x08000400                __aeabi_ldiv0
 .text          0x08000404       0x40 C:/ST/STM32CubeIDE_2.1.1/STM32CubeIDE/plugins/com.st.stm32cube.ide.mcu.externaltools.gnu-tools-for-stm32.14.3.rel1.win32_1.0.100.202602081740/tools/bin/../lib/gcc/arm-none-eabi/14.3.1/thumb/v6-m/nofp\libgcc.a(_aeabi_uldivmod.o)
                0x08000404                __aeabi_uldivmod
 .text          0x08000444      0x198 C:/ST/STM32CubeIDE_2.1.1/STM32CubeIDE/plugins/com.st.stm32cube.ide.mcu.externaltools.gnu-tools-for-stm32.14.3.rel1.win32_1.0.100.202602081740/tools/bin/../lib/gcc/arm-none-eabi/14.3.1/thumb/v6-m/nofp\libgcc.a(_udivmoddi4.o)
                0x08000444                __udivmoddi4
 .text          0x080005dc       0x18 C:/ST/STM32CubeIDE_2.1.1/STM32CubeIDE/plugins/com.st.stm32cube.ide.mcu.externaltools.gnu-tools-for-stm32.14.3.rel1.win32_1.0.100.202602081740/tools/bin/../lib/gcc/arm-none-eabi/14.3.1/thumb/v6-m/nofp\libgcc.a(_clzdi2.o)
                0x080005dc                __clzdi2
 .text          0x080005f4       0x3c C:/ST/STM32CubeIDE_2.1.1/STM32CubeIDE/plugins/com.st.stm32cube.ide.mcu.externaltools.gnu-tools-for-stm32.14.3.rel1.win32_1.0.100.202602081740/tools/bin/../lib/gcc/arm-none-eabi/14.3.1/thumb/v6-m/nofp\libgcc.a(_clzsi2.o)
                0x080005f4                __clzsi2
 *(.text*)
 .text.LL_GPIO_SetOutputPin
                0x08000630       0x18 ./Application/Motors.o
 .text.LL_GPIO_ResetOutputPin
                0x08000648       0x18 ./Application/Motors.o
 .text.LL_TIM_DisableCounter
                0x08000660       0x1e ./Application/Motors.o
 .text.LL_TIM_CC_DisableChannel
                0x0800067e       0x20 ./Application/Motors.o
 .text.LL_TIM_OC_SetCompareCH1
                0x0800069e       0x18 ./Application/Motors.o
 .text.LL_TIM_OC_SetCompareCH2
                0x080006b6       0x18 ./Application/Motors.o
 .text.LL_TIM_OC_SetCompareCH3
                0x080006ce       0x18 ./Application/Motors.o
 .text.LL_TIM_OC_SetCompareCH4
                0x080006e6       0x18 ./Application/Motors.o
 .text.LL_TIM_IC_GetCaptureCH1
                0x080006fe       0x14 ./Application/Motors.o
 .text.LL_TIM_IC_GetCaptureCH2
                0x08000712       0x14 ./Application/Motors.o
 .text.LL_TIM_ClearFlag_UPDATE
                0x08000726       0x18 ./Application/Motors.o
 .text.LL_TIM_IsActiveFlag_UPDATE
                0x0800073e       0x22 ./Application/Motors.o
 .text.LL_TIM_DisableIT_UPDATE
                0x08000760       0x1e ./Application/Motors.o
 .text.LL_TIM_DisableIT_CC1
                0x0800077e       0x1e ./Application/Motors.o
 .text._ZN6Motors4initEv
                0x0800079c       0x88 ./Application/Motors.o
                0x0800079c                Motors::init()
 .text._ZN6Motors11handlerTaskEPv
                0x08000824       0xa8 ./Application/Motors.o
                0x08000824                Motors::handlerTask(void*)
 .text._ZN6Motors3setEss
                0x080008cc       0xc0 ./Application/Motors.o
                0x080008cc                Motors::set(short, short)
 .text._ZN6Motors8powerOffEv
                0x0800098c       0x98 ./Application/Motors.o
                0x0800098c                Motors::powerOff()
 .text.HAL_TIM_IC_CaptureCallback
                0x08000a24       0x18 ./Application/Motors.o
                0x08000a24                HAL_TIM_IC_CaptureCallback
 .text._ZN6Motors20timerCaptureCallbackEP17TIM_HandleTypeDef
                0x08000a3c      0x174 ./Application/Motors.o
                0x08000a3c                Motors::timerCaptureCallback(TIM_HandleTypeDef*)
 .text._ZN6Motors17encoderCorrectionERKNS_10MotorStateE
                0x08000bb0      0x13c ./Application/Motors.o
                0x08000bb0                Motors::encoderCorrection(Motors::MotorState const&)
 .text._ZN6Motors16resetControlTaskEv
                0x08000cec       0x54 ./Application/Motors.o
                0x08000cec                Motors::resetControlTask()
 .text._ZN6Motors11controlTaskEPv
                0x08000d40      0x1bc ./Application/Motors.o
                0x08000d40                Motors::controlTask(void*)
 .text._ZN11Application8InstanceEv
                0x08000efc       0x38 ./Application/app_main.o
                0x08000efc                Application::Instance()
 .text.APPLICATION_Start
                0x08000f34       0x16 ./Application/app_main.o
                0x08000f34                APPLICATION_Start
 *fill*         0x08000f4a        0x2 
 .text._ZN11ApplicationC2Ev
                0x08000f4c       0x70 ./Application/application.o
                0x08000f4c                Application::Application()
                0x08000f4c                Application::Application()
 .text._ZN11Application29APPLICATION_Thread_trampolineEPv
                0x08000fbc       0x18 ./Application/application.o
                0x08000fbc                Application::APPLICATION_Thread_trampoline(void*)
 .text._ZN11Application32vTimerTimeoutCallback_trampolineEP15tmrTimerControl
                0x08000fd4       0x28 ./Application/application.o
                0x08000fd4                Application::vTimerTimeoutCallback_trampoline(tmrTimerControl*)
 .text._ZN11Application4InitEv
                0x08000ffc       0xc4 ./Application/application.o
                0x08000ffc                Application::Init()
 .text._ZN11Application18APPLICATION_ThreadEv
                0x080010c0       0x14 ./Application/application.o
                0x080010c0                Application::APPLICATION_Thread()
 .text._ZN11Application21vTimerTimeoutCallbackEP15tmrTimerControl
                0x080010d4       0x12 ./Application/application.o
                0x080010d4                Application::vTimerTimeoutCallback(tmrTimerControl*)
 *fill*         0x080010e6        0x2 
 .text._ZN7Battery19AdcConvCpltCallbackEP19__ADC_HandleTypeDef
                0x080010e8       0x5c ./Application/battery_version4.o
                0x080010e8                Battery::AdcConvCpltCallback(__ADC_HandleTypeDef*)
 .text._ZN7Battery16GpioExtiCallbackEt
                0x08001144       0x7c ./Application/battery_version4.o
                0x08001144                Battery::GpioExtiCallback(unsigned short)
 .text.HAL_ADC_ConvCpltCallback
                0x080011c0       0x18 ./Application/battery_version4.o
                0x080011c0                HAL_ADC_ConvCpltCallback
 .text.HAL_GPIO_EXTI_Callback
                0x080011d8       0x1e ./Application/battery_version4.o
                0x080011d8                HAL_GPIO_EXTI_Callback
 *fill*         0x080011f6        0x2 
 .text._ZN4Leds12LEDS_All_OffEv
                0x080011f8       0x34 ./Application/leds.o
                0x080011f8                Leds::LEDS_All_Off()
 .text._ZN4LedsC2Ev
                0x0800122c       0x32 ./Application/leds.o
                0x0800122c                Leds::Leds()
                0x0800122c                Leds::Leds()
 .text._ZN4Leds29LEDS_HandlerThread_trampolineEPv
                0x0800125e       0x18 ./Application/leds.o
                0x0800125e                Leds::LEDS_HandlerThread_trampoline(void*)
 .text._ZN4Leds28LEDS_ActionThread_trampolineEPv
                0x08001276       0x18 ./Application/leds.o
                0x08001276                Leds::LEDS_ActionThread_trampoline(void*)
 *fill*         0x0800128e        0x2 
 .text._ZN4Leds9LEDS_InitEv
                0x08001290       0x64 ./Application/leds.o
                0x08001290                Leds::LEDS_Init()
 .text._ZN4Leds16LEDS_ShowPatternEh
                0x080012f4       0xa8 ./Application/leds.o
                0x080012f4                Leds::LEDS_ShowPattern(unsigned char)
 .text._ZN4Leds18LEDS_HandlerThreadEv
                0x0800139c       0xb0 ./Application/leds.o
                0x0800139c                Leds::LEDS_HandlerThread()
 .text._ZN4Leds17LEDS_ActionThreadEv
                0x0800144c      0x45c ./Application/leds.o
                0x0800144c                Leds::LEDS_ActionThread()
 .text.MESSAGE_Init
                0x080018a8       0xa4 ./Application/messages.o
                0x080018a8                MESSAGE_Init
 .text.MESSAGE_ReadMailbox
                0x0800194c       0x5a ./Application/messages.o
                0x0800194c                MESSAGE_ReadMailbox
 .text.MESSAGE_SendMailbox
                0x080019a6       0x3e ./Application/messages.o
                0x080019a6                MESSAGE_SendMailbox
 .text.MESSAGE_SendMailboxFromISR
                0x080019e4       0x3e ./Application/messages.o
                0x080019e4                MESSAGE_SendMailboxFromISR
 .text.LL_USART_Enable
                0x08001a22       0x1c ./Application/xbee.o
 .text.LL_USART_Disable
                0x08001a3e       0x1e ./Application/xbee.o
 .text.LL_USART_DisableOverrunDetect
                0x08001a5c       0x1e ./Application/xbee.o
 .text.LL_USART_EnableIT_TXE
                0x08001a7a       0x3e ./Application/xbee.o
 .text.LL_USART_TransmitData8
                0x08001ab8       0x1e ./Application/xbee.o
 *fill*         0x08001ad6        0x2 
 .text._ZN4XbeeC2Ev
                0x08001ad8       0xb4 ./Application/xbee.o
                0x08001ad8                Xbee::Xbee()
                0x08001ad8                Xbee::Xbee()
 .text._ZN4Xbee31XBEE_TxHandlerThread_trampolineEPv
                0x08001b8c       0x18 ./Application/xbee.o
                0x08001b8c                Xbee::XBEE_TxHandlerThread_trampoline(void*)
 .text._ZN4Xbee24XBEE_RxThread_trampolineEPv
                0x08001ba4       0x18 ./Application/xbee.o
                0x08001ba4                Xbee::XBEE_RxThread_trampoline(void*)
 .text._ZN4Xbee9XBEE_InitEv
                0x08001bbc      0x128 ./Application/xbee.o
                0x08001bbc                Xbee::XBEE_Init()
 .text._ZN4Xbee20XBEE_TxHandlerThreadEv
                0x08001ce4       0x48 ./Application/xbee.o
                0x08001ce4                Xbee::XBEE_TxHandlerThread()
 .text._ZN4Xbee13XBEE_SendDataEPc
                0x08001d2c       0xc8 ./Application/xbee.o
                0x08001d2c                Xbee::XBEE_SendData(char*)
 .text._ZN4Xbee13XBEE_RxThreadEv
                0x08001df4       0xe8 ./Application/xbee.o
                0x08001df4                Xbee::XBEE_RxThread()
 .text.PreSleepProcessing
                0x08001edc       0x10 ./Core/Src/freertos.o
                0x08001edc                PreSleepProcessing
 .text.PostSleepProcessing
                0x08001eec       0x10 ./Core/Src/freertos.o
                0x08001eec                PostSleepProcessing
 .text.main     0x08001efc       0x54 ./Core/Src/main.o
                0x08001efc                main
 .text.SystemClock_Config
                0x08001f50       0xe4 ./Core/Src/main.o
                0x08001f50                SystemClock_Config
 .text.MX_ADC_Init
                0x08002034       0xc8 ./Core/Src/main.o
 .text.MX_LPUART1_UART_Init
                0x080020fc       0x64 ./Core/Src/main.o
 .text.MX_TIM2_Init
                0x08002160      0x15c ./Core/Src/main.o
 .text.MX_TIM3_Init
                0x080022bc      0x14c ./Core/Src/main.o
 .text.MX_TIM21_Init
                0x08002408      0x160 ./Core/Src/main.o
 .text.MX_GPIO_Init
                0x08002568      0x1a8 ./Core/Src/main.o
 .text.StartDefaultTask
                0x08002710       0x10 ./Core/Src/main.o
                0x08002710                StartDefaultTask
 .text.HAL_TIM_PeriodElapsedCallback
                0x08002720       0x24 ./Core/Src/main.o
                0x08002720                HAL_TIM_PeriodElapsedCallback
 .text.Error_Handler
                0x08002744        0xc ./Core/Src/main.o
                0x08002744                Error_Handler
 .text.HAL_MspInit
                0x08002750       0x38 ./Core/Src/stm32l0xx_hal_msp.o
                0x08002750                HAL_MspInit
 .text.HAL_ADC_MspInit
                0x08002788       0x88 ./Core/Src/stm32l0xx_hal_msp.o
                0x08002788                HAL_ADC_MspInit
 .text.HAL_UART_MspInit
                0x08002810       0x9c ./Core/Src/stm32l0xx_hal_msp.o
                0x08002810                HAL_UART_MspInit
 .text.HAL_TIM_Base_MspInit
                0x080028ac      0x120 ./Core/Src/stm32l0xx_hal_msp.o
                0x080028ac                HAL_TIM_Base_MspInit
 .text.HAL_TIM_MspPostInit
                0x080029cc       0xc0 ./Core/Src/stm32l0xx_hal_msp.o
                0x080029cc                HAL_TIM_MspPostInit
 .text.HAL_InitTick
                0x08002a8c       0xfc ./Core/Src/stm32l0xx_hal_timebase_tim.o
                0x08002a8c                HAL_InitTick
 .text.NMI_Handler
                0x08002b88        0x8 ./Core/Src/stm32l0xx_it.o
                0x08002b88                NMI_Handler
 .text.HardFault_Handler
                0x08002b90        0x8 ./Core/Src/stm32l0xx_it.o
                0x08002b90                HardFault_Handler
 .text.EXTI2_3_IRQHandler
                0x08002b98       0x10 ./Core/Src/stm32l0xx_it.o
                0x08002b98                EXTI2_3_IRQHandler
 .text.EXTI4_15_IRQHandler
                0x08002ba8       0x10 ./Core/Src/stm32l0xx_it.o
                0x08002ba8                EXTI4_15_IRQHandler
 .text.ADC1_COMP_IRQHandler
                0x08002bb8       0x18 ./Core/Src/stm32l0xx_it.o
                0x08002bb8                ADC1_COMP_IRQHandler
 .text.TIM2_IRQHandler
                0x08002bd0       0x18 ./Core/Src/stm32l0xx_it.o
                0x08002bd0                TIM2_IRQHandler
 .text.TIM6_IRQHandler
                0x08002be8       0x18 ./Core/Src/stm32l0xx_it.o
                0x08002be8                TIM6_IRQHandler
 .text.TIM21_IRQHandler
                0x08002c00       0x18 ./Core/Src/stm32l0xx_it.o
                0x08002c00                TIM21_IRQHandler
 .text.LPUART1_IRQHandler
                0x08002c18       0x18 ./Core/Src/stm32l0xx_it.o
                0x08002c18                LPUART1_IRQHandler
 .text._sbrk    0x08002c30       0x6c ./Core/Src/sysmem.o
                0x08002c30                _sbrk
 .text.SystemInit
                0x08002c9c        0xa ./Core/Src/system_stm32l0xx.o
                0x08002c9c                SystemInit
 *fill*         0x08002ca6        0x2 
 .text.Reset_Handler
                0x08002ca8       0x50 ./Core/Startup/startup_stm32l071cbtx.o
                0x08002ca8                Reset_Handler
 .text.Default_Handler
                0x08002cf8        0x2 ./Core/Startup/startup_stm32l071cbtx.o
                0x08002cf8                PVD_IRQHandler
                0x08002cf8                I2C1_IRQHandler
                0x08002cf8                SPI1_IRQHandler
                0x08002cf8                I2C2_IRQHandler
                0x08002cf8                RTC_IRQHandler
                0x08002cf8                DMA1_Channel4_5_6_7_IRQHandler
                0x08002cf8                TIM3_IRQHandler
                0x08002cf8                RCC_IRQHandler
                0x08002cf8                DMA1_Channel1_IRQHandler
                0x08002cf8                USART4_5_IRQHandler
                0x08002cf8                Default_Handler
                0x08002cf8                TIM22_IRQHandler
                0x08002cf8                TIM7_IRQHandler
                0x08002cf8                EXTI0_1_IRQHandler
                0x08002cf8                I2C3_IRQHandler
                0x08002cf8                SPI2_IRQHandler
                0x08002cf8                WWDG_IRQHandler
                0x08002cf8                DMA1_Channel2_3_IRQHandler
                0x08002cf8                USART2_IRQHandler
                0x08002cf8                FLASH_IRQHandler
                0x08002cf8                USART1_IRQHandler
                0x08002cf8                LPTIM1_IRQHandler
 *fill*         0x08002cfa        0x2 
 .text.HAL_Init
                0x08002cfc       0x40 ./Drivers/STM32L0xx_HAL_Driver/Src/stm32l0xx_hal.o
                0x08002cfc                HAL_Init
 .text.HAL_IncTick
                0x08002d3c       0x24 ./Drivers/STM32L0xx_HAL_Driver/Src/stm32l0xx_hal.o
                0x08002d3c                HAL_IncTick
 .text.HAL_GetTick
                0x08002d60       0x14 ./Drivers/STM32L0xx_HAL_Driver/Src/stm32l0xx_hal.o
                0x08002d60                HAL_GetTick
 .text.HAL_ADC_Init
                0x08002d74      0x2e8 ./Drivers/STM32L0xx_HAL_Driver/Src/stm32l0xx_hal_adc.o
                0x08002d74                HAL_ADC_Init
 .text.HAL_ADC_GetValue
                0x0800305c       0x16 ./Drivers/STM32L0xx_HAL_Driver/Src/stm32l0xx_hal_adc.o
                0x0800305c                HAL_ADC_GetValue
 *fill*         0x08003072        0x2 
 .text.HAL_ADC_IRQHandler
                0x08003074      0x154 ./Drivers/STM32L0xx_HAL_Driver/Src/stm32l0xx_hal_adc.o
                0x08003074                HAL_ADC_IRQHandler
 .text.HAL_ADC_LevelOutOfWindowCallback
                0x080031c8       0x10 ./Drivers/STM32L0xx_HAL_Driver/Src/stm32l0xx_hal_adc.o
                0x080031c8                HAL_ADC_LevelOutOfWindowCallback
 .text.HAL_ADC_ErrorCallback
                0x080031d8       0x10 ./Drivers/STM32L0xx_HAL_Driver/Src/stm32l0xx_hal_adc.o
                0x080031d8                HAL_ADC_ErrorCallback
 .text.HAL_ADC_ConfigChannel
                0x080031e8      0x10c ./Drivers/STM32L0xx_HAL_Driver/Src/stm32l0xx_hal_adc.o
                0x080031e8                HAL_ADC_ConfigChannel
 .text.ADC_DelayMicroSecond
                0x080032f4       0x40 ./Drivers/STM32L0xx_HAL_Driver/Src/stm32l0xx_hal_adc.o
 .text.__NVIC_EnableIRQ
                0x08003334       0x34 ./Drivers/STM32L0xx_HAL_Driver/Src/stm32l0xx_hal_cortex.o
 .text.__NVIC_SetPriority
                0x08003368       0xdc ./Drivers/STM32L0xx_HAL_Driver/Src/stm32l0xx_hal_cortex.o
 .text.HAL_NVIC_SetPriority
                0x08003444       0x2a ./Drivers/STM32L0xx_HAL_Driver/Src/stm32l0xx_hal_cortex.o
                0x08003444                HAL_NVIC_SetPriority
 .text.HAL_NVIC_EnableIRQ
                0x0800346e       0x20 ./Drivers/STM32L0xx_HAL_Driver/Src/stm32l0xx_hal_cortex.o
                0x0800346e                HAL_NVIC_EnableIRQ
 .text.HAL_DMA_Abort
                0x0800348e       0x80 ./Drivers/STM32L0xx_HAL_Driver/Src/stm32l0xx_hal_dma.o
                0x0800348e                HAL_DMA_Abort
 .text.HAL_DMA_Abort_IT
                0x0800350e       0x8e ./Drivers/STM32L0xx_HAL_Driver/Src/stm32l0xx_hal_dma.o
                0x0800350e                HAL_DMA_Abort_IT
 .text.HAL_GPIO_Init
                0x0800359c      0x2fc ./Drivers/STM32L0xx_HAL_Driver/Src/stm32l0xx_hal_gpio.o
                0x0800359c                HAL_GPIO_Init
 .text.HAL_GPIO_ReadPin
                0x08003898       0x3a ./Drivers/STM32L0xx_HAL_Driver/Src/stm32l0xx_hal_gpio.o
                0x08003898                HAL_GPIO_ReadPin
 .text.HAL_GPIO_WritePin
                0x080038d2       0x3a ./Drivers/STM32L0xx_HAL_Driver/Src/stm32l0xx_hal_gpio.o
                0x080038d2                HAL_GPIO_WritePin
 .text.HAL_GPIO_EXTI_IRQHandler
                0x0800390c       0x38 ./Drivers/STM32L0xx_HAL_Driver/Src/stm32l0xx_hal_gpio.o
                0x0800390c                HAL_GPIO_EXTI_IRQHandler
 .text.HAL_RCC_OscConfig
                0x08003944      0x6f8 ./Drivers/STM32L0xx_HAL_Driver/Src/stm32l0xx_hal_rcc.o
                0x08003944                HAL_RCC_OscConfig
 .text.HAL_RCC_ClockConfig
                0x0800403c      0x290 ./Drivers/STM32L0xx_HAL_Driver/Src/stm32l0xx_hal_rcc.o
                0x0800403c                HAL_RCC_ClockConfig
 .text.HAL_RCC_GetSysClockFreq
                0x080042cc      0x10c ./Drivers/STM32L0xx_HAL_Driver/Src/stm32l0xx_hal_rcc.o
                0x080042cc                HAL_RCC_GetSysClockFreq
 .text.HAL_RCC_GetHCLKFreq
                0x080043d8       0x14 ./Drivers/STM32L0xx_HAL_Driver/Src/stm32l0xx_hal_rcc.o
                0x080043d8                HAL_RCC_GetHCLKFreq
 .text.HAL_RCC_GetPCLK1Freq
                0x080043ec       0x2c ./Drivers/STM32L0xx_HAL_Driver/Src/stm32l0xx_hal_rcc.o
                0x080043ec                HAL_RCC_GetPCLK1Freq
 .text.HAL_RCC_GetPCLK2Freq
                0x08004418       0x2c ./Drivers/STM32L0xx_HAL_Driver/Src/stm32l0xx_hal_rcc.o
                0x08004418                HAL_RCC_GetPCLK2Freq
 .text.HAL_RCC_GetClockConfig
                0x08004444       0x64 ./Drivers/STM32L0xx_HAL_Driver/Src/stm32l0xx_hal_rcc.o
                0x08004444                HAL_RCC_GetClockConfig
 .text.HAL_RCCEx_PeriphCLKConfig
                0x080044a8      0x294 ./Drivers/STM32L0xx_HAL_Driver/Src/stm32l0xx_hal_rcc_ex.o
                0x080044a8                HAL_RCCEx_PeriphCLKConfig
 .text.HAL_TIM_Base_Init
                0x0800473c       0x80 ./Drivers/STM32L0xx_HAL_Driver/Src/stm32l0xx_hal_tim.o
                0x0800473c                HAL_TIM_Base_Init
 .text.HAL_TIM_Base_Start_IT
                0x080047bc       0xa4 ./Drivers/STM32L0xx_HAL_Driver/Src/stm32l0xx_hal_tim.o
                0x080047bc                HAL_TIM_Base_Start_IT
 .text.HAL_TIM_PWM_Init
                0x08004860       0x80 ./Drivers/STM32L0xx_HAL_Driver/Src/stm32l0xx_hal_tim.o
                0x08004860                HAL_TIM_PWM_Init
 .text.HAL_TIM_PWM_MspInit
                0x080048e0       0x10 ./Drivers/STM32L0xx_HAL_Driver/Src/stm32l0xx_hal_tim.o
                0x080048e0                HAL_TIM_PWM_MspInit
 .text.HAL_TIM_IC_Init
                0x080048f0       0x80 ./Drivers/STM32L0xx_HAL_Driver/Src/stm32l0xx_hal_tim.o
                0x080048f0                HAL_TIM_IC_Init
 .text.HAL_TIM_IC_MspInit
                0x08004970       0x10 ./Drivers/STM32L0xx_HAL_Driver/Src/stm32l0xx_hal_tim.o
                0x08004970                HAL_TIM_IC_MspInit
 .text.HAL_TIM_IRQHandler
                0x08004980      0x198 ./Drivers/STM32L0xx_HAL_Driver/Src/stm32l0xx_hal_tim.o
                0x08004980                HAL_TIM_IRQHandler
 .text.HAL_TIM_IC_ConfigChannel
                0x08004b18      0x148 ./Drivers/STM32L0xx_HAL_Driver/Src/stm32l0xx_hal_tim.o
                0x08004b18                HAL_TIM_IC_ConfigChannel
 .text.HAL_TIM_PWM_ConfigChannel
                0x08004c60      0x18c ./Drivers/STM32L0xx_HAL_Driver/Src/stm32l0xx_hal_tim.o
                0x08004c60                HAL_TIM_PWM_ConfigChannel
 .text.HAL_TIM_ConfigClockSource
                0x08004dec      0x1a8 ./Drivers/STM32L0xx_HAL_Driver/Src/stm32l0xx_hal_tim.o
                0x08004dec                HAL_TIM_ConfigClockSource
 .text.HAL_TIM_SlaveConfigSynchro
                0x08004f94       0x8c ./Drivers/STM32L0xx_HAL_Driver/Src/stm32l0xx_hal_tim.o
                0x08004f94                HAL_TIM_SlaveConfigSynchro
 .text.HAL_TIM_OC_DelayElapsedCallback
                0x08005020       0x10 ./Drivers/STM32L0xx_HAL_Driver/Src/stm32l0xx_hal_tim.o
                0x08005020                HAL_TIM_OC_DelayElapsedCallback
 .text.HAL_TIM_PWM_PulseFinishedCallback
                0x08005030       0x10 ./Drivers/STM32L0xx_HAL_Driver/Src/stm32l0xx_hal_tim.o
                0x08005030                HAL_TIM_PWM_PulseFinishedCallback
 .text.HAL_TIM_TriggerCallback
                0x08005040       0x10 ./Drivers/STM32L0xx_HAL_Driver/Src/stm32l0xx_hal_tim.o
                0x08005040                HAL_TIM_TriggerCallback
 .text.TIM_Base_SetConfig
                0x08005050       0xc8 ./Drivers/STM32L0xx_HAL_Driver/Src/stm32l0xx_hal_tim.o
 .text.TIM_OC1_SetConfig
                0x08005118       0x78 ./Drivers/STM32L0xx_HAL_Driver/Src/stm32l0xx_hal_tim.o
 .text.TIM_OC2_SetConfig
                0x08005190       0x84 ./Drivers/STM32L0xx_HAL_Driver/Src/stm32l0xx_hal_tim.o
 .text.TIM_OC3_SetConfig
                0x08005214       0x80 ./Drivers/STM32L0xx_HAL_Driver/Src/stm32l0xx_hal_tim.o
 .text.TIM_OC4_SetConfig
                0x08005294       0x8c ./Drivers/STM32L0xx_HAL_Driver/Src/stm32l0xx_hal_tim.o
 .text.TIM_SlaveTimer_SetConfig
                0x08005320      0x124 ./Drivers/STM32L0xx_HAL_Driver/Src/stm32l0xx_hal_tim.o
 .text.TIM_TI1_SetConfig
                0x08005444       0xb8 ./Drivers/STM32L0xx_HAL_Driver/Src/stm32l0xx_hal_tim.o
 .text.TIM_TI1_ConfigInputStage
                0x080054fc       0x5c ./Drivers/STM32L0xx_HAL_Driver/Src/stm32l0xx_hal_tim.o
 .text.TIM_TI2_SetConfig
                0x08005558       0x84 ./Drivers/STM32L0xx_HAL_Driver/Src/stm32l0xx_hal_tim.o
 .text.TIM_TI2_ConfigInputStage
                0x080055dc       0x64 ./Drivers/STM32L0xx_HAL_Driver/Src/stm32l0xx_hal_tim.o
 .text.TIM_TI3_SetConfig
                0x08005640       0x80 ./Drivers/STM32L0xx_HAL_Driver/Src/stm32l0xx_hal_tim.o
 .text.TIM_TI4_SetConfig
                0x080056c0       0x8c ./Drivers/STM32L0xx_HAL_Driver/Src/stm32l0xx_hal_tim.o
 .text.TIM_ITRx_SetConfig
                0x0800574c       0x32 ./Drivers/STM32L0xx_HAL_Driver/Src/stm32l0xx_hal_tim.o
 *fill*         0x0800577e        0x2 
 .text.TIM_ETR_SetConfig
                0x08005780       0x40 ./Drivers/STM32L0xx_HAL_Driver/Src/stm32l0xx_hal_tim.o
 .text.HAL_TIMEx_MasterConfigSynchronization
                0x080057c0       0xbc ./Drivers/STM32L0xx_HAL_Driver/Src/stm32l0xx_hal_tim_ex.o
                0x080057c0                HAL_TIMEx_MasterConfigSynchronization
 .text.HAL_TIMEx_RemapConfig
                0x0800587c       0x3a ./Drivers/STM32L0xx_HAL_Driver/Src/stm32l0xx_hal_tim_ex.o
                0x0800587c                HAL_TIMEx_RemapConfig
 *fill*         0x080058b6        0x2 
 .text.HAL_UART_Init
                0x080058b8       0xa8 ./Drivers/STM32L0xx_HAL_Driver/Src/stm32l0xx_hal_uart.o
                0x080058b8                HAL_UART_Init
 .text.HAL_UART_Receive_IT
                0x08005960       0xbc ./Drivers/STM32L0xx_HAL_Driver/Src/stm32l0xx_hal_uart.o
                0x08005960                HAL_UART_Receive_IT
 .text.HAL_UART_IRQHandler
                0x08005a1c      0x600 ./Drivers/STM32L0xx_HAL_Driver/Src/stm32l0xx_hal_uart.o
                0x08005a1c                HAL_UART_IRQHandler
 .text.HAL_UART_TxCpltCallback
                0x0800601c       0x10 ./Drivers/STM32L0xx_HAL_Driver/Src/stm32l0xx_hal_uart.o
                0x0800601c                HAL_UART_TxCpltCallback
 .text.HAL_UART_RxCpltCallback
                0x0800602c       0x10 ./Drivers/STM32L0xx_HAL_Driver/Src/stm32l0xx_hal_uart.o
                0x0800602c                HAL_UART_RxCpltCallback
 .text.HAL_UART_ErrorCallback
                0x0800603c       0x10 ./Drivers/STM32L0xx_HAL_Driver/Src/stm32l0xx_hal_uart.o
                0x0800603c                HAL_UART_ErrorCallback
 .text.HAL_UARTEx_RxEventCallback
                0x0800604c       0x16 ./Drivers/STM32L0xx_HAL_Driver/Src/stm32l0xx_hal_uart.o
                0x0800604c                HAL_UARTEx_RxEventCallback
 *fill*         0x08006062        0x2 
 .text.UART_SetConfig
                0x08006064      0x53c ./Drivers/STM32L0xx_HAL_Driver/Src/stm32l0xx_hal_uart.o
                0x08006064                UART_SetConfig
 .text.UART_AdvFeatureConfig
                0x080065a0      0x168 ./Drivers/STM32L0xx_HAL_Driver/Src/stm32l0xx_hal_uart.o
                0x080065a0                UART_AdvFeatureConfig
 .text.UART_CheckIdleState
                0x08006708      0x150 ./Drivers/STM32L0xx_HAL_Driver/Src/stm32l0xx_hal_uart.o
                0x08006708                UART_CheckIdleState
 .text.UART_WaitOnFlagUntilTimeout
                0x08006858       0xde ./Drivers/STM32L0xx_HAL_Driver/Src/stm32l0xx_hal_uart.o
                0x08006858                UART_WaitOnFlagUntilTimeout
 *fill*         0x08006936        0x2 
 .text.UART_Start_Receive_IT
                0x08006938      0x194 ./Drivers/STM32L0xx_HAL_Driver/Src/stm32l0xx_hal_uart.o
                0x08006938                UART_Start_Receive_IT
 .text.UART_EndRxTransfer
                0x08006acc       0xc8 ./Drivers/STM32L0xx_HAL_Driver/Src/stm32l0xx_hal_uart.o
 .text.UART_DMAAbortOnError
                0x08006b94       0x26 ./Drivers/STM32L0xx_HAL_Driver/Src/stm32l0xx_hal_uart.o
 .text.UART_EndTransmit_IT
                0x08006bba       0x56 ./Drivers/STM32L0xx_HAL_Driver/Src/stm32l0xx_hal_uart.o
 .text.UART_RxISR_8BIT
                0x08006c10      0x1c4 ./Drivers/STM32L0xx_HAL_Driver/Src/stm32l0xx_hal_uart.o
 .text.UART_RxISR_16BIT
                0x08006dd4      0x1c4 ./Drivers/STM32L0xx_HAL_Driver/Src/stm32l0xx_hal_uart.o
 .text.HAL_UARTEx_WakeupCallback
                0x08006f98       0x10 ./Drivers/STM32L0xx_HAL_Driver/Src/stm32l0xx_hal_uart_ex.o
                0x08006f98                HAL_UARTEx_WakeupCallback
 .text.SVC_Setup
                0x08006fa8        0xa ./Middlewares/Third_Party/FreeRTOS/Source/CMSIS_RTOS_V2/cmsis_os2.o
 *fill*         0x08006fb2        0x2 
 .text.osKernelInitialize
                0x08006fb4       0x58 ./Middlewares/Third_Party/FreeRTOS/Source/CMSIS_RTOS_V2/cmsis_os2.o
                0x08006fb4                osKernelInitialize
 .text.osKernelStart
                0x0800700c       0x60 ./Middlewares/Third_Party/FreeRTOS/Source/CMSIS_RTOS_V2/cmsis_os2.o
                0x0800700c                osKernelStart
 .text.osThreadNew
                0x0800706c      0x148 ./Middlewares/Third_Party/FreeRTOS/Source/CMSIS_RTOS_V2/cmsis_os2.o
                0x0800706c                osThreadNew
 .text.osDelay  0x080071b4       0x50 ./Middlewares/Third_Party/FreeRTOS/Source/CMSIS_RTOS_V2/cmsis_os2.o
                0x080071b4                osDelay
 .text.vApplicationGetIdleTaskMemory
                0x08007204       0x30 ./Middlewares/Third_Party/FreeRTOS/Source/CMSIS_RTOS_V2/cmsis_os2.o
                0x08007204                vApplicationGetIdleTaskMemory
 .text.vApplicationGetTimerTaskMemory
                0x08007234       0x30 ./Middlewares/Third_Party/FreeRTOS/Source/CMSIS_RTOS_V2/cmsis_os2.o
                0x08007234                vApplicationGetTimerTaskMemory
 .text.vListInitialise
                0x08007264       0x3c ./Middlewares/Third_Party/FreeRTOS/Source/list.o
                0x08007264                vListInitialise
 .text.vListInitialiseItem
                0x080072a0       0x16 ./Middlewares/Third_Party/FreeRTOS/Source/list.o
                0x080072a0                vListInitialiseItem
 .text.vListInsertEnd
                0x080072b6       0x44 ./Middlewares/Third_Party/FreeRTOS/Source/list.o
                0x080072b6                vListInsertEnd
 .text.vListInsert
                0x080072fa       0x6c ./Middlewares/Third_Party/FreeRTOS/Source/list.o
                0x080072fa                vListInsert
 .text.uxListRemove
                0x08007366       0x50 ./Middlewares/Third_Party/FreeRTOS/Source/list.o
                0x08007366                uxListRemove
 .text.xQueueGenericReset
                0x080073b6       0xaa ./Middlewares/Third_Party/FreeRTOS/Source/queue.o
                0x080073b6                xQueueGenericReset
 .text.xQueueGenericCreateStatic
                0x08007460       0xa2 ./Middlewares/Third_Party/FreeRTOS/Source/queue.o
                0x08007460                xQueueGenericCreateStatic
 .text.xQueueGenericCreate
                0x08007502       0x72 ./Middlewares/Third_Party/FreeRTOS/Source/queue.o
                0x08007502                xQueueGenericCreate
 .text.prvInitialiseNewQueue
                0x08007574       0x4e ./Middlewares/Third_Party/FreeRTOS/Source/queue.o
 .text.xQueueGenericSend
                0x080075c2      0x190 ./Middlewares/Third_Party/FreeRTOS/Source/queue.o
                0x080075c2                xQueueGenericSend
 .text.xQueueGenericSendFromISR
                0x08007752       0xe8 ./Middlewares/Third_Party/FreeRTOS/Source/queue.o
                0x08007752                xQueueGenericSendFromISR
 .text.xQueueReceive
                0x0800783a      0x170 ./Middlewares/Third_Party/FreeRTOS/Source/queue.o
                0x0800783a                xQueueReceive
 .text.xQueueSemaphoreTake
                0x080079aa      0x1bc ./Middlewares/Third_Party/FreeRTOS/Source/queue.o
                0x080079aa                xQueueSemaphoreTake
 .text.prvGetDisinheritPriorityAfterTimeout
                0x08007b66       0x2c ./Middlewares/Third_Party/FreeRTOS/Source/queue.o
 .text.prvCopyDataToQueue
                0x08007b92       0xd6 ./Middlewares/Third_Party/FreeRTOS/Source/queue.o
 .text.prvCopyDataFromQueue
                0x08007c68       0x4c ./Middlewares/Third_Party/FreeRTOS/Source/queue.o
 .text.prvUnlockQueue
                0x08007cb4       0xbc ./Middlewares/Third_Party/FreeRTOS/Source/queue.o
 .text.prvIsQueueEmpty
                0x08007d70       0x2c ./Middlewares/Third_Party/FreeRTOS/Source/queue.o
 .text.prvIsQueueFull
                0x08007d9c       0x30 ./Middlewares/Third_Party/FreeRTOS/Source/queue.o
 .text.vQueueAddToRegistry
                0x08007dcc       0x50 ./Middlewares/Third_Party/FreeRTOS/Source/queue.o
                0x08007dcc                vQueueAddToRegistry
 .text.vQueueWaitForMessageRestricted
                0x08007e1c       0x66 ./Middlewares/Third_Party/FreeRTOS/Source/queue.o
                0x08007e1c                vQueueWaitForMessageRestricted
 .text.xTaskCreateStatic
                0x08007e82       0x8e ./Middlewares/Third_Party/FreeRTOS/Source/tasks.o
                0x08007e82                xTaskCreateStatic
 .text.xTaskCreate
                0x08007f10       0x98 ./Middlewares/Third_Party/FreeRTOS/Source/tasks.o
                0x08007f10                xTaskCreate
 .text.prvInitialiseNewTask
                0x08007fa8      0x14c ./Middlewares/Third_Party/FreeRTOS/Source/tasks.o
 .text.prvAddNewTaskToReadyList
                0x080080f4       0xd0 ./Middlewares/Third_Party/FreeRTOS/Source/tasks.o
 .text.vTaskDelete
                0x080081c4       0xc8 ./Middlewares/Third_Party/FreeRTOS/Source/tasks.o
                0x080081c4                vTaskDelete
 .text.vTaskDelayUntil
                0x0800828c       0xbc ./Middlewares/Third_Party/FreeRTOS/Source/tasks.o
                0x0800828c                vTaskDelayUntil
 .text.vTaskDelay
                0x08008348       0x4c ./Middlewares/Third_Party/FreeRTOS/Source/tasks.o
                0x08008348                vTaskDelay
 .text.vTaskSuspend
                0x08008394       0xcc ./Middlewares/Third_Party/FreeRTOS/Source/tasks.o
                0x08008394                vTaskSuspend
 .text.prvTaskIsTaskSuspended
                0x08008460       0x50 ./Middlewares/Third_Party/FreeRTOS/Source/tasks.o
 .text.vTaskResume
                0x080084b0       0x9c ./Middlewares/Third_Party/FreeRTOS/Source/tasks.o
                0x080084b0                vTaskResume
 .text.vTaskStartScheduler
                0x0800854c       0xc0 ./Middlewares/Third_Party/FreeRTOS/Source/tasks.o
                0x0800854c                vTaskStartScheduler
 .text.vTaskSuspendAll
                0x0800860c       0x18 ./Middlewares/Third_Party/FreeRTOS/Source/tasks.o
                0x0800860c                vTaskSuspendAll
 .text.prvGetExpectedIdleTime
                0x08008624       0x6c ./Middlewares/Third_Party/FreeRTOS/Source/tasks.o
 .text.xTaskResumeAll
                0x08008690      0x118 ./Middlewares/Third_Party/FreeRTOS/Source/tasks.o
                0x08008690                xTaskResumeAll
 .text.xTaskGetTickCount
                0x080087a8       0x1c ./Middlewares/Third_Party/FreeRTOS/Source/tasks.o
                0x080087a8                xTaskGetTickCount
 .text.vTaskStepTick
                0x080087c4       0x3c ./Middlewares/Third_Party/FreeRTOS/Source/tasks.o
                0x080087c4                vTaskStepTick
 .text.xTaskIncrementTick
                0x08008800      0x160 ./Middlewares/Third_Party/FreeRTOS/Source/tasks.o
                0x08008800                xTaskIncrementTick
 .text.vTaskSwitchContext
                0x08008960       0xb4 ./Middlewares/Third_Party/FreeRTOS/Source/tasks.o
                0x08008960                vTaskSwitchContext
 .text.vTaskPlaceOnEventList
                0x08008a14       0x40 ./Middlewares/Third_Party/FreeRTOS/Source/tasks.o
                0x08008a14                vTaskPlaceOnEventList
 .text.vTaskPlaceOnEventListRestricted
                0x08008a54       0x50 ./Middlewares/Third_Party/FreeRTOS/Source/tasks.o
                0x08008a54                vTaskPlaceOnEventListRestricted
 .text.xTaskRemoveFromEventList
                0x08008aa4       0xc0 ./Middlewares/Third_Party/FreeRTOS/Source/tasks.o
                0x08008aa4                xTaskRemoveFromEventList
 .text.vTaskInternalSetTimeOutState
                0x08008b64       0x28 ./Middlewares/Third_Party/FreeRTOS/Source/tasks.o
                0x08008b64                vTaskInternalSetTimeOutState
 .text.xTaskCheckForTimeOut
                0x08008b8c       0xc4 ./Middlewares/Third_Party/FreeRTOS/Source/tasks.o
                0x08008b8c                xTaskCheckForTimeOut
 .text.vTaskMissedYield
                0x08008c50       0x14 ./Middlewares/Third_Party/FreeRTOS/Source/tasks.o
                0x08008c50                vTaskMissedYield
 .text.prvIdleTask
                0x08008c64       0x64 ./Middlewares/Third_Party/FreeRTOS/Source/tasks.o
 .text.eTaskConfirmSleepModeStatus
                0x08008cc8       0x64 ./Middlewares/Third_Party/FreeRTOS/Source/tasks.o
                0x08008cc8                eTaskConfirmSleepModeStatus
 .text.prvInitialiseTaskLists
                0x08008d2c       0x88 ./Middlewares/Third_Party/FreeRTOS/Source/tasks.o
 .text.prvCheckTasksWaitingTermination
                0x08008db4       0x5c ./Middlewares/Third_Party/FreeRTOS/Source/tasks.o
 .text.prvDeleteTCB
                0x08008e10       0x5c ./Middlewares/Third_Party/FreeRTOS/Source/tasks.o
 .text.prvResetNextTaskUnblockTime
                0x08008e6c       0x3c ./Middlewares/Third_Party/FreeRTOS/Source/tasks.o
 .text.xTaskGetSchedulerState
                0x08008ea8       0x38 ./Middlewares/Third_Party/FreeRTOS/Source/tasks.o
                0x08008ea8                xTaskGetSchedulerState
 .text.xTaskPriorityInherit
                0x08008ee0       0xd0 ./Middlewares/Third_Party/FreeRTOS/Source/tasks.o
                0x08008ee0                xTaskPriorityInherit
 .text.xTaskPriorityDisinherit
                0x08008fb0       0xbc ./Middlewares/Third_Party/FreeRTOS/Source/tasks.o
                0x08008fb0                xTaskPriorityDisinherit
 .text.vTaskPriorityDisinheritAfterTimeout
                0x0800906c       0xe4 ./Middlewares/Third_Party/FreeRTOS/Source/tasks.o
                0x0800906c                vTaskPriorityDisinheritAfterTimeout
 .text.pvTaskIncrementMutexHeldCount
                0x08009150       0x24 ./Middlewares/Third_Party/FreeRTOS/Source/tasks.o
                0x08009150                pvTaskIncrementMutexHeldCount
 .text.vTaskNotifyGiveFromISR
                0x08009174       0xf8 ./Middlewares/Third_Party/FreeRTOS/Source/tasks.o
                0x08009174                vTaskNotifyGiveFromISR
 .text.prvAddCurrentTaskToDelayedList
                0x0800926c       0xb4 ./Middlewares/Third_Party/FreeRTOS/Source/tasks.o
 .text.xTimerCreateTimerTask
                0x08009320       0x80 ./Middlewares/Third_Party/FreeRTOS/Source/timers.o
                0x08009320                xTimerCreateTimerTask
 .text.xTimerCreateStatic
                0x080093a0       0x5e ./Middlewares/Third_Party/FreeRTOS/Source/timers.o
                0x080093a0                xTimerCreateStatic
 .text.prvInitialiseNewTimer
                0x080093fe       0x66 ./Middlewares/Third_Party/FreeRTOS/Source/timers.o
 .text.xTimerGenericCommand
                0x08009464       0x98 ./Middlewares/Third_Party/FreeRTOS/Source/timers.o
                0x08009464                xTimerGenericCommand
 .text.prvProcessExpiredTimer
                0x080094fc       0x8c ./Middlewares/Third_Party/FreeRTOS/Source/timers.o
 .text.prvTimerTask
                0x08009588       0x2a ./Middlewares/Third_Party/FreeRTOS/Source/timers.o
 *fill*         0x080095b2        0x2 
 .text.prvProcessTimerOrBlockTask
                0x080095b4       0x90 ./Middlewares/Third_Party/FreeRTOS/Source/timers.o
 .text.prvGetNextExpireTime
                0x08009644       0x44 ./Middlewares/Third_Party/FreeRTOS/Source/timers.o
 .text.prvSampleTimeNow
                0x08009688       0x40 ./Middlewares/Third_Party/FreeRTOS/Source/timers.o
 .text.prvInsertTimerInActiveList
                0x080096c8       0x84 ./Middlewares/Third_Party/FreeRTOS/Source/timers.o
 .text.prvProcessReceivedCommands
                0x0800974c      0x194 ./Middlewares/Third_Party/FreeRTOS/Source/timers.o
 .text.prvSwitchTimerLists
                0x080098e0       0xbc ./Middlewares/Third_Party/FreeRTOS/Source/timers.o
 .text.prvCheckForValidListAndQueue
                0x0800999c       0x84 ./Middlewares/Third_Party/FreeRTOS/Source/timers.o
 .text.pvTimerGetTimerID
                0x08009a20       0x30 ./Middlewares/Third_Party/FreeRTOS/Source/timers.o
                0x08009a20                pvTimerGetTimerID
 .text.pxPortInitialiseStack
                0x08009a50       0x54 ./Middlewares/Third_Party/FreeRTOS/Source/portable/GCC/ARM_CM0/port.o
                0x08009a50                pxPortInitialiseStack
 .text.prvTaskExitError
                0x08009aa4       0x30 ./Middlewares/Third_Party/FreeRTOS/Source/portable/GCC/ARM_CM0/port.o
 .text.SVC_Handler
                0x08009ad4        0xa ./Middlewares/Third_Party/FreeRTOS/Source/portable/GCC/ARM_CM0/port.o
                0x08009ad4                SVC_Handler
 *fill*         0x08009ade        0x2 
 .text.vPortStartFirstTask
                0x08009ae0       0x38 ./Middlewares/Third_Party/FreeRTOS/Source/portable/GCC/ARM_CM0/port.o
 .text.xPortStartScheduler
                0x08009b18       0x48 ./Middlewares/Third_Party/FreeRTOS/Source/portable/GCC/ARM_CM0/port.o
                0x08009b18                xPortStartScheduler
 .text.vPortYield
                0x08009b60       0x20 ./Middlewares/Third_Party/FreeRTOS/Source/portable/GCC/ARM_CM0/port.o
                0x08009b60                vPortYield
 .text.vPortEnterCritical
                0x08009b80       0x24 ./Middlewares/Third_Party/FreeRTOS/Source/portable/GCC/ARM_CM0/port.o
                0x08009b80                vPortEnterCritical
 .text.vPortExitCritical
                0x08009ba4       0x30 ./Middlewares/Third_Party/FreeRTOS/Source/portable/GCC/ARM_CM0/port.o
                0x08009ba4                vPortExitCritical
 .text.ulSetInterruptMaskFromISR
                0x08009bd4        0xc ./Middlewares/Third_Party/FreeRTOS/Source/portable/GCC/ARM_CM0/port.o
                0x08009bd4                ulSetInterruptMaskFromISR
 .text.vClearInterruptMaskFromISR
                0x08009be0        0x8 ./Middlewares/Third_Party/FreeRTOS/Source/portable/GCC/ARM_CM0/port.o
                0x08009be0                vClearInterruptMaskFromISR
 *fill*         0x08009be8        0x8 
 .text.PendSV_Handler
                0x08009bf0       0x48 ./Middlewares/Third_Party/FreeRTOS/Source/portable/GCC/ARM_CM0/port.o
                0x08009bf0                PendSV_Handler
 .text.SysTick_Handler
                0x08009c38       0x34 ./Middlewares/Third_Party/FreeRTOS/Source/portable/GCC/ARM_CM0/port.o
                0x08009c38                SysTick_Handler
 .text.vPortSuppressTicksAndSleep
                0x08009c6c      0x18c ./Middlewares/Third_Party/FreeRTOS/Source/portable/GCC/ARM_CM0/port.o
                0x08009c6c                vPortSuppressTicksAndSleep
 .text.prvSetupTimerInterrupt
                0x08009df8       0x84 ./Middlewares/Third_Party/FreeRTOS/Source/portable/GCC/ARM_CM0/port.o
 .text.pvPortMalloc
                0x08009e7c      0x150 ./Middlewares/Third_Party/FreeRTOS/Source/portable/MemMang/heap_4.o
                0x08009e7c                pvPortMalloc
 .text.vPortFree
                0x08009fcc       0x94 ./Middlewares/Third_Party/FreeRTOS/Source/portable/MemMang/heap_4.o
                0x08009fcc                vPortFree
 .text.prvHeapInit
                0x0800a060       0xc0 ./Middlewares/Third_Party/FreeRTOS/Source/portable/MemMang/heap_4.o
 .text.prvInsertBlockIntoFreeList
                0x0800a120       0xb0 ./Middlewares/Third_Party/FreeRTOS/Source/portable/MemMang/heap_4.o
 .text.__cxa_guard_acquire
                0x0800a1d0       0x1a C:/ST/STM32CubeIDE_2.1.1/STM32CubeIDE/plugins/com.st.stm32cube.ide.mcu.externaltools.gnu-tools-for-stm32.14.3.rel1.win32_1.0.100.202602081740/tools/bin/../lib/gcc/arm-none-eabi/14.3.1/../../../../arm-none-eabi/lib/thumb/v6-m/nofp\libstdc++_nano.a(guard.o)
                0x0800a1d0                __cxa_guard_acquire
 .text.__cxa_guard_release
                0x0800a1ea        0x6 C:/ST/STM32CubeIDE_2.1.1/STM32CubeIDE/plugins/com.st.stm32cube.ide.mcu.externaltools.gnu-tools-for-stm32.14.3.rel1.win32_1.0.100.202602081740/tools/bin/../lib/gcc/arm-none-eabi/14.3.1/../../../../arm-none-eabi/lib/thumb/v6-m/nofp\libstdc++_nano.a(guard.o)
                0x0800a1ea                __cxa_guard_release
 .text.malloc   0x0800a1f0       0x14 C:/ST/STM32CubeIDE_2.1.1/STM32CubeIDE/plugins/com.st.stm32cube.ide.mcu.externaltools.gnu-tools-for-stm32.14.3.rel1.win32_1.0.100.202602081740/tools/bin/../lib/gcc/arm-none-eabi/14.3.1/../../../../arm-none-eabi/lib/thumb/v6-m/nofp\libc_nano.a(libc_a-malloc.o)
                0x0800a1f0                malloc
 .text.free     0x0800a204       0x14 C:/ST/STM32CubeIDE_2.1.1/STM32CubeIDE/plugins/com.st.stm32cube.ide.mcu.externaltools.gnu-tools-for-stm32.14.3.rel1.win32_1.0.100.202602081740/tools/bin/../lib/gcc/arm-none-eabi/14.3.1/../../../../arm-none-eabi/lib/thumb/v6-m/nofp\libc_nano.a(libc_a-malloc.o)
                0x0800a204                free
 .text.sbrk_aligned
                0x0800a218       0x44 C:/ST/STM32CubeIDE_2.1.1/STM32CubeIDE/plugins/com.st.stm32cube.ide.mcu.externaltools.gnu-tools-for-stm32.14.3.rel1.win32_1.0.100.202602081740/tools/bin/../lib/gcc/arm-none-eabi/14.3.1/../../../../arm-none-eabi/lib/thumb/v6-m/nofp\libc_nano.a(libc_a-mallocr.o)
 .text._malloc_r
                0x0800a25c      0x100 C:/ST/STM32CubeIDE_2.1.1/STM32CubeIDE/plugins/com.st.stm32cube.ide.mcu.externaltools.gnu-tools-for-stm32.14.3.rel1.win32_1.0.100.202602081740/tools/bin/../lib/gcc/arm-none-eabi/14.3.1/../../../../arm-none-eabi/lib/thumb/v6-m/nofp\libc_nano.a(libc_a-mallocr.o)
                0x0800a25c                _malloc_r
 .text.__malloc_lock
                0x0800a35c       0x10 C:/ST/STM32CubeIDE_2.1.1/STM32CubeIDE/plugins/com.st.stm32cube.ide.mcu.externaltools.gnu-tools-for-stm32.14.3.rel1.win32_1.0.100.202602081740/tools/bin/../lib/gcc/arm-none-eabi/14.3.1/../../../../arm-none-eabi/lib/thumb/v6-m/nofp\libc_nano.a(libc_a-mlock.o)
                0x0800a35c                __malloc_lock
 .text.__malloc_unlock
                0x0800a36c       0x10 C:/ST/STM32CubeIDE_2.1.1/STM32CubeIDE/plugins/com.st.stm32cube.ide.mcu.externaltools.gnu-tools-for-stm32.14.3.rel1.win32_1.0.100.202602081740/tools/bin/../lib/gcc/arm-none-eabi/14.3.1/../../../../arm-none-eabi/lib/thumb/v6-m/nofp\libc_nano.a(libc_a-mlock.o)
                0x0800a36c                __malloc_unlock
 .text.memset   0x0800a37c       0x10 C:/ST/STM32CubeIDE_2.1.1/STM32CubeIDE/plugins/com.st.stm32cube.ide.mcu.externaltools.gnu-tools-for-stm32.14.3.rel1.win32_1.0.100.202602081740/tools/bin/../lib/gcc/arm-none-eabi/14.3.1/../../../../arm-none-eabi/lib/thumb/v6-m/nofp\libc_nano.a(libc_a-memset.o)
                0x0800a37c                memset
 .text.strncpy  0x0800a38c       0x28 C:/ST/STM32CubeIDE_2.1.1/STM32CubeIDE/plugins/com.st.stm32cube.ide.mcu.externaltools.gnu-tools-for-stm32.14.3.rel1.win32_1.0.100.202602081740/tools/bin/../lib/gcc/arm-none-eabi/14.3.1/../../../../arm-none-eabi/lib/thumb/v6-m/nofp\libc_nano.a(libc_a-strncpy.o)
                0x0800a38c                strncpy
 .text._reclaim_reent
                0x0800a3b4       0xd4 C:/ST/STM32CubeIDE_2.1.1/STM32CubeIDE/plugins/com.st.stm32cube.ide.mcu.externaltools.gnu-tools-for-stm32.14.3.rel1.win32_1.0.100.202602081740/tools/bin/../lib/gcc/arm-none-eabi/14.3.1/../../../../arm-none-eabi/lib/thumb/v6-m/nofp\libc_nano.a(libc_a-reent.o)
                0x0800a3b4                _reclaim_reent
 .text._sbrk_r  0x0800a488       0x24 C:/ST/STM32CubeIDE_2.1.1/STM32CubeIDE/plugins/com.st.stm32cube.ide.mcu.externaltools.gnu-tools-for-stm32.14.3.rel1.win32_1.0.100.202602081740/tools/bin/../lib/gcc/arm-none-eabi/14.3.1/../../../../arm-none-eabi/lib/thumb/v6-m/nofp\libc_nano.a(libc_a-sbrkr.o)
                0x0800a488                _sbrk_r
 .text.__errno  0x0800a4ac        0xc C:/ST/STM32CubeIDE_2.1.1/STM32CubeIDE/plugins/com.st.stm32cube.ide.mcu.externaltools.gnu-tools-for-stm32.14.3.rel1.win32_1.0.100.202602081740/tools/bin/../lib/gcc/arm-none-eabi/14.3.1/../../../../arm-none-eabi/lib/thumb/v6-m/nofp\libc_nano.a(libc_a-errno.o)
                0x0800a4ac                __errno
 .text.__libc_init_array
                0x0800a4b8       0x48 C:/ST/STM32CubeIDE_2.1.1/STM32CubeIDE/plugins/com.st.stm32cube.ide.mcu.externaltools.gnu-tools-for-stm32.14.3.rel1.win32_1.0.100.202602081740/tools/bin/../lib/gcc/arm-none-eabi/14.3.1/../../../../arm-none-eabi/lib/thumb/v6-m/nofp\libc_nano.a(libc_a-init.o)
                0x0800a4b8                __libc_init_array
 .text.__retarget_lock_acquire_recursive
                0x0800a500        0x2 C:/ST/STM32CubeIDE_2.1.1/STM32CubeIDE/plugins/com.st.stm32cube.ide.mcu.externaltools.gnu-tools-for-stm32.14.3.rel1.win32_1.0.100.202602081740/tools/bin/../lib/gcc/arm-none-eabi/14.3.1/../../../../arm-none-eabi/lib/thumb/v6-m/nofp\libc_nano.a(libc_a-lock.o)
                0x0800a500                __retarget_lock_acquire_recursive
 .text.__retarget_lock_release_recursive
                0x0800a502        0x2 C:/ST/STM32CubeIDE_2.1.1/STM32CubeIDE/plugins/com.st.stm32cube.ide.mcu.externaltools.gnu-tools-for-stm32.14.3.rel1.win32_1.0.100.202602081740/tools/bin/../lib/gcc/arm-none-eabi/14.3.1/../../../../arm-none-eabi/lib/thumb/v6-m/nofp\libc_nano.a(libc_a-lock.o)
                0x0800a502                __retarget_lock_release_recursive
 .text.memcpy   0x0800a504       0x12 C:/ST/STM32CubeIDE_2.1.1/STM32CubeIDE/plugins/com.st.stm32cube.ide.mcu.externaltools.gnu-tools-for-stm32.14.3.rel1.win32_1.0.100.202602081740/tools/bin/../lib/gcc/arm-none-eabi/14.3.1/../../../../arm-none-eabi/lib/thumb/v6-m/nofp\libc_nano.a(libc_a-memcpy-stub.o)
                0x0800a504                memcpy
 *fill*         0x0800a516        0x2 
 .text._free_r  0x0800a518       0x94 C:/ST/STM32CubeIDE_2.1.1/STM32CubeIDE/plugins/com.st.stm32cube.ide.mcu.externaltools.gnu-tools-for-stm32.14.3.rel1.win32_1.0.100.202602081740/tools/bin/../lib/gcc/arm-none-eabi/14.3.1/../../../../arm-none-eabi/lib/thumb/v6-m/nofp\libc_nano.a(libc_a-freer.o)
                0x0800a518                _free_r
 *(.glue_7)
 .glue_7        0x0800a5ac        0x0 linker stubs
 *(.glue_7t)
 .glue_7t       0x0800a5ac        0x0 linker stubs
 *(.eh_frame)
 .eh_frame      0x0800a5ac        0x0 C:/ST/STM32CubeIDE_2.1.1/STM32CubeIDE/plugins/com.st.stm32cube.ide.mcu.externaltools.gnu-tools-for-stm32.14.3.rel1.win32_1.0.100.202602081740/tools/bin/../lib/gcc/arm-none-eabi/14.3.1/thumb/v6-m/nofp/crtbegin.o
 *(.init)
 .init          0x0800a5ac        0x4 C:/ST/STM32CubeIDE_2.1.1/STM32CubeIDE/plugins/com.st.stm32cube.ide.mcu.externaltools.gnu-tools-for-stm32.14.3.rel1.win32_1.0.100.202602081740/tools/bin/../lib/gcc/arm-none-eabi/14.3.1/thumb/v6-m/nofp/crti.o
                0x0800a5ac                _init
 .init          0x0800a5b0        0x8 C:/ST/STM32CubeIDE_2.1.1/STM32CubeIDE/plugins/com.st.stm32cube.ide.mcu.externaltools.gnu-tools-for-stm32.14.3.rel1.win32_1.0.100.202602081740/tools/bin/../lib/gcc/arm-none-eabi/14.3.1/thumb/v6-m/nofp/crtn.o
 *(.fini)
 .fini          0x0800a5b8        0x4 C:/ST/STM32CubeIDE_2.1.1/STM32CubeIDE/plugins/com.st.stm32cube.ide.mcu.externaltools.gnu-tools-for-stm32.14.3.rel1.win32_1.0.100.202602081740/tools/bin/../lib/gcc/arm-none-eabi/14.3.1/thumb/v6-m/nofp/crti.o
                0x0800a5b8                _fini
 .fini          0x0800a5bc        0x8 C:/ST/STM32CubeIDE_2.1.1/STM32CubeIDE/plugins/com.st.stm32cube.ide.mcu.externaltools.gnu-tools-for-stm32.14.3.rel1.win32_1.0.100.202602081740/tools/bin/../lib/gcc/arm-none-eabi/14.3.1/thumb/v6-m/nofp/crtn.o
                0x0800a5c4                        . = ALIGN (0x4)
                0x0800a5c4                        _etext = .

.vfp11_veneer   0x0800a5c4        0x0
 .vfp11_veneer  0x0800a5c4        0x0 linker stubs

.v4_bx          0x0800a5c4        0x0
 .v4_bx         0x0800a5c4        0x0 linker stubs

.iplt           0x0800a5c4        0x0
 .iplt          0x0800a5c4        0x0 C:/ST/STM32CubeIDE_2.1.1/STM32CubeIDE/plugins/com.st.stm32cube.ide.mcu.externaltools.gnu-tools-for-stm32.14.3.rel1.win32_1.0.100.202602081740/tools/bin/../lib/gcc/arm-none-eabi/14.3.1/thumb/v6-m/nofp/crtbegin.o

.rodata         0x0800a5c4      0x35c
                0x0800a5c4                        . = ALIGN (0x4)
 *(.rodata)
 .rodata        0x0800a5c4       0x1f ./Application/Motors.o
 *fill*         0x0800a5e3        0x1 
 .rodata        0x0800a5e4       0x23 ./Application/application.o
 *fill*         0x0800a607        0x1 
 .rodata        0x0800a608       0x1c ./Application/leds.o
 .rodata        0x0800a624       0x41 ./Application/messages.o
 *fill*         0x0800a665        0x3 
 .rodata        0x0800a668       0x28 ./Application/xbee.o
 .rodata        0x0800a690        0xc ./Core/Src/main.o
 .rodata        0x0800a69c        0x5 ./Middlewares/Third_Party/FreeRTOS/Source/tasks.o
 *fill*         0x0800a6a1        0x3 
 .rodata        0x0800a6a4        0xd ./Middlewares/Third_Party/FreeRTOS/Source/timers.o
 *(.rodata*)
 *fill*         0x0800a6b1        0x3 
 .rodata._ZL16correctionPoints
                0x0800a6b4       0x40 ./Application/Motors.o
 .rodata._ZN4Leds13LEDS_PatternsE
                0x0800a6f4      0x128 ./Application/leds.o
                0x0800a6f4                Leds::LEDS_Patterns
 .rodata._ZN4Leds17LEDS_ActionThreadEv
                0x0800a81c       0x4c ./Application/leds.o
 .rodata.defaultTask_attributes
                0x0800a868       0x24 ./Core/Src/main.o
                0x0800a868                defaultTask_attributes
 .rodata.AHBPrescTable
                0x0800a88c       0x10 ./Core/Src/system_stm32l0xx.o
                0x0800a88c                AHBPrescTable
 .rodata.APBPrescTable
                0x0800a89c        0x8 ./Core/Src/system_stm32l0xx.o
                0x0800a89c                APBPrescTable
 .rodata.PLLMulTable
                0x0800a8a4        0x9 ./Core/Src/system_stm32l0xx.o
                0x0800a8a4                PLLMulTable
 *fill*         0x0800a8ad        0x3 
 .rodata.UART_SetConfig
                0x0800a8b0       0x48 ./Drivers/STM32L0xx_HAL_Driver/Src/stm32l0xx_hal_uart.o
 .rodata.prvProcessReceivedCommands
                0x0800a8f8       0x28 ./Middlewares/Third_Party/FreeRTOS/Source/timers.o
                0x0800a920                        . = ALIGN (0x4)

.ARM.extab      0x0800a920        0x0
                0x0800a920                        . = ALIGN (0x4)
 *(.ARM.extab* .gnu.linkonce.armextab.*)
                0x0800a920                        . = ALIGN (0x4)

.ARM            0x0800a920        0x8
                0x0800a920                        . = ALIGN (0x4)
                0x0800a920                        __exidx_start = .
 *(.ARM.exidx*)
 .ARM.exidx     0x0800a920        0x8 C:/ST/STM32CubeIDE_2.1.1/STM32CubeIDE/plugins/com.st.stm32cube.ide.mcu.externaltools.gnu-tools-for-stm32.14.3.rel1.win32_1.0.100.202602081740/tools/bin/../lib/gcc/arm-none-eabi/14.3.1/thumb/v6-m/nofp\libgcc.a(_udivmoddi4.o)
                0x0800a928                        __exidx_end = .
                0x0800a928                        . = ALIGN (0x4)

.preinit_array  0x0800a928        0x0
                0x0800a928                        . = ALIGN (0x4)
                0x0800a928                        PROVIDE (__preinit_array_start = .)
 *(.preinit_array*)
                0x0800a928                        PROVIDE (__preinit_array_end = .)
                0x0800a928                        . = ALIGN (0x4)

.init_array     0x0800a928        0x4
                0x0800a928                        . = ALIGN (0x4)
                0x0800a928                        PROVIDE (__init_array_start = .)
 *(SORT_BY_NAME(.init_array.*))
 *(.init_array*)
 .init_array    0x0800a928        0x4 C:/ST/STM32CubeIDE_2.1.1/STM32CubeIDE/plugins/com.st.stm32cube.ide.mcu.externaltools.gnu-tools-for-stm32.14.3.rel1.win32_1.0.100.202602081740/tools/bin/../lib/gcc/arm-none-eabi/14.3.1/thumb/v6-m/nofp/crtbegin.o
                0x0800a92c                        PROVIDE (__init_array_end = .)
                0x0800a92c                        . = ALIGN (0x4)

.fini_array     0x0800a92c        0x4
                0x0800a92c                        . = ALIGN (0x4)
                [!provide]                        PROVIDE (__fini_array_start = .)
 *(SORT_BY_NAME(.fini_array.*))
 *(.fini_array*)
 .fini_array    0x0800a92c        0x4 C:/ST/STM32CubeIDE_2.1.1/STM32CubeIDE/plugins/com.st.stm32cube.ide.mcu.externaltools.gnu-tools-for-stm32.14.3.rel1.win32_1.0.100.202602081740/tools/bin/../lib/gcc/arm-none-eabi/14.3.1/thumb/v6-m/nofp/crtbegin.o
                [!provide]                        PROVIDE (__fini_array_end = .)
                0x0800a930                        . = ALIGN (0x4)
                0x0800a930                        _sidata = LOADADDR (.data)

.rel.dyn        0x0800a930        0x0
 .rel.iplt      0x0800a930        0x0 C:/ST/STM32CubeIDE_2.1.1/STM32CubeIDE/plugins/com.st.stm32cube.ide.mcu.externaltools.gnu-tools-for-stm32.14.3.rel1.win32_1.0.100.202602081740/tools/bin/../lib/gcc/arm-none-eabi/14.3.1/thumb/v6-m/nofp/crtbegin.o

.data           0x20000000       0x64 load address 0x0800a930
                0x20000000                        . = ALIGN (0x4)
                0x20000000                        _sdata = .
 *(.data)
 *(.data*)
 .data._ZN7Battery16buttonInactivityE
                0x20000000        0x1 ./Application/battery_version4.o
                0x20000000                Battery::buttonInactivity
 *fill*         0x20000001        0x3 
 .data.SystemCoreClock
                0x20000004        0x4 ./Core/Src/system_stm32l0xx.o
                0x20000004                SystemCoreClock
 .data.uwTickPrio
                0x20000008        0x4 ./Drivers/STM32L0xx_HAL_Driver/Src/stm32l0xx_hal.o
                0x20000008                uwTickPrio
 .data.uwTickFreq
                0x2000000c        0x1 ./Drivers/STM32L0xx_HAL_Driver/Src/stm32l0xx_hal.o
                0x2000000c                uwTickFreq
 *fill*         0x2000000d        0x3 
 .data.uxCriticalNesting
                0x20000010        0x4 ./Middlewares/Third_Party/FreeRTOS/Source/portable/GCC/ARM_CM0/port.o
 .data._impure_ptr
                0x20000014        0x4 C:/ST/STM32CubeIDE_2.1.1/STM32CubeIDE/plugins/com.st.stm32cube.ide.mcu.externaltools.gnu-tools-for-stm32.14.3.rel1.win32_1.0.100.202602081740/tools/bin/../lib/gcc/arm-none-eabi/14.3.1/../../../../arm-none-eabi/lib/thumb/v6-m/nofp\libc_nano.a(libc_a-impure.o)
                0x20000014                _impure_ptr
 .data._impure_data
                0x20000018       0x4c C:/ST/STM32CubeIDE_2.1.1/STM32CubeIDE/plugins/com.st.stm32cube.ide.mcu.externaltools.gnu-tools-for-stm32.14.3.rel1.win32_1.0.100.202602081740/tools/bin/../lib/gcc/arm-none-eabi/14.3.1/../../../../arm-none-eabi/lib/thumb/v6-m/nofp\libc_nano.a(libc_a-impure.o)
                0x20000018                _impure_data
 *(.RamFunc)
 *(.RamFunc*)
                0x20000064                        . = ALIGN (0x4)
                0x20000064                        _edata = .

.igot.plt       0x20000064        0x0 load address 0x0800a994
 .igot.plt      0x20000064        0x0 C:/ST/STM32CubeIDE_2.1.1/STM32CubeIDE/plugins/com.st.stm32cube.ide.mcu.externaltools.gnu-tools-for-stm32.14.3.rel1.win32_1.0.100.202602081740/tools/bin/../lib/gcc/arm-none-eabi/14.3.1/thumb/v6-m/nofp/crtbegin.o
                0x20000064                        . = ALIGN (0x4)

.bss            0x20000064     0x281c load address 0x0800a994
                0x20000064                        _sbss = .
                0x20000064                        __bss_start__ = _sbss
 *(.bss)
 .bss           0x20000064       0x1c C:/ST/STM32CubeIDE_2.1.1/STM32CubeIDE/plugins/com.st.stm32cube.ide.mcu.externaltools.gnu-tools-for-stm32.14.3.rel1.win32_1.0.100.202602081740/tools/bin/../lib/gcc/arm-none-eabi/14.3.1/thumb/v6-m/nofp/crtbegin.o
 *(.bss*)
 .bss._ZN6Motors14leftMotorStateE
                0x20000080        0xa ./Application/Motors.o
                0x20000080                Motors::leftMotorState
 *fill*         0x2000008a        0x2 
 .bss._ZN6Motors15rightMotorStateE
                0x2000008c        0xa ./Application/Motors.o
                0x2000008c                Motors::rightMotorState
 *fill*         0x20000096        0x2 
 .bss._ZN6Motors9diffStateE
                0x20000098       0x10 ./Application/Motors.o
                0x20000098                Motors::diffState
 .bss.xTaskMotors
                0x200000a8       0xb4 ./Application/Motors.o
                0x200000a8                xTaskMotors
 .bss.xStackMotors
                0x2000015c      0x180 ./Application/Motors.o
                0x2000015c                xStackMotors
 .bss.xHandleMotors
                0x200002dc        0x4 ./Application/Motors.o
                0x200002dc                xHandleMotors
 .bss.xTaskMotorsControl
                0x200002e0       0xb4 ./Application/Motors.o
                0x200002e0                xTaskMotorsControl
 .bss.xStackMotorsControl
                0x20000394      0x180 ./Application/Motors.o
                0x20000394                xStackMotorsControl
 .bss.xHandleMotorsControl
                0x20000514        0x4 ./Application/Motors.o
                0x20000514                xHandleMotorsControl
 .bss._ZZN11Application8InstanceEvE8instance
                0x20000518      0xe18 ./Application/app_main.o
                0x20000518                Application::Instance()::instance
 .bss._ZGVZN11Application8InstanceEvE8instance
                0x20001330        0x4 ./Application/app_main.o
                0x20001330                guard variable for Application::Instance()::instance
 .bss._ZN7Battery14adcWaitingTaskE
                0x20001334        0x4 ./Application/battery_version4.o
                0x20001334                Battery::adcWaitingTask
 .bss._ZN7Battery11adcRawValueE
                0x20001338        0x2 ./Application/battery_version4.o
                0x20001338                Battery::adcRawValue
 *fill*         0x2000133a        0x2 
 .bss.LEDS_Mailbox
                0x2000133c        0x4 ./Application/messages.o
                0x2000133c                LEDS_Mailbox
 .bss.MOTORS_Mailbox
                0x20001340        0x4 ./Application/messages.o
                0x20001340                MOTORS_Mailbox
 .bss.APPLICATION_Mailbox
                0x20001344        0x4 ./Application/messages.o
                0x20001344                APPLICATION_Mailbox
 .bss.XBEE_Mailbox
                0x20001348        0x4 ./Application/messages.o
                0x20001348                XBEE_Mailbox
 .bss.hadc      0x2000134c       0x5c ./Core/Src/main.o
                0x2000134c                hadc
 .bss.hlpuart1  0x200013a8       0x88 ./Core/Src/main.o
                0x200013a8                hlpuart1
 .bss.htim2     0x20001430       0x40 ./Core/Src/main.o
                0x20001430                htim2
 .bss.htim3     0x20001470       0x40 ./Core/Src/main.o
                0x20001470                htim3
 .bss.htim21    0x200014b0       0x40 ./Core/Src/main.o
                0x200014b0                htim21
 .bss.defaultTaskHandle
                0x200014f0        0x4 ./Core/Src/main.o
                0x200014f0                defaultTaskHandle
 .bss.htim6     0x200014f4       0x40 ./Core/Src/stm32l0xx_hal_timebase_tim.o
                0x200014f4                htim6
 .bss.__sbrk_heap_end
                0x20001534        0x4 ./Core/Src/sysmem.o
 .bss.uwTick    0x20001538        0x4 ./Drivers/STM32L0xx_HAL_Driver/Src/stm32l0xx_hal.o
                0x20001538                uwTick
 .bss.KernelState
                0x2000153c        0x4 ./Middlewares/Third_Party/FreeRTOS/Source/CMSIS_RTOS_V2/cmsis_os2.o
 .bss.Idle_TCB  0x20001540       0xb4 ./Middlewares/Third_Party/FreeRTOS/Source/CMSIS_RTOS_V2/cmsis_os2.o
 .bss.Idle_Stack
                0x200015f4      0x200 ./Middlewares/Third_Party/FreeRTOS/Source/CMSIS_RTOS_V2/cmsis_os2.o
 .bss.Timer_TCB
                0x200017f4       0xb4 ./Middlewares/Third_Party/FreeRTOS/Source/CMSIS_RTOS_V2/cmsis_os2.o
 .bss.Timer_Stack
                0x200018a8      0x400 ./Middlewares/Third_Party/FreeRTOS/Source/CMSIS_RTOS_V2/cmsis_os2.o
 .bss.xQueueRegistry
                0x20001ca8       0x40 ./Middlewares/Third_Party/FreeRTOS/Source/queue.o
                0x20001ca8                xQueueRegistry
 .bss.pxCurrentTCB
                0x20001ce8        0x4 ./Middlewares/Third_Party/FreeRTOS/Source/tasks.o
                0x20001ce8                pxCurrentTCB
 .bss.pxReadyTasksLists
                0x20001cec      0x460 ./Middlewares/Third_Party/FreeRTOS/Source/tasks.o
 .bss.xDelayedTaskList1
                0x2000214c       0x14 ./Middlewares/Third_Party/FreeRTOS/Source/tasks.o
 .bss.xDelayedTaskList2
                0x20002160       0x14 ./Middlewares/Third_Party/FreeRTOS/Source/tasks.o
 .bss.pxDelayedTaskList
                0x20002174        0x4 ./Middlewares/Third_Party/FreeRTOS/Source/tasks.o
 .bss.pxOverflowDelayedTaskList
                0x20002178        0x4 ./Middlewares/Third_Party/FreeRTOS/Source/tasks.o
 .bss.xPendingReadyList
                0x2000217c       0x14 ./Middlewares/Third_Party/FreeRTOS/Source/tasks.o
 .bss.xTasksWaitingTermination
                0x20002190       0x14 ./Middlewares/Third_Party/FreeRTOS/Source/tasks.o
 .bss.uxDeletedTasksWaitingCleanUp
                0x200021a4        0x4 ./Middlewares/Third_Party/FreeRTOS/Source/tasks.o
 .bss.xSuspendedTaskList
                0x200021a8       0x14 ./Middlewares/Third_Party/FreeRTOS/Source/tasks.o
 .bss.uxCurrentNumberOfTasks
                0x200021bc        0x4 ./Middlewares/Third_Party/FreeRTOS/Source/tasks.o
 .bss.xTickCount
                0x200021c0        0x4 ./Middlewares/Third_Party/FreeRTOS/Source/tasks.o
 .bss.uxTopReadyPriority
                0x200021c4        0x4 ./Middlewares/Third_Party/FreeRTOS/Source/tasks.o
 .bss.xSchedulerRunning
                0x200021c8        0x4 ./Middlewares/Third_Party/FreeRTOS/Source/tasks.o
 .bss.uxPendedTicks
                0x200021cc        0x4 ./Middlewares/Third_Party/FreeRTOS/Source/tasks.o
 .bss.xYieldPending
                0x200021d0        0x4 ./Middlewares/Third_Party/FreeRTOS/Source/tasks.o
 .bss.xNumOfOverflows
                0x200021d4        0x4 ./Middlewares/Third_Party/FreeRTOS/Source/tasks.o
 .bss.uxTaskNumber
                0x200021d8        0x4 ./Middlewares/Third_Party/FreeRTOS/Source/tasks.o
 .bss.xNextTaskUnblockTime
                0x200021dc        0x4 ./Middlewares/Third_Party/FreeRTOS/Source/tasks.o
 .bss.xIdleTaskHandle
                0x200021e0        0x4 ./Middlewares/Third_Party/FreeRTOS/Source/tasks.o
 .bss.uxSchedulerSuspended
                0x200021e4        0x4 ./Middlewares/Third_Party/FreeRTOS/Source/tasks.o
 .bss.xActiveTimerList1
                0x200021e8       0x14 ./Middlewares/Third_Party/FreeRTOS/Source/timers.o
 .bss.xActiveTimerList2
                0x200021fc       0x14 ./Middlewares/Third_Party/FreeRTOS/Source/timers.o
 .bss.pxCurrentTimerList
                0x20002210        0x4 ./Middlewares/Third_Party/FreeRTOS/Source/timers.o
 .bss.pxOverflowTimerList
                0x20002214        0x4 ./Middlewares/Third_Party/FreeRTOS/Source/timers.o
 .bss.xTimerQueue
                0x20002218        0x4 ./Middlewares/Third_Party/FreeRTOS/Source/timers.o
 .bss.xTimerTaskHandle
                0x2000221c        0x4 ./Middlewares/Third_Party/FreeRTOS/Source/timers.o
 .bss.xLastTime.2
                0x20002220        0x4 ./Middlewares/Third_Party/FreeRTOS/Source/timers.o
 .bss.ucStaticTimerQueueStorage.1
                0x20002224       0xa0 ./Middlewares/Third_Party/FreeRTOS/Source/timers.o
 .bss.xStaticTimerQueue.0
                0x200022c4       0x50 ./Middlewares/Third_Party/FreeRTOS/Source/timers.o
 .bss.ulTimerCountsForOneTick
                0x20002314        0x4 ./Middlewares/Third_Party/FreeRTOS/Source/portable/GCC/ARM_CM0/port.o
 .bss.xMaximumPossibleSuppressedTicks
                0x20002318        0x4 ./Middlewares/Third_Party/FreeRTOS/Source/portable/GCC/ARM_CM0/port.o
 .bss.ulStoppedTimerCompensation
                0x2000231c        0x4 ./Middlewares/Third_Party/FreeRTOS/Source/portable/GCC/ARM_CM0/port.o
 .bss.ucHeap    0x20002320      0x400 ./Middlewares/Third_Party/FreeRTOS/Source/portable/MemMang/heap_4.o
 .bss.xStart    0x20002720        0x8 ./Middlewares/Third_Party/FreeRTOS/Source/portable/MemMang/heap_4.o
 .bss.pxEnd     0x20002728        0x4 ./Middlewares/Third_Party/FreeRTOS/Source/portable/MemMang/heap_4.o
 .bss.xFreeBytesRemaining
                0x2000272c        0x4 ./Middlewares/Third_Party/FreeRTOS/Source/portable/MemMang/heap_4.o
 .bss.xMinimumEverFreeBytesRemaining
                0x20002730        0x4 ./Middlewares/Third_Party/FreeRTOS/Source/portable/MemMang/heap_4.o
 .bss.xBlockAllocatedBit
                0x20002734        0x4 ./Middlewares/Third_Party/FreeRTOS/Source/portable/MemMang/heap_4.o
 .bss.__malloc_sbrk_start
                0x20002738        0x4 C:/ST/STM32CubeIDE_2.1.1/STM32CubeIDE/plugins/com.st.stm32cube.ide.mcu.externaltools.gnu-tools-for-stm32.14.3.rel1.win32_1.0.100.202602081740/tools/bin/../lib/gcc/arm-none-eabi/14.3.1/../../../../arm-none-eabi/lib/thumb/v6-m/nofp\libc_nano.a(libc_a-mallocr.o)
                0x20002738                __malloc_sbrk_start
 .bss.__malloc_free_list
                0x2000273c        0x4 C:/ST/STM32CubeIDE_2.1.1/STM32CubeIDE/plugins/com.st.stm32cube.ide.mcu.externaltools.gnu-tools-for-stm32.14.3.rel1.win32_1.0.100.202602081740/tools/bin/../lib/gcc/arm-none-eabi/14.3.1/../../../../arm-none-eabi/lib/thumb/v6-m/nofp\libc_nano.a(libc_a-mallocr.o)
                0x2000273c                __malloc_free_list
 .bss.__sf      0x20002740      0x138 C:/ST/STM32CubeIDE_2.1.1/STM32CubeIDE/plugins/com.st.stm32cube.ide.mcu.externaltools.gnu-tools-for-stm32.14.3.rel1.win32_1.0.100.202602081740/tools/bin/../lib/gcc/arm-none-eabi/14.3.1/../../../../arm-none-eabi/lib/thumb/v6-m/nofp\libc_nano.a(libc_a-findfp.o)
                0x20002740                __sf
 .bss.errno     0x20002878        0x4 C:/ST/STM32CubeIDE_2.1.1/STM32CubeIDE/plugins/com.st.stm32cube.ide.mcu.externaltools.gnu-tools-for-stm32.14.3.rel1.win32_1.0.100.202602081740/tools/bin/../lib/gcc/arm-none-eabi/14.3.1/../../../../arm-none-eabi/lib/thumb/v6-m/nofp\libc_nano.a(libc_a-reent.o)
                0x20002878                errno
 .bss.__lock___malloc_recursive_mutex
                0x2000287c        0x1 C:/ST/STM32CubeIDE_2.1.1/STM32CubeIDE/plugins/com.st.stm32cube.ide.mcu.externaltools.gnu-tools-for-stm32.14.3.rel1.win32_1.0.100.202602081740/tools/bin/../lib/gcc/arm-none-eabi/14.3.1/../../../../arm-none-eabi/lib/thumb/v6-m/nofp\libc_nano.a(libc_a-lock.o)
                0x2000287c                __lock___malloc_recursive_mutex
 *(COMMON)
                0x20002880                        . = ALIGN (0x4)
 *fill*         0x2000287d        0x3 
                0x20002880                        _ebss = .
                0x20002880                        __bss_end__ = _ebss

._user_heap_stack
                0x20002880      0x200 load address 0x0800a994
                0x20002880                        . = ALIGN (0x8)
                [!provide]                        PROVIDE (end = .)
                0x20002880                        PROVIDE (_end = .)
                0x20002880                        . = (. + _Min_Heap_Size)
                0x20002a80                        . = (. + _Min_Stack_Size)
 *fill*         0x20002880      0x200 
                0x20002a80                        . = ALIGN (0x8)

/DISCARD/
 libc.a(*)
 libm.a(*)
 libgcc.a(*)

.ARM.attributes
                0x00000000       0x28
 *(.ARM.attributes)
 .ARM.attributes
                0x00000000       0x1e C:/ST/STM32CubeIDE_2.1.1/STM32CubeIDE/plugins/com.st.stm32cube.ide.mcu.externaltools.gnu-tools-for-stm32.14.3.rel1.win32_1.0.100.202602081740/tools/bin/../lib/gcc/arm-none-eabi/14.3.1/thumb/v6-m/nofp/crti.o
 .ARM.attributes
                0x0000001e       0x2c C:/ST/STM32CubeIDE_2.1.1/STM32CubeIDE/plugins/com.st.stm32cube.ide.mcu.externaltools.gnu-tools-for-stm32.14.3.rel1.win32_1.0.100.202602081740/tools/bin/../lib/gcc/arm-none-eabi/14.3.1/thumb/v6-m/nofp/crtbegin.o
 .ARM.attributes
                0x0000004a       0x2c ./Application/Motors.o
 .ARM.attributes
                0x00000076       0x2c ./Application/app_main.o
 .ARM.attributes
                0x000000a2       0x2c ./Application/application.o
 .ARM.attributes
                0x000000ce       0x2c ./Application/battery_version4.o
 .ARM.attributes
                0x000000fa       0x2c ./Application/leds.o
 .ARM.attributes
                0x00000126       0x2c ./Application/messages.o
 .ARM.attributes
                0x00000152       0x2c ./Application/xbee.o
 .ARM.attributes
                0x0000017e       0x2c ./Core/Src/freertos.o
 .ARM.attributes
                0x000001aa       0x2c ./Core/Src/main.o
 .ARM.attributes
                0x000001d6       0x2c ./Core/Src/stm32l0xx_hal_msp.o
 .ARM.attributes
                0x00000202       0x2c ./Core/Src/stm32l0xx_hal_timebase_tim.o
 .ARM.attributes
                0x0000022e       0x2c ./Core/Src/stm32l0xx_it.o
 .ARM.attributes
                0x0000025a       0x2c ./Core/Src/sysmem.o
 .ARM.attributes
                0x00000286       0x2c ./Core/Src/system_stm32l0xx.o
 .ARM.attributes
                0x000002b2       0x22 ./Core/Startup/startup_stm32l071cbtx.o
 .ARM.attributes
                0x000002d4       0x2c ./Drivers/STM32L0xx_HAL_Driver/Src/stm32l0xx_hal.o
 .ARM.attributes
                0x00000300       0x2c ./Drivers/STM32L0xx_HAL_Driver/Src/stm32l0xx_hal_adc.o
 .ARM.attributes
                0x0000032c       0x2c ./Drivers/STM32L0xx_HAL_Driver/Src/stm32l0xx_hal_cortex.o
 .ARM.attributes
                0x00000358       0x2c ./Drivers/STM32L0xx_HAL_Driver/Src/stm32l0xx_hal_dma.o
 .ARM.attributes
                0x00000384       0x2c ./Drivers/STM32L0xx_HAL_Driver/Src/stm32l0xx_hal_gpio.o
 .ARM.attributes
                0x000003b0       0x2c ./Drivers/STM32L0xx_HAL_Driver/Src/stm32l0xx_hal_rcc.o
 .ARM.attributes
                0x000003dc       0x2c ./Drivers/STM32L0xx_HAL_Driver/Src/stm32l0xx_hal_rcc_ex.o
 .ARM.attributes
                0x00000408       0x2c ./Drivers/STM32L0xx_HAL_Driver/Src/stm32l0xx_hal_tim.o
 .ARM.attributes
                0x00000434       0x2c ./Drivers/STM32L0xx_HAL_Driver/Src/stm32l0xx_hal_tim_ex.o
 .ARM.attributes
                0x00000460       0x2c ./Drivers/STM32L0xx_HAL_Driver/Src/stm32l0xx_hal_uart.o
 .ARM.attributes
                0x0000048c       0x2c ./Drivers/STM32L0xx_HAL_Driver/Src/stm32l0xx_hal_uart_ex.o
 .ARM.attributes
                0x000004b8       0x2c ./Middlewares/Third_Party/FreeRTOS/Source/CMSIS_RTOS_V2/cmsis_os2.o
 .ARM.attributes
                0x000004e4       0x2c ./Middlewares/Third_Party/FreeRTOS/Source/list.o
 .ARM.attributes
                0x00000510       0x2c ./Middlewares/Third_Party/FreeRTOS/Source/queue.o
 .ARM.attributes
                0x0000053c       0x2c ./Middlewares/Third_Party/FreeRTOS/Source/tasks.o
 .ARM.attributes
                0x00000568       0x2c ./Middlewares/Third_Party/FreeRTOS/Source/timers.o
 .ARM.attributes
                0x00000594       0x2c ./Middlewares/Third_Party/FreeRTOS/Source/portable/GCC/ARM_CM0/port.o
 .ARM.attributes
                0x000005c0       0x2c ./Middlewares/Third_Party/FreeRTOS/Source/portable/MemMang/heap_4.o
 .ARM.attributes
                0x000005ec       0x2c C:/ST/STM32CubeIDE_2.1.1/STM32CubeIDE/plugins/com.st.stm32cube.ide.mcu.externaltools.gnu-tools-for-stm32.14.3.rel1.win32_1.0.100.202602081740/tools/bin/../lib/gcc/arm-none-eabi/14.3.1/../../../../arm-none-eabi/lib/thumb/v6-m/nofp\libstdc++_nano.a(guard.o)
 .ARM.attributes
                0x00000618       0x2c C:/ST/STM32CubeIDE_2.1.1/STM32CubeIDE/plugins/com.st.stm32cube.ide.mcu.externaltools.gnu-tools-for-stm32.14.3.rel1.win32_1.0.100.202602081740/tools/bin/../lib/gcc/arm-none-eabi/14.3.1/../../../../arm-none-eabi/lib/thumb/v6-m/nofp\libc_nano.a(libc_a-malloc.o)
 .ARM.attributes
                0x00000644       0x2c C:/ST/STM32CubeIDE_2.1.1/STM32CubeIDE/plugins/com.st.stm32cube.ide.mcu.externaltools.gnu-tools-for-stm32.14.3.rel1.win32_1.0.100.202602081740/tools/bin/../lib/gcc/arm-none-eabi/14.3.1/../../../../arm-none-eabi/lib/thumb/v6-m/nofp\libc_nano.a(libc_a-mallocr.o)
 .ARM.attributes
                0x00000670       0x2c C:/ST/STM32CubeIDE_2.1.1/STM32CubeIDE/plugins/com.st.stm32cube.ide.mcu.externaltools.gnu-tools-for-stm32.14.3.rel1.win32_1.0.100.202602081740/tools/bin/../lib/gcc/arm-none-eabi/14.3.1/../../../../arm-none-eabi/lib/thumb/v6-m/nofp\libc_nano.a(libc_a-mlock.o)
 .ARM.attributes
                0x0000069c       0x2c C:/ST/STM32CubeIDE_2.1.1/STM32CubeIDE/plugins/com.st.stm32cube.ide.mcu.externaltools.gnu-tools-for-stm32.14.3.rel1.win32_1.0.100.202602081740/tools/bin/../lib/gcc/arm-none-eabi/14.3.1/../../../../arm-none-eabi/lib/thumb/v6-m/nofp\libc_nano.a(libc_a-findfp.o)
 .ARM.attributes
                0x000006c8       0x2c C:/ST/STM32CubeIDE_2.1.1/STM32CubeIDE/plugins/com.st.stm32cube.ide.mcu.externaltools.gnu-tools-for-stm32.14.3.rel1.win32_1.0.100.202602081740/tools/bin/../lib/gcc/arm-none-eabi/14.3.1/../../../../arm-none-eabi/lib/thumb/v6-m/nofp\libc_nano.a(libc_a-memset.o)
 .ARM.attributes
                0x000006f4       0x2c C:/ST/STM32CubeIDE_2.1.1/STM32CubeIDE/plugins/com.st.stm32cube.ide.mcu.externaltools.gnu-tools-for-stm32.14.3.rel1.win32_1.0.100.202602081740/tools/bin/../lib/gcc/arm-none-eabi/14.3.1/../../../../arm-none-eabi/lib/thumb/v6-m/nofp\libc_nano.a(libc_a-strncpy.o)
 .ARM.attributes
                0x00000720       0x2c C:/ST/STM32CubeIDE_2.1.1/STM32CubeIDE/plugins/com.st.stm32cube.ide.mcu.externaltools.gnu-tools-for-stm32.14.3.rel1.win32_1.0.100.202602081740/tools/bin/../lib/gcc/arm-none-eabi/14.3.1/../../../../arm-none-eabi/lib/thumb/v6-m/nofp\libc_nano.a(libc_a-reent.o)
 .ARM.attributes
                0x0000074c       0x2c C:/ST/STM32CubeIDE_2.1.1/STM32CubeIDE/plugins/com.st.stm32cube.ide.mcu.externaltools.gnu-tools-for-stm32.14.3.rel1.win32_1.0.100.202602081740/tools/bin/../lib/gcc/arm-none-eabi/14.3.1/../../../../arm-none-eabi/lib/thumb/v6-m/nofp\libc_nano.a(libc_a-impure.o)
 .ARM.attributes
                0x00000778       0x2c C:/ST/STM32CubeIDE_2.1.1/STM32CubeIDE/plugins/com.st.stm32cube.ide.mcu.externaltools.gnu-tools-for-stm32.14.3.rel1.win32_1.0.100.202602081740/tools/bin/../lib/gcc/arm-none-eabi/14.3.1/../../../../arm-none-eabi/lib/thumb/v6-m/nofp\libc_nano.a(libc_a-sbrkr.o)
 .ARM.attributes
                0x000007a4       0x2c C:/ST/STM32CubeIDE_2.1.1/STM32CubeIDE/plugins/com.st.stm32cube.ide.mcu.externaltools.gnu-tools-for-stm32.14.3.rel1.win32_1.0.100.202602081740/tools/bin/../lib/gcc/arm-none-eabi/14.3.1/../../../../arm-none-eabi/lib/thumb/v6-m/nofp\libc_nano.a(libc_a-errno.o)
 .ARM.attributes
                0x000007d0       0x2c C:/ST/STM32CubeIDE_2.1.1/STM32CubeIDE/plugins/com.st.stm32cube.ide.mcu.externaltools.gnu-tools-for-stm32.14.3.rel1.win32_1.0.100.202602081740/tools/bin/../lib/gcc/arm-none-eabi/14.3.1/../../../../arm-none-eabi/lib/thumb/v6-m/nofp\libc_nano.a(libc_a-init.o)
 .ARM.attributes
                0x000007fc       0x2c C:/ST/STM32CubeIDE_2.1.1/STM32CubeIDE/plugins/com.st.stm32cube.ide.mcu.externaltools.gnu-tools-for-stm32.14.3.rel1.win32_1.0.100.202602081740/tools/bin/../lib/gcc/arm-none-eabi/14.3.1/../../../../arm-none-eabi/lib/thumb/v6-m/nofp\libc_nano.a(libc_a-lock.o)
 .ARM.attributes
                0x00000828       0x2c C:/ST/STM32CubeIDE_2.1.1/STM32CubeIDE/plugins/com.st.stm32cube.ide.mcu.externaltools.gnu-tools-for-stm32.14.3.rel1.win32_1.0.100.202602081740/tools/bin/../lib/gcc/arm-none-eabi/14.3.1/../../../../arm-none-eabi/lib/thumb/v6-m/nofp\libc_nano.a(libc_a-memcpy-stub.o)
 .ARM.attributes
                0x00000854       0x1c C:/ST/STM32CubeIDE_2.1.1/STM32CubeIDE/plugins/com.st.stm32cube.ide.mcu.externaltools.gnu-tools-for-stm32.14.3.rel1.win32_1.0.100.202602081740/tools/bin/../lib/gcc/arm-none-eabi/14.3.1/../../../../arm-none-eabi/lib/thumb/v6-m/nofp\libc_nano.a(libc_a-strlen.o)
 .ARM.attributes
                0x00000870       0x2c C:/ST/STM32CubeIDE_2.1.1/STM32CubeIDE/plugins/com.st.stm32cube.ide.mcu.externaltools.gnu-tools-for-stm32.14.3.rel1.win32_1.0.100.202602081740/tools/bin/../lib/gcc/arm-none-eabi/14.3.1/../../../../arm-none-eabi/lib/thumb/v6-m/nofp\libc_nano.a(libc_a-freer.o)
 .ARM.attributes
                0x0000089c       0x1e C:/ST/STM32CubeIDE_2.1.1/STM32CubeIDE/plugins/com.st.stm32cube.ide.mcu.externaltools.gnu-tools-for-stm32.14.3.rel1.win32_1.0.100.202602081740/tools/bin/../lib/gcc/arm-none-eabi/14.3.1/thumb/v6-m/nofp\libgcc.a(_udivsi3.o)
 .ARM.attributes
                0x000008ba       0x1e C:/ST/STM32CubeIDE_2.1.1/STM32CubeIDE/plugins/com.st.stm32cube.ide.mcu.externaltools.gnu-tools-for-stm32.14.3.rel1.win32_1.0.100.202602081740/tools/bin/../lib/gcc/arm-none-eabi/14.3.1/thumb/v6-m/nofp\libgcc.a(_divsi3.o)
 .ARM.attributes
                0x000008d8       0x1e C:/ST/STM32CubeIDE_2.1.1/STM32CubeIDE/plugins/com.st.stm32cube.ide.mcu.externaltools.gnu-tools-for-stm32.14.3.rel1.win32_1.0.100.202602081740/tools/bin/../lib/gcc/arm-none-eabi/14.3.1/thumb/v6-m/nofp\libgcc.a(_dvmd_tls.o)
 .ARM.attributes
                0x000008f6       0x1e C:/ST/STM32CubeIDE_2.1.1/STM32CubeIDE/plugins/com.st.stm32cube.ide.mcu.externaltools.gnu-tools-for-stm32.14.3.rel1.win32_1.0.100.202602081740/tools/bin/../lib/gcc/arm-none-eabi/14.3.1/thumb/v6-m/nofp\libgcc.a(_aeabi_uldivmod.o)
 .ARM.attributes
                0x00000914       0x2c C:/ST/STM32CubeIDE_2.1.1/STM32CubeIDE/plugins/com.st.stm32cube.ide.mcu.externaltools.gnu-tools-for-stm32.14.3.rel1.win32_1.0.100.202602081740/tools/bin/../lib/gcc/arm-none-eabi/14.3.1/thumb/v6-m/nofp\libgcc.a(_udivmoddi4.o)
 .ARM.attributes
                0x00000940       0x1e C:/ST/STM32CubeIDE_2.1.1/STM32CubeIDE/plugins/com.st.stm32cube.ide.mcu.externaltools.gnu-tools-for-stm32.14.3.rel1.win32_1.0.100.202602081740/tools/bin/../lib/gcc/arm-none-eabi/14.3.1/thumb/v6-m/nofp\libgcc.a(_clzdi2.o)
 .ARM.attributes
                0x0000095e       0x1e C:/ST/STM32CubeIDE_2.1.1/STM32CubeIDE/plugins/com.st.stm32cube.ide.mcu.externaltools.gnu-tools-for-stm32.14.3.rel1.win32_1.0.100.202602081740/tools/bin/../lib/gcc/arm-none-eabi/14.3.1/thumb/v6-m/nofp\libgcc.a(_clzsi2.o)
 .ARM.attributes
                0x0000097c       0x1e C:/ST/STM32CubeIDE_2.1.1/STM32CubeIDE/plugins/com.st.stm32cube.ide.mcu.externaltools.gnu-tools-for-stm32.14.3.rel1.win32_1.0.100.202602081740/tools/bin/../lib/gcc/arm-none-eabi/14.3.1/thumb/v6-m/nofp/crtn.o
OUTPUT(Dumber3-CPP.elf elf32-littlearm)
LOAD linker stubs
LOAD C:/ST/STM32CubeIDE_2.1.1/STM32CubeIDE/plugins/com.st.stm32cube.ide.mcu.externaltools.gnu-tools-for-stm32.14.3.rel1.win32_1.0.100.202602081740/tools/bin/../lib/gcc/arm-none-eabi/14.3.1/../../../../arm-none-eabi/lib/thumb/v6-m/nofp\libc.a
LOAD C:/ST/STM32CubeIDE_2.1.1/STM32CubeIDE/plugins/com.st.stm32cube.ide.mcu.externaltools.gnu-tools-for-stm32.14.3.rel1.win32_1.0.100.202602081740/tools/bin/../lib/gcc/arm-none-eabi/14.3.1/../../../../arm-none-eabi/lib/thumb/v6-m/nofp\libm.a
LOAD C:/ST/STM32CubeIDE_2.1.1/STM32CubeIDE/plugins/com.st.stm32cube.ide.mcu.externaltools.gnu-tools-for-stm32.14.3.rel1.win32_1.0.100.202602081740/tools/bin/../lib/gcc/arm-none-eabi/14.3.1/thumb/v6-m/nofp\libgcc.a

.debug_info     0x00000000    0x25924
 .debug_info    0x00000000     0x1c44 ./Application/Motors.o
 .debug_info    0x00001c44     0x1fac ./Application/app_main.o
 .debug_info    0x00003bf0     0x2aa9 ./Application/application.o
 .debug_info    0x00006699     0x1f07 ./Application/battery_version4.o
 .debug_info    0x000085a0     0x1253 ./Application/leds.o
 .debug_info    0x000097f3      0xa24 ./Application/messages.o
 .debug_info    0x0000a217     0x27a4 ./Application/xbee.o
 .debug_info    0x0000c9bb       0xe3 ./Core/Src/freertos.o
 .debug_info    0x0000ca9e     0x1b2f ./Core/Src/main.o
 .debug_info    0x0000e5cd     0x1163 ./Core/Src/stm32l0xx_hal_msp.o
 .debug_info    0x0000f730      0x9a3 ./Core/Src/stm32l0xx_hal_timebase_tim.o
 .debug_info    0x000100d3      0xcef ./Core/Src/stm32l0xx_it.o
 .debug_info    0x00010dc2      0x168 ./Core/Src/sysmem.o
 .debug_info    0x00010f2a      0x2d0 ./Core/Src/system_stm32l0xx.o
 .debug_info    0x000111fa       0x30 ./Core/Startup/startup_stm32l071cbtx.o
 .debug_info    0x0001122a      0x873 ./Drivers/STM32L0xx_HAL_Driver/Src/stm32l0xx_hal.o
 .debug_info    0x00011a9d      0xcea ./Drivers/STM32L0xx_HAL_Driver/Src/stm32l0xx_hal_adc.o
 .debug_info    0x00012787      0x890 ./Drivers/STM32L0xx_HAL_Driver/Src/stm32l0xx_hal_cortex.o
 .debug_info    0x00013017      0x70b ./Drivers/STM32L0xx_HAL_Driver/Src/stm32l0xx_hal_dma.o
 .debug_info    0x00013722      0x624 ./Drivers/STM32L0xx_HAL_Driver/Src/stm32l0xx_hal_gpio.o
 .debug_info    0x00013d46      0x99b ./Drivers/STM32L0xx_HAL_Driver/Src/stm32l0xx_hal_rcc.o
 .debug_info    0x000146e1      0x496 ./Drivers/STM32L0xx_HAL_Driver/Src/stm32l0xx_hal_rcc_ex.o
 .debug_info    0x00014b77     0x27d1 ./Drivers/STM32L0xx_HAL_Driver/Src/stm32l0xx_hal_tim.o
 .debug_info    0x00017348      0x6af ./Drivers/STM32L0xx_HAL_Driver/Src/stm32l0xx_hal_tim_ex.o
 .debug_info    0x000179f7     0x3b66 ./Drivers/STM32L0xx_HAL_Driver/Src/stm32l0xx_hal_uart.o