Archive member included to satisfy reference by file (symbol)

C:/ST/STM32CubeIDE_2.1.1/STM32CubeIDE/plugins/com.st.stm32cube.ide.mcu.externaltools.gnu-tools-for-stm32.14.3.rel1.win32_1.0.100.202602081740/tools/bin/../lib/gcc/arm-none-eabi/14.3.1/../../../../arm-none-eabi/lib/thumb/v6-m/nofp\libstdc++_nano.a(guard.o)
                              ./Application/app_main.o (__cxa_guard_acquire)
C:/ST/STM32CubeIDE_2.1.1/STM32CubeIDE/plugins/com.st.stm32cube.ide.mcu.externaltools.gnu-tools-for-stm32.14.3.rel1.win32_1.0.100.202602081740/tools/bin/../lib/gcc/arm-none-eabi/14.3.1/../../../../arm-none-eabi/lib/thumb/v6-m/nofp\libstdc++_nano.a(new_op.o)
                              ./Application/commands.o (operator new(unsigned int))
C:/ST/STM32CubeIDE_2.1.1/STM32CubeIDE/plugins/com.st.stm32cube.ide.mcu.externaltools.gnu-tools-for-stm32.14.3.rel1.win32_1.0.100.202602081740/tools/bin/../lib/gcc/arm-none-eabi/14.3.1/../../../../arm-none-eabi/lib/thumb/v6-m/nofp\libstdc++_nano.a(new_opv.o)
                              ./Application/commands.o (operator new[](unsigned int))
C:/ST/STM32CubeIDE_2.1.1/STM32CubeIDE/plugins/com.st.stm32cube.ide.mcu.externaltools.gnu-tools-for-stm32.14.3.rel1.win32_1.0.100.202602081740/tools/bin/../lib/gcc/arm-none-eabi/14.3.1/../../../../arm-none-eabi/lib/thumb/v6-m/nofp\libstdc++_nano.a(new_handler.o)
                              C:/ST/STM32CubeIDE_2.1.1/STM32CubeIDE/plugins/com.st.stm32cube.ide.mcu.externaltools.gnu-tools-for-stm32.14.3.rel1.win32_1.0.100.202602081740/tools/bin/../lib/gcc/arm-none-eabi/14.3.1/../../../../arm-none-eabi/lib/thumb/v6-m/nofp\libstdc++_nano.a(new_op.o) (std::get_new_handler())
C:/ST/STM32CubeIDE_2.1.1/STM32CubeIDE/plugins/com.st.stm32cube.ide.mcu.externaltools.gnu-tools-for-stm32.14.3.rel1.win32_1.0.100.202602081740/tools/bin/../lib/gcc/arm-none-eabi/14.3.1/../../../../arm-none-eabi/lib/thumb/v6-m/nofp\libc_nano.a(libc_a-abort.o)
                              C:/ST/STM32CubeIDE_2.1.1/STM32CubeIDE/plugins/com.st.stm32cube.ide.mcu.externaltools.gnu-tools-for-stm32.14.3.rel1.win32_1.0.100.202602081740/tools/bin/../lib/gcc/arm-none-eabi/14.3.1/../../../../arm-none-eabi/lib/thumb/v6-m/nofp\libstdc++_nano.a(new_op.o) (abort)
C:/ST/STM32CubeIDE_2.1.1/STM32CubeIDE/plugins/com.st.stm32cube.ide.mcu.externaltools.gnu-tools-for-stm32.14.3.rel1.win32_1.0.100.202602081740/tools/bin/../lib/gcc/arm-none-eabi/14.3.1/../../../../arm-none-eabi/lib/thumb/v6-m/nofp\libc_nano.a(libc_a-exit.o)
                              C:/ST/STM32CubeIDE_2.1.1/STM32CubeIDE/plugins/com.st.stm32cube.ide.mcu.externaltools.gnu-tools-for-stm32.14.3.rel1.win32_1.0.100.202602081740/tools/bin/../lib/gcc/arm-none-eabi/14.3.1/../../../../arm-none-eabi/lib/thumb/v6-m/nofp/crt0.o (exit)
C:/ST/STM32CubeIDE_2.1.1/STM32CubeIDE/plugins/com.st.stm32cube.ide.mcu.externaltools.gnu-tools-for-stm32.14.3.rel1.win32_1.0.100.202602081740/tools/bin/../lib/gcc/arm-none-eabi/14.3.1/../../../../arm-none-eabi/lib/thumb/v6-m/nofp\libc_nano.a(libc_a-malloc.o)
                              ./Application/xbee.o (malloc)
C:/ST/STM32CubeIDE_2.1.1/STM32CubeIDE/plugins/com.st.stm32cube.ide.mcu.externaltools.gnu-tools-for-stm32.14.3.rel1.win32_1.0.100.202602081740/tools/bin/../lib/gcc/arm-none-eabi/14.3.1/../../../../arm-none-eabi/lib/thumb/v6-m/nofp\libc_nano.a(libc_a-mallocr.o)
                              C:/ST/STM32CubeIDE_2.1.1/STM32CubeIDE/plugins/com.st.stm32cube.ide.mcu.externaltools.gnu-tools-for-stm32.14.3.rel1.win32_1.0.100.202602081740/tools/bin/../lib/gcc/arm-none-eabi/14.3.1/../../../../arm-none-eabi/lib/thumb/v6-m/nofp\libc_nano.a(libc_a-malloc.o) (_malloc_r)
C:/ST/STM32CubeIDE_2.1.1/STM32CubeIDE/plugins/com.st.stm32cube.ide.mcu.externaltools.gnu-tools-for-stm32.14.3.rel1.win32_1.0.100.202602081740/tools/bin/../lib/gcc/arm-none-eabi/14.3.1/../../../../arm-none-eabi/lib/thumb/v6-m/nofp\libc_nano.a(libc_a-mlock.o)
                              C:/ST/STM32CubeIDE_2.1.1/STM32CubeIDE/plugins/com.st.stm32cube.ide.mcu.externaltools.gnu-tools-for-stm32.14.3.rel1.win32_1.0.100.202602081740/tools/bin/../lib/gcc/arm-none-eabi/14.3.1/../../../../arm-none-eabi/lib/thumb/v6-m/nofp\libc_nano.a(libc_a-mallocr.o) (__malloc_lock)
C:/ST/STM32CubeIDE_2.1.1/STM32CubeIDE/plugins/com.st.stm32cube.ide.mcu.externaltools.gnu-tools-for-stm32.14.3.rel1.win32_1.0.100.202602081740/tools/bin/../lib/gcc/arm-none-eabi/14.3.1/../../../../arm-none-eabi/lib/thumb/v6-m/nofp\libc_nano.a(libc_a-strtol.o)
                              ./Application/commands.o (strtol)
C:/ST/STM32CubeIDE_2.1.1/STM32CubeIDE/plugins/com.st.stm32cube.ide.mcu.externaltools.gnu-tools-for-stm32.14.3.rel1.win32_1.0.100.202602081740/tools/bin/../lib/gcc/arm-none-eabi/14.3.1/../../../../arm-none-eabi/lib/thumb/v6-m/nofp\libc_nano.a(libc_a-ctype_.o)
[...]
Memory Configuration

Name             Origin             Length             Attributes
RAM              0x20000000         0x00005000         xrw
FLASH            0x08000000         0x00020000         xr
*default*        0x00000000         0xffffffff

Linker script and memory map

LOAD C:/ST/STM32CubeIDE_2.1.1/STM32CubeIDE/plugins/com.st.stm32cube.ide.mcu.externaltools.gnu-tools-for-stm32.14.3.rel1.win32_1.0.100.202602081740/tools/bin/../lib/gcc/arm-none-eabi/14.3.1/thumb/v6-m/nofp/crti.o
LOAD C:/ST/STM32CubeIDE_2.1.1/STM32CubeIDE/plugins/com.st.stm32cube.ide.mcu.externaltools.gnu-tools-for-stm32.14.3.rel1.win32_1.0.100.202602081740/tools/bin/../lib/gcc/arm-none-eabi/14.3.1/thumb/v6-m/nofp/crtbegin.o
LOAD C:/ST/STM32CubeIDE_2.1.1/STM32CubeIDE/plugins/com.st.stm32cube.ide.mcu.externaltools.gnu-tools-for-stm32.14.3.rel1.win32_1.0.100.202602081740/tools/bin/../lib/gcc/arm-none-eabi/14.3.1/../../../../arm-none-eabi/lib/thumb/v6-m/nofp/crt0.o
LOAD ./Application/Motors.o
LOAD ./Application/app_main.o
LOAD ./Application/application.o
LOAD ./Application/battery_version4.o
LOAD ./Application/commands.o
LOAD ./Application/leds.o
LOAD ./Application/messages.o
LOAD ./Application/panic_version4.o
LOAD ./Application/rtos_support.o
LOAD ./Application/xbee.o
LOAD ./Core/Src/freertos.o
LOAD ./Core/Src/main.o
LOAD ./Core/Src/stm32l0xx_hal_msp.o
LOAD ./Core/Src/stm32l0xx_hal_timebase_tim.o
LOAD ./Core/Src/stm32l0xx_it.o
LOAD ./Core/Src/syscalls.o
LOAD ./Core/Src/sysmem.o
LOAD ./Core/Src/system_stm32l0xx.o
LOAD ./Core/Startup/startup_stm32l071cbtx.o
LOAD ./Drivers/STM32L0xx_HAL_Driver/Src/stm32l0xx_hal.o
LOAD ./Drivers/STM32L0xx_HAL_Driver/Src/stm32l0xx_hal_adc.o
LOAD ./Drivers/STM32L0xx_HAL_Driver/Src/stm32l0xx_hal_adc_ex.o
LOAD ./Drivers/STM32L0xx_HAL_Driver/Src/stm32l0xx_hal_cortex.o
LOAD ./Drivers/STM32L0xx_HAL_Driver/Src/stm32l0xx_hal_dma.o
LOAD ./Drivers/STM32L0xx_HAL_Driver/Src/stm32l0xx_hal_exti.o
LOAD ./Drivers/STM32L0xx_HAL_Driver/Src/stm32l0xx_hal_flash.o
LOAD ./Drivers/STM32L0xx_HAL_Driver/Src/stm32l0xx_hal_flash_ex.o
LOAD ./Drivers/STM32L0xx_HAL_Driver/Src/stm32l0xx_hal_flash_ramfunc.o
LOAD ./Drivers/STM32L0xx_HAL_Driver/Src/stm32l0xx_hal_gpio.o
LOAD ./Drivers/STM32L0xx_HAL_Driver/Src/stm32l0xx_hal_i2c.o
LOAD ./Drivers/STM32L0xx_HAL_Driver/Src/stm32l0xx_hal_i2c_ex.o
LOAD ./Drivers/STM32L0xx_HAL_Driver/Src/stm32l0xx_hal_pwr.o
LOAD ./Drivers/STM32L0xx_HAL_Driver/Src/stm32l0xx_hal_pwr_ex.o
LOAD ./Drivers/STM32L0xx_HAL_Driver/Src/stm32l0xx_hal_rcc.o
LOAD ./Drivers/STM32L0xx_HAL_Driver/Src/stm32l0xx_hal_rcc_ex.o
LOAD ./Drivers/STM32L0xx_HAL_Driver/Src/stm32l0xx_hal_tim.o
LOAD ./Drivers/STM32L0xx_HAL_Driver/Src/stm32l0xx_hal_tim_ex.o
LOAD ./Drivers/STM32L0xx_HAL_Driver/Src/stm32l0xx_hal_uart.o
LOAD ./Drivers/STM32L0xx_HAL_Driver/Src/stm32l0xx_hal_uart_ex.o
LOAD ./Middlewares/Third_Party/FreeRTOS/Source/CMSIS_RTOS_V2/cmsis_os2.o
LOAD ./Middlewares/Third_Party/FreeRTOS/Source/croutine.o
LOAD ./Middlewares/Third_Party/FreeRTOS/Source/event_groups.o
LOAD ./Middlewares/Third_Party/FreeRTOS/Source/list.o
LOAD ./Middlewares/Third_Party/FreeRTOS/Source/queue.o
LOAD ./Middlewares/Third_Party/FreeRTOS/Source/stream_buffer.o
LOAD ./Middlewares/Third_Party/FreeRTOS/Source/tasks.o
LOAD ./Middlewares/Third_Party/FreeRTOS/Source/timers.o
LOAD ./Middlewares/Third_Party/FreeRTOS/Source/portable/GCC/ARM_CM0/port.o
LOAD ./Middlewares/Third_Party/FreeRTOS/Source/portable/MemMang/heap_4.o
START GROUP
LOAD C:/ST/STM32CubeIDE_2.1.1/STM32CubeIDE/plugins/com.st.stm32cube.ide.mcu.externaltools.gnu-tools-for-stm32.14.3.rel1.win32_1.0.100.202602081740/tools/bin/../lib/gcc/arm-none-eabi/14.3.1/../../../../arm-none-eabi/lib/thumb/v6-m/nofp\libstdc++_nano.a
LOAD C:/ST/STM32CubeIDE_2.1.1/STM32CubeIDE/plugins/com.st.stm32cube.ide.mcu.externaltools.gnu-tools-for-stm32.14.3.rel1.win32_1.0.100.202602081740/tools/bin/../lib/gcc/arm-none-eabi/14.3.1/../../../../arm-none-eabi/lib/thumb/v6-m/nofp\libsupc++_nano.a
END GROUP
LOAD C:/ST/STM32CubeIDE_2.1.1/STM32CubeIDE/plugins/com.st.stm32cube.ide.mcu.externaltools.gnu-tools-for-stm32.14.3.rel1.win32_1.0.100.202602081740/tools/bin/../lib/gcc/arm-none-eabi/14.3.1/../../../../arm-none-eabi/lib/thumb/v6-m/nofp\libstdc++_nano.a
LOAD C:/ST/STM32CubeIDE_2.1.1/STM32CubeIDE/plugins/com.st.stm32cube.ide.mcu.externaltools.gnu-tools-for-stm32.14.3.rel1.win32_1.0.100.202602081740/tools/bin/../lib/gcc/arm-none-eabi/14.3.1/../../../../arm-none-eabi/lib/thumb/v6-m/nofp\libm.a
LOAD C:/ST/STM32CubeIDE_2.1.1/STM32CubeIDE/plugins/com.st.stm32cube.ide.mcu.externaltools.gnu-tools-for-stm32.14.3.rel1.win32_1.0.100.202602081740/tools/bin/../lib/gcc/arm-none-eabi/14.3.1/../../../../arm-none-eabi/lib/thumb/v6-m/nofp\libc_nano.a
START GROUP
LOAD C:/ST/STM32CubeIDE_2.1.1/STM32CubeIDE/plugins/com.st.stm32cube.ide.mcu.externaltools.gnu-tools-for-stm32.14.3.rel1.win32_1.0.100.202602081740/tools/bin/../lib/gcc/arm-none-eabi/14.3.1/thumb/v6-m/nofp\libgcc.a
LOAD C:/ST/STM32CubeIDE_2.1.1/STM32CubeIDE/plugins/com.st.stm32cube.ide.mcu.externaltools.gnu-tools-for-stm32.14.3.rel1.win32_1.0.100.202602081740/tools/bin/../lib/gcc/arm-none-eabi/14.3.1/../../../../arm-none-eabi/lib/thumb/v6-m/nofp\libc_nano.a
END GROUP
START GROUP
LOAD C:/ST/STM32CubeIDE_2.1.1/STM32CubeIDE/plugins/com.st.stm32cube.ide.mcu.externaltools.gnu-tools-for-stm32.14.3.rel1.win32_1.0.100.202602081740/tools/bin/../lib/gcc/arm-none-eabi/14.3.1/thumb/v6-m/nofp\libgcc.a
LOAD C:/ST/STM32CubeIDE_2.1.1/STM32CubeIDE/plugins/com.st.stm32cube.ide.mcu.externaltools.gnu-tools-for-stm32.14.3.rel1.win32_1.0.100.202602081740/tools/bin/../lib/gcc/arm-none-eabi/14.3.1/../../../../arm-none-eabi/lib/thumb/v6-m/nofp\libc_nano.a
END GROUP
LOAD C:/ST/STM32CubeIDE_2.1.1/STM32CubeIDE/plugins/com.st.stm32cube.ide.mcu.externaltools.gnu-tools-for-stm32.14.3.rel1.win32_1.0.100.202602081740/tools/bin/../lib/gcc/arm-none-eabi/14.3.1/thumb/v6-m/nofp/crtend.o
LOAD C:/ST/STM32CubeIDE_2.1.1/STM32CubeIDE/plugins/com.st.stm32cube.ide.mcu.externaltools.gnu-tools-for-stm32.14.3.rel1.win32_1.0.100.202602081740/tools/bin/../lib/gcc/arm-none-eabi/14.3.1/thumb/v6-m/nofp/crtn.o
                0x20005000                        _estack = (ORIGIN (RAM) + LENGTH (RAM))
                0x00000000                        _Min_Heap_Size = 0x0
                0x00000200                        _Min_Stack_Size = 0x200

.isr_vector     0x08000000       0xc0
                0x08000000                        . = ALIGN (0x4)
 *(.isr_vector)
 .isr_vector    0x08000000       0xc0 ./Core/Startup/startup_stm32l071cbtx.o
                0x08000000                g_pfnVectors
                0x080000c0                        . = ALIGN (0x4)

.text           0x080000c0     0xb89c
                0x080000c0                        . = ALIGN (0x4)
 *(.text)
 .text          0x080000c0       0x48 C:/ST/STM32CubeIDE_2.1.1/STM32CubeIDE/plugins/com.st.stm32cube.ide.mcu.externaltools.gnu-tools-for-stm32.14.3.rel1.win32_1.0.100.202602081740/tools/bin/../lib/gcc/arm-none-eabi/14.3.1/thumb/v6-m/nofp/crtbegin.o
 .text          0x08000108        0xe C:/ST/STM32CubeIDE_2.1.1/STM32CubeIDE/plugins/com.st.stm32cube.ide.mcu.externaltools.gnu-tools-for-stm32.14.3.rel1.win32_1.0.100.202602081740/tools/bin/../lib/gcc/arm-none-eabi/14.3.1/../../../../arm-none-eabi/lib/thumb/v6-m/nofp\libc_nano.a(libc_a-strlen.o)
                0x08000108                strlen
 *fill*         0x08000116        0x2 
 .text          0x08000118      0x114 C:/ST/STM32CubeIDE_2.1.1/STM32CubeIDE/plugins/com.st.stm32cube.ide.mcu.externaltools.gnu-tools-for-stm32.14.3.rel1.win32_1.0.100.202602081740/tools/bin/../lib/gcc/arm-none-eabi/14.3.1/thumb/v6-m/nofp\libgcc.a(_udivsi3.o)
                0x08000118                __aeabi_uidiv
                0x08000118                __udivsi3
                0x08000224                __aeabi_uidivmod
 .text          0x0800022c      0x1d4 C:/ST/STM32CubeIDE_2.1.1/STM32CubeIDE/plugins/com.st.stm32cube.ide.mcu.externaltools.gnu-tools-for-stm32.14.3.rel1.win32_1.0.100.202602081740/tools/bin/../lib/gcc/arm-none-eabi/14.3.1/thumb/v6-m/nofp\libgcc.a(_divsi3.o)
                0x0800022c                __divsi3
                0x0800022c                __aeabi_idiv
                0x080003f8                __aeabi_idivmod
 .text          0x08000400        0x4 C:/ST/STM32CubeIDE_2.1.1/STM32CubeIDE/plugins/com.st.stm32cube.ide.mcu.externaltools.gnu-tools-for-stm32.14.3.rel1.win32_1.0.100.202602081740/tools/bin/../lib/gcc/arm-none-eabi/14.3.1/thumb/v6-m/nofp\libgcc.a(_dvmd_tls.o)
                0x08000400                __aeabi_idiv0
                0x08000400                __aeabi_ldiv0
 .text          0x08000404       0x40 C:/ST/STM32CubeIDE_2.1.1/STM32CubeIDE/plugins/com.st.stm32cube.ide.mcu.externaltools.gnu-tools-for-stm32.14.3.rel1.win32_1.0.100.202602081740/tools/bin/../lib/gcc/arm-none-eabi/14.3.1/thumb/v6-m/nofp\libgcc.a(_aeabi_uldivmod.o)
                0x08000404                __aeabi_uldivmod
 .text          0x08000444      0x198 C:/ST/STM32CubeIDE_2.1.1/STM32CubeIDE/plugins/com.st.stm32cube.ide.mcu.externaltools.gnu-tools-for-stm32.14.3.rel1.win32_1.0.100.202602081740/tools/bin/../lib/gcc/arm-none-eabi/14.3.1/thumb/v6-m/nofp\libgcc.a(_udivmoddi4.o)
                0x08000444                __udivmoddi4
 .text          0x080005dc       0x18 C:/ST/STM32CubeIDE_2.1.1/STM32CubeIDE/plugins/com.st.stm32cube.ide.mcu.externaltools.gnu-tools-for-stm32.14.3.rel1.win32_1.0.100.202602081740/tools/bin/../lib/gcc/arm-none-eabi/14.3.1/thumb/v6-m/nofp\libgcc.a(_clzdi2.o)
                0x080005dc                __clzdi2
 .text          0x080005f4       0x3c C:/ST/STM32CubeIDE_2.1.1/STM32CubeIDE/plugins/com.st.stm32cube.ide.mcu.externaltools.gnu-tools-for-stm32.14.3.rel1.win32_1.0.100.202602081740/tools/bin/../lib/gcc/arm-none-eabi/14.3.1/thumb/v6-m/nofp\libgcc.a(_clzsi2.o)
                0x080005f4                __clzsi2
 *(.text*)
 .text.LL_GPIO_SetOutputPin
                0x08000630       0x18 ./Application/Motors.o
 .text.LL_GPIO_ResetOutputPin
                0x08000648       0x18 ./Application/Motors.o
 .text.LL_TIM_EnableCounter
                0x08000660       0x1c ./Application/Motors.o
 .text.LL_TIM_DisableCounter
                0x0800067c       0x1e ./Application/Motors.o
 .text.LL_TIM_CC_EnableChannel
                0x0800069a       0x1e ./Application/Motors.o
 .text.LL_TIM_CC_DisableChannel
                0x080006b8       0x20 ./Application/Motors.o
 .text.LL_TIM_OC_SetCompareCH1
                0x080006d8       0x18 ./Application/Motors.o
 .text.LL_TIM_OC_SetCompareCH2
                0x080006f0       0x18 ./Application/Motors.o
 .text.LL_TIM_OC_SetCompareCH3
                0x08000708       0x18 ./Application/Motors.o
 .text.LL_TIM_OC_SetCompareCH4
                0x08000720       0x18 ./Application/Motors.o
 .text.LL_TIM_IC_GetCaptureCH1
                0x08000738       0x14 ./Application/Motors.o
 .text.LL_TIM_IC_GetCaptureCH2
                0x0800074c       0x14 ./Application/Motors.o
 .text.LL_TIM_ClearFlag_UPDATE
                0x08000760       0x18 ./Application/Motors.o
 .text.LL_TIM_IsActiveFlag_UPDATE
                0x08000778       0x22 ./Application/Motors.o
 .text.LL_TIM_EnableIT_UPDATE
                0x0800079a       0x1c ./Application/Motors.o
 .text.LL_TIM_DisableIT_UPDATE
                0x080007b6       0x1e ./Application/Motors.o
 .text.LL_TIM_EnableIT_CC1
                0x080007d4       0x1c ./Application/Motors.o
 .text.LL_TIM_DisableIT_CC1
                0x080007f0       0x1e ./Application/Motors.o
 *fill*         0x0800080e        0x2 
 .text._ZN6Motors4initEv
                0x08000810       0x88 ./Application/Motors.o
                0x08000810                Motors::init()
 .text._ZN6Motors4moveEl
                0x08000898       0x4c ./Application/Motors.o
                0x08000898                Motors::move(long)
 .text._ZN6Motors4stopEv
                0x080008e4       0x28 ./Application/Motors.o
                0x080008e4                Motors::stop()
 .text._ZN6Motors11handlerTaskEPv
                0x0800090c       0xa8 ./Application/Motors.o
                0x0800090c                Motors::handlerTask(void*)
 .text._ZN6Motors3setEss
                0x080009b4       0xc0 ./Application/Motors.o
                0x080009b4                Motors::set(short, short)
 .text._ZN6Motors7powerOnEv
                0x08000a74       0x98 ./Application/Motors.o
                0x08000a74                Motors::powerOn()
 .text._ZN6Motors8powerOffEv
                0x08000b0c       0x98 ./Application/Motors.o
                0x08000b0c                Motors::powerOff()
 .text._ZN6Motors7suspendEv
                0x08000ba4       0x38 ./Application/Motors.o
                0x08000ba4                Motors::suspend()
 .text.HAL_TIM_IC_CaptureCallback
                0x08000bdc       0x18 ./Application/Motors.o
                0x08000bdc                HAL_TIM_IC_CaptureCallback
 .text._ZN6Motors20timerCaptureCallbackEP17TIM_HandleTypeDef
                0x08000bf4      0x174 ./Application/Motors.o
                0x08000bf4                Motors::timerCaptureCallback(TIM_HandleTypeDef*)
 .text._ZN6Motors17encoderCorrectionERKNS_10MotorStateE
                0x08000d68      0x13c ./Application/Motors.o
                0x08000d68                Motors::encoderCorrection(Motors::MotorState const&)
 .text._ZN6Motors16resetControlTaskEv
                0x08000ea4       0x54 ./Application/Motors.o
                0x08000ea4                Motors::resetControlTask()
 .text._ZN6Motors11controlTaskEPv
                0x08000ef8      0x1bc ./Application/Motors.o
                0x08000ef8                Motors::controlTask(void*)
 .text._ZN11Application8InstanceEv
                0x080010b4       0x38 ./Application/app_main.o
                0x080010b4                Application::Instance()
 .text.APPLICATION_Start
                0x080010ec       0x16 ./Application/app_main.o
                0x080010ec                APPLICATION_Start
 *fill*         0x08001102        0x2 
 .text._ZN11ApplicationC2Ev
                0x08001104       0x70 ./Application/application.o
                0x08001104                Application::Application()
                0x08001104                Application::Application()
 .text._ZN11Application29APPLICATION_Thread_trampolineEPv
                0x08001174       0x18 ./Application/application.o
                0x08001174                Application::APPLICATION_Thread_trampoline(void*)
 .text._ZN11Application32vTimerTimeoutCallback_trampolineEP15tmrTimerControl
                0x0800118c       0x28 ./Application/application.o
                0x0800118c                Application::vTimerTimeoutCallback_trampoline(tmrTimerControl*)
 .text._ZN11Application4InitEv
                0x080011b4       0xc4 ./Application/application.o
                0x080011b4                Application::Init()
 .text._ZN11Application7GetLedsEv
                0x08001278       0x1a ./Application/application.o
                0x08001278                Application::GetLeds()
 *fill*         0x08001292        0x2 
 .text._ZN11Application18APPLICATION_ThreadEv
                0x08001294      0x1c0 ./Application/application.o
                0x08001294                Application::APPLICATION_Thread()
 .text._ZN11Application24APPLICATION_StateMachineEv
                0x08001454      0x3bc ./Application/application.o
                0x08001454                Application::APPLICATION_StateMachine()
 .text._ZN11Application32APPLICATION_TransitionToNewStateENS_17APPLICATION_StateE
                0x08001810      0x18c ./Application/application.o
                0x08001810                Application::APPLICATION_TransitionToNewState(Application::APPLICATION_State)
 .text._ZN11Application20APPLICATION_PowerOffEv
                0x0800199c       0x20 ./Application/application.o
                0x0800199c                Application::APPLICATION_PowerOff()
 .text._ZN11Application21vTimerTimeoutCallbackEP15tmrTimerControl
                0x080019bc       0xf8 ./Application/application.o
                0x080019bc                Application::vTimerTimeoutCallback(tmrTimerControl*)
 .text._ZN7Battery7suspendEv
                0x08001ab4       0x20 ./Application/battery_version4.o
                0x08001ab4                Battery::suspend()
 .text._ZN7Battery19AdcConvCpltCallbackEP19__ADC_HandleTypeDef
                0x08001ad4       0x5c ./Application/battery_version4.o
                0x08001ad4                Battery::AdcConvCpltCallback(__ADC_HandleTypeDef*)
 .text._ZN7Battery16GpioExtiCallbackEt
                0x08001b30       0x7c ./Application/battery_version4.o
                0x08001b30                Battery::GpioExtiCallback(unsigned short)
 .text.HAL_ADC_ConvCpltCallback
                0x08001bac       0x18 ./Application/battery_version4.o
                0x08001bac                HAL_ADC_ConvCpltCallback
 .text.HAL_GPIO_EXTI_Callback
                0x08001bc4       0x1e ./Application/battery_version4.o
                0x08001bc4                HAL_GPIO_EXTI_Callback
 .text._ZN8Commands11addChecksumEPKc
                0x08001be2       0xa6 ./Application/commands.o
                0x08001be2                Commands::addChecksum(char const*)
 .text._ZN8Commands14verifyChecksumEPc
                0x08001c88       0x9c ./Application/commands.o
                0x08001c88                Commands::verifyChecksum(char*)
 .text._ZN8Commands6decodeEPch
                0x08001d24      0x280 ./Application/commands.o
                0x08001d24                Commands::decode(char*, unsigned char)
 .text._ZN8Commands10sendAnswerEh
                0x08001fa4       0x64 ./Application/commands.o
                0x08001fa4                Commands::sendAnswer(unsigned char)
 .text._ZN8Commands16sendBatteryLevelEt
                0x08002008       0x70 ./Application/commands.o
                0x08002008                Commands::sendBatteryLevel(unsigned short)
 .text._ZN8Commands11sendVersionEv
                0x08002078       0xbc ./Application/commands.o
                0x08002078                Commands::sendVersion()
 .text._ZN8Commands13sendBusyStateEh
                0x08002134       0x50 ./Application/commands.o
                0x08002134                Commands::sendBusyState(unsigned char)
 .text._ZN4Leds12LEDS_All_OffEv
                0x08002184       0x34 ./Application/leds.o
                0x08002184                Leds::LEDS_All_Off()
 .text._ZN4LedsC2Ev
                0x080021b8       0x32 ./Application/leds.o
                0x080021b8                Leds::Leds()
                0x080021b8                Leds::Leds()
 .text._ZN4Leds29LEDS_HandlerThread_trampolineEPv
                0x080021ea       0x18 ./Application/leds.o
                0x080021ea                Leds::LEDS_HandlerThread_trampoline(void*)
 .text._ZN4Leds28LEDS_ActionThread_trampolineEPv
                0x08002202       0x18 ./Application/leds.o
                0x08002202                Leds::LEDS_ActionThread_trampoline(void*)
 *fill*         0x0800221a        0x2 
 .text._ZN4Leds9LEDS_InitEv
                0x0800221c       0x64 ./Application/leds.o
                0x0800221c                Leds::LEDS_Init()
 .text._ZN4Leds8LEDS_SetENS_10LEDS_StateE
                0x08002280       0x3c ./Application/leds.o
                0x08002280                Leds::LEDS_Set(Leds::LEDS_State)
 .text._ZN4Leds16LEDS_ShowPatternEh
                0x080022bc       0xa8 ./Application/leds.o
                0x080022bc                Leds::LEDS_ShowPattern(unsigned char)
 .text._ZN4Leds18LEDS_HandlerThreadEv
                0x08002364       0xb0 ./Application/leds.o
                0x08002364                Leds::LEDS_HandlerThread()
 .text._ZN4Leds17LEDS_ActionThreadEv
                0x08002414      0x45c ./Application/leds.o
                0x08002414                Leds::LEDS_ActionThread()
 .text.MESSAGE_Init
                0x08002870       0xa4 ./Application/messages.o
                0x08002870                MESSAGE_Init
 .text.MESSAGE_ReadMailbox
                0x08002914       0x5a ./Application/messages.o
                0x08002914                MESSAGE_ReadMailbox
 .text.MESSAGE_SendMailbox
                0x0800296e       0x3e ./Application/messages.o
                0x0800296e                MESSAGE_SendMailbox
 .text.MESSAGE_SendMailboxFromISR
                0x080029ac       0x3e ./Application/messages.o
                0x080029ac                MESSAGE_SendMailboxFromISR
 *fill*         0x080029ea        0x2 
 .text._ZN11Application7GetXbeeEv
                0x080029ec       0x1c ./Application/panic_version4.o
                0x080029ec                Application::GetXbee()
 .text._ZN11Application7suspendEv
                0x08002a08       0x2a ./Application/panic_version4.o
                0x08002a08                Application::suspend()
 .text._ZL22Panic_StopTasksAndWaitv
                0x08002a32       0x52 ./Application/panic_version4.o
 .text.Panic_Raise
                0x08002a84       0x88 ./Application/panic_version4.o
                0x08002a84                Panic_Raise
 .text.LL_USART_Enable
                0x08002b0c       0x1c ./Application/xbee.o
 .text.LL_USART_Disable
                0x08002b28       0x1e ./Application/xbee.o
 .text.LL_USART_DisableOverrunDetect
                0x08002b46       0x1e ./Application/xbee.o
 .text.LL_USART_EnableIT_TXE
                0x08002b64       0x3e ./Application/xbee.o
 .text.LL_USART_TransmitData8
                0x08002ba2       0x1e ./Application/xbee.o
 .text._ZN4XbeeC2Ev
                0x08002bc0       0xb4 ./Application/xbee.o
                0x08002bc0                Xbee::Xbee()
                0x08002bc0                Xbee::Xbee()
 .text._ZN4Xbee31XBEE_TxHandlerThread_trampolineEPv
                0x08002c74       0x18 ./Application/xbee.o
                0x08002c74                Xbee::XBEE_TxHandlerThread_trampoline(void*)
 .text._ZN4Xbee24XBEE_RxThread_trampolineEPv
                0x08002c8c       0x18 ./Application/xbee.o
                0x08002c8c                Xbee::XBEE_RxThread_trampoline(void*)
 .text._ZN4Xbee9XBEE_InitEv
                0x08002ca4      0x128 ./Application/xbee.o
                0x08002ca4                Xbee::XBEE_Init()
 .text._ZN4Xbee7suspendEv
                0x08002dcc       0x44 ./Application/xbee.o
                0x08002dcc                Xbee::suspend()
 .text._ZN4Xbee20XBEE_TxHandlerThreadEv
                0x08002e10       0x48 ./Application/xbee.o
                0x08002e10                Xbee::XBEE_TxHandlerThread()
 .text._ZN4Xbee13XBEE_SendDataEPc
                0x08002e58       0xc8 ./Application/xbee.o
                0x08002e58                Xbee::XBEE_SendData(char*)
 .text._ZN4Xbee13XBEE_RxThreadEv
                0x08002f20       0xe8 ./Application/xbee.o
                0x08002f20                Xbee::XBEE_RxThread()
 .text.PreSleepProcessing
                0x08003008       0x10 ./Core/Src/freertos.o
                0x08003008                PreSleepProcessing
 .text.PostSleepProcessing
                0x08003018       0x10 ./Core/Src/freertos.o
                0x08003018                PostSleepProcessing
 .text.main     0x08003028       0x54 ./Core/Src/main.o
                0x08003028                main
 .text.SystemClock_Config
                0x0800307c       0xe4 ./Core/Src/main.o
                0x0800307c                SystemClock_Config
 .text.MX_ADC_Init
                0x08003160       0xc8 ./Core/Src/main.o
 .text.MX_LPUART1_UART_Init
                0x08003228       0x64 ./Core/Src/main.o
 .text.MX_TIM2_Init
                0x0800328c      0x15c ./Core/Src/main.o
 .text.MX_TIM3_Init
                0x080033e8      0x14c ./Core/Src/main.o
 .text.MX_TIM21_Init
                0x08003534      0x160 ./Core/Src/main.o
 .text.MX_GPIO_Init
                0x08003694      0x1a8 ./Core/Src/main.o
 .text.StartDefaultTask
                0x0800383c       0x10 ./Core/Src/main.o
                0x0800383c                StartDefaultTask
 .text.HAL_TIM_PeriodElapsedCallback
                0x0800384c       0x24 ./Core/Src/main.o
                0x0800384c                HAL_TIM_PeriodElapsedCallback
 .text.Error_Handler
                0x08003870        0xc ./Core/Src/main.o
                0x08003870                Error_Handler
 .text.HAL_MspInit
                0x0800387c       0x38 ./Core/Src/stm32l0xx_hal_msp.o
                0x0800387c                HAL_MspInit
 .text.HAL_ADC_MspInit
                0x080038b4       0x88 ./Core/Src/stm32l0xx_hal_msp.o
                0x080038b4                HAL_ADC_MspInit
 .text.HAL_UART_MspInit
                0x0800393c       0x9c ./Core/Src/stm32l0xx_hal_msp.o
                0x0800393c                HAL_UART_MspInit
 .text.HAL_TIM_Base_MspInit
                0x080039d8      0x120 ./Core/Src/stm32l0xx_hal_msp.o
                0x080039d8                HAL_TIM_Base_MspInit
 .text.HAL_TIM_MspPostInit
                0x08003af8       0xc0 ./Core/Src/stm32l0xx_hal_msp.o
                0x08003af8                HAL_TIM_MspPostInit
 .text.HAL_InitTick
                0x08003bb8       0xfc ./Core/Src/stm32l0xx_hal_timebase_tim.o
                0x08003bb8                HAL_InitTick
 .text.NMI_Handler
                0x08003cb4        0x8 ./Core/Src/stm32l0xx_it.o
                0x08003cb4                NMI_Handler
 .text.HardFault_Handler
                0x08003cbc        0x8 ./Core/Src/stm32l0xx_it.o
                0x08003cbc                HardFault_Handler
 .text.EXTI2_3_IRQHandler
                0x08003cc4       0x10 ./Core/Src/stm32l0xx_it.o
                0x08003cc4                EXTI2_3_IRQHandler
 .text.EXTI4_15_IRQHandler
                0x08003cd4       0x10 ./Core/Src/stm32l0xx_it.o
                0x08003cd4                EXTI4_15_IRQHandler
 .text.ADC1_COMP_IRQHandler
                0x08003ce4       0x18 ./Core/Src/stm32l0xx_it.o
                0x08003ce4                ADC1_COMP_IRQHandler
 .text.TIM2_IRQHandler
                0x08003cfc       0x18 ./Core/Src/stm32l0xx_it.o
                0x08003cfc                TIM2_IRQHandler
 .text.TIM6_IRQHandler
                0x08003d14       0x18 ./Core/Src/stm32l0xx_it.o
                0x08003d14                TIM6_IRQHandler
 .text.TIM21_IRQHandler
                0x08003d2c       0x18 ./Core/Src/stm32l0xx_it.o
                0x08003d2c                TIM21_IRQHandler
 .text.LPUART1_IRQHandler
                0x08003d44       0x18 ./Core/Src/stm32l0xx_it.o
                0x08003d44                LPUART1_IRQHandler
 .text._getpid  0x08003d5c        0xc ./Core/Src/syscalls.o
                0x08003d5c                _getpid
 .text._kill    0x08003d68       0x20 ./Core/Src/syscalls.o
                0x08003d68                _kill
 .text._exit    0x08003d88       0x1a ./Core/Src/syscalls.o
                0x08003d88                _exit
 *fill*         0x08003da2        0x2 
 .text._sbrk    0x08003da4       0x6c ./Core/Src/sysmem.o
                0x08003da4                _sbrk
 .text.SystemInit
                0x08003e10        0xa ./Core/Src/system_stm32l0xx.o
                0x08003e10                SystemInit
 *fill*         0x08003e1a        0x2 
 .text.Reset_Handler
                0x08003e1c       0x50 ./Core/Startup/startup_stm32l071cbtx.o
                0x08003e1c                Reset_Handler
 .text.Default_Handler
                0x08003e6c        0x2 ./Core/Startup/startup_stm32l071cbtx.o
                0x08003e6c                PVD_IRQHandler
                0x08003e6c                I2C1_IRQHandler
                0x08003e6c                SPI1_IRQHandler
                0x08003e6c                I2C2_IRQHandler
                0x08003e6c                RTC_IRQHandler
                0x08003e6c                DMA1_Channel4_5_6_7_IRQHandler
                0x08003e6c                TIM3_IRQHandler
                0x08003e6c                RCC_IRQHandler
                0x08003e6c                DMA1_Channel1_IRQHandler
                0x08003e6c                USART4_5_IRQHandler
                0x08003e6c                Default_Handler
                0x08003e6c                TIM22_IRQHandler
                0x08003e6c                TIM7_IRQHandler
                0x08003e6c                EXTI0_1_IRQHandler
                0x08003e6c                I2C3_IRQHandler
                0x08003e6c                SPI2_IRQHandler
                0x08003e6c                WWDG_IRQHandler
                0x08003e6c                DMA1_Channel2_3_IRQHandler
                0x08003e6c                USART2_IRQHandler
                0x08003e6c                FLASH_IRQHandler
                0x08003e6c                USART1_IRQHandler
                0x08003e6c                LPTIM1_IRQHandler
 *fill*         0x08003e6e        0x2 
 .text.HAL_Init
                0x08003e70       0x40 ./Drivers/STM32L0xx_HAL_Driver/Src/stm32l0xx_hal.o
                0x08003e70                HAL_Init
 .text.HAL_IncTick
                0x08003eb0       0x24 ./Drivers/STM32L0xx_HAL_Driver/Src/stm32l0xx_hal.o
                0x08003eb0                HAL_IncTick
 .text.HAL_GetTick
                0x08003ed4       0x14 ./Drivers/STM32L0xx_HAL_Driver/Src/stm32l0xx_hal.o
                0x08003ed4                HAL_GetTick
 .text.HAL_ADC_Init
                0x08003ee8      0x2e8 ./Drivers/STM32L0xx_HAL_Driver/Src/stm32l0xx_hal_adc.o
                0x08003ee8                HAL_ADC_Init
 .text.HAL_ADC_GetValue
                0x080041d0       0x16 ./Drivers/STM32L0xx_HAL_Driver/Src/stm32l0xx_hal_adc.o
                0x080041d0                HAL_ADC_GetValue
 *fill*         0x080041e6        0x2 
 .text.HAL_ADC_IRQHandler
                0x080041e8      0x154 ./Drivers/STM32L0xx_HAL_Driver/Src/stm32l0xx_hal_adc.o
                0x080041e8                HAL_ADC_IRQHandler
 .text.HAL_ADC_LevelOutOfWindowCallback
                0x0800433c       0x10 ./Drivers/STM32L0xx_HAL_Driver/Src/stm32l0xx_hal_adc.o
                0x0800433c                HAL_ADC_LevelOutOfWindowCallback
 .text.HAL_ADC_ErrorCallback
                0x0800434c       0x10 ./Drivers/STM32L0xx_HAL_Driver/Src/stm32l0xx_hal_adc.o
                0x0800434c                HAL_ADC_ErrorCallback
 .text.HAL_ADC_ConfigChannel
                0x0800435c      0x10c ./Drivers/STM32L0xx_HAL_Driver/Src/stm32l0xx_hal_adc.o
                0x0800435c                HAL_ADC_ConfigChannel
 .text.ADC_DelayMicroSecond
                0x08004468       0x40 ./Drivers/STM32L0xx_HAL_Driver/Src/stm32l0xx_hal_adc.o
 .text.__NVIC_EnableIRQ
                0x080044a8       0x34 ./Drivers/STM32L0xx_HAL_Driver/Src/stm32l0xx_hal_cortex.o
 .text.__NVIC_SetPriority
                0x080044dc       0xdc ./Drivers/STM32L0xx_HAL_Driver/Src/stm32l0xx_hal_cortex.o
 .text.HAL_NVIC_SetPriority
                0x080045b8       0x2a ./Drivers/STM32L0xx_HAL_Driver/Src/stm32l0xx_hal_cortex.o
                0x080045b8                HAL_NVIC_SetPriority
 .text.HAL_NVIC_EnableIRQ
                0x080045e2       0x20 ./Drivers/STM32L0xx_HAL_Driver/Src/stm32l0xx_hal_cortex.o
                0x080045e2                HAL_NVIC_EnableIRQ
 .text.HAL_DMA_Abort
                0x08004602       0x80 ./Drivers/STM32L0xx_HAL_Driver/Src/stm32l0xx_hal_dma.o
                0x08004602                HAL_DMA_Abort
 .text.HAL_DMA_Abort_IT
                0x08004682       0x8e ./Drivers/STM32L0xx_HAL_Driver/Src/stm32l0xx_hal_dma.o
                0x08004682                HAL_DMA_Abort_IT
 .text.HAL_GPIO_Init
                0x08004710      0x2fc ./Drivers/STM32L0xx_HAL_Driver/Src/stm32l0xx_hal_gpio.o
                0x08004710                HAL_GPIO_Init
 .text.HAL_GPIO_ReadPin
                0x08004a0c       0x3a ./Drivers/STM32L0xx_HAL_Driver/Src/stm32l0xx_hal_gpio.o
                0x08004a0c                HAL_GPIO_ReadPin
 .text.HAL_GPIO_WritePin
                0x08004a46       0x3a ./Drivers/STM32L0xx_HAL_Driver/Src/stm32l0xx_hal_gpio.o
                0x08004a46                HAL_GPIO_WritePin
 .text.HAL_GPIO_EXTI_IRQHandler
                0x08004a80       0x38 ./Drivers/STM32L0xx_HAL_Driver/Src/stm32l0xx_hal_gpio.o
                0x08004a80                HAL_GPIO_EXTI_IRQHandler
 .text.HAL_RCC_OscConfig
                0x08004ab8      0x6f8 ./Drivers/STM32L0xx_HAL_Driver/Src/stm32l0xx_hal_rcc.o
                0x08004ab8                HAL_RCC_OscConfig
 .text.HAL_RCC_ClockConfig
                0x080051b0      0x290 ./Drivers/STM32L0xx_HAL_Driver/Src/stm32l0xx_hal_rcc.o
                0x080051b0                HAL_RCC_ClockConfig
 .text.HAL_RCC_GetSysClockFreq
                0x08005440      0x10c ./Drivers/STM32L0xx_HAL_Driver/Src/stm32l0xx_hal_rcc.o
                0x08005440                HAL_RCC_GetSysClockFreq
 .text.HAL_RCC_GetHCLKFreq
                0x0800554c       0x14 ./Drivers/STM32L0xx_HAL_Driver/Src/stm32l0xx_hal_rcc.o
                0x0800554c                HAL_RCC_GetHCLKFreq
 .text.HAL_RCC_GetPCLK1Freq
                0x08005560       0x2c ./Drivers/STM32L0xx_HAL_Driver/Src/stm32l0xx_hal_rcc.o
                0x08005560                HAL_RCC_GetPCLK1Freq
 .text.HAL_RCC_GetPCLK2Freq
                0x0800558c       0x2c ./Drivers/STM32L0xx_HAL_Driver/Src/stm32l0xx_hal_rcc.o
                0x0800558c                HAL_RCC_GetPCLK2Freq
 .text.HAL_RCC_GetClockConfig
                0x080055b8       0x64 ./Drivers/STM32L0xx_HAL_Driver/Src/stm32l0xx_hal_rcc.o
                0x080055b8                HAL_RCC_GetClockConfig
 .text.HAL_RCCEx_PeriphCLKConfig
                0x0800561c      0x294 ./Drivers/STM32L0xx_HAL_Driver/Src/stm32l0xx_hal_rcc_ex.o
                0x0800561c                HAL_RCCEx_PeriphCLKConfig
 .text.HAL_TIM_Base_Init
                0x080058b0       0x80 ./Drivers/STM32L0xx_HAL_Driver/Src/stm32l0xx_hal_tim.o
                0x080058b0                HAL_TIM_Base_Init
 .text.HAL_TIM_Base_Start_IT
                0x08005930       0xa4 ./Drivers/STM32L0xx_HAL_Driver/Src/stm32l0xx_hal_tim.o
                0x08005930                HAL_TIM_Base_Start_IT
 .text.HAL_TIM_PWM_Init
                0x080059d4       0x80 ./Drivers/STM32L0xx_HAL_Driver/Src/stm32l0xx_hal_tim.o
                0x080059d4                HAL_TIM_PWM_Init
 .text.HAL_TIM_PWM_MspInit
                0x08005a54       0x10 ./Drivers/STM32L0xx_HAL_Driver/Src/stm32l0xx_hal_tim.o
                0x08005a54                HAL_TIM_PWM_MspInit
 .text.HAL_TIM_IC_Init
                0x08005a64       0x80 ./Drivers/STM32L0xx_HAL_Driver/Src/stm32l0xx_hal_tim.o
                0x08005a64                HAL_TIM_IC_Init
 .text.HAL_TIM_IC_MspInit
                0x08005ae4       0x10 ./Drivers/STM32L0xx_HAL_Driver/Src/stm32l0xx_hal_tim.o
                0x08005ae4                HAL_TIM_IC_MspInit
 .text.HAL_TIM_IRQHandler
                0x08005af4      0x198 ./Drivers/STM32L0xx_HAL_Driver/Src/stm32l0xx_hal_tim.o
                0x08005af4                HAL_TIM_IRQHandler
 .text.HAL_TIM_IC_ConfigChannel
                0x08005c8c      0x148 ./Drivers/STM32L0xx_HAL_Driver/Src/stm32l0xx_hal_tim.o
                0x08005c8c                HAL_TIM_IC_ConfigChannel
 .text.HAL_TIM_PWM_ConfigChannel
                0x08005dd4      0x18c ./Drivers/STM32L0xx_HAL_Driver/Src/stm32l0xx_hal_tim.o
                0x08005dd4                HAL_TIM_PWM_ConfigChannel
 .text.HAL_TIM_ConfigClockSource
                0x08005f60      0x1a8 ./Drivers/STM32L0xx_HAL_Driver/Src/stm32l0xx_hal_tim.o
                0x08005f60                HAL_TIM_ConfigClockSource
 .text.HAL_TIM_SlaveConfigSynchro
                0x08006108       0x8c ./Drivers/STM32L0xx_HAL_Driver/Src/stm32l0xx_hal_tim.o
                0x08006108                HAL_TIM_SlaveConfigSynchro
 .text.HAL_TIM_OC_DelayElapsedCallback
                0x08006194       0x10 ./Drivers/STM32L0xx_HAL_Driver/Src/stm32l0xx_hal_tim.o
                0x08006194                HAL_TIM_OC_DelayElapsedCallback
 .text.HAL_TIM_PWM_PulseFinishedCallback
                0x080061a4       0x10 ./Drivers/STM32L0xx_HAL_Driver/Src/stm32l0xx_hal_tim.o
                0x080061a4                HAL_TIM_PWM_PulseFinishedCallback
 .text.HAL_TIM_TriggerCallback
                0x080061b4       0x10 ./Drivers/STM32L0xx_HAL_Driver/Src/stm32l0xx_hal_tim.o
                0x080061b4                HAL_TIM_TriggerCallback
 .text.TIM_Base_SetConfig
                0x080061c4       0xc8 ./Drivers/STM32L0xx_HAL_Driver/Src/stm32l0xx_hal_tim.o
 .text.TIM_OC1_SetConfig
                0x0800628c       0x78 ./Drivers/STM32L0xx_HAL_Driver/Src/stm32l0xx_hal_tim.o
 .text.TIM_OC2_SetConfig
                0x08006304       0x84 ./Drivers/STM32L0xx_HAL_Driver/Src/stm32l0xx_hal_tim.o
 .text.TIM_OC3_SetConfig
                0x08006388       0x80 ./Drivers/STM32L0xx_HAL_Driver/Src/stm32l0xx_hal_tim.o
 .text.TIM_OC4_SetConfig
                0x08006408       0x8c ./Drivers/STM32L0xx_HAL_Driver/Src/stm32l0xx_hal_tim.o
 .text.TIM_SlaveTimer_SetConfig
                0x08006494      0x124 ./Drivers/STM32L0xx_HAL_Driver/Src/stm32l0xx_hal_tim.o
 .text.TIM_TI1_SetConfig
                0x080065b8       0xb8 ./Drivers/STM32L0xx_HAL_Driver/Src/stm32l0xx_hal_tim.o
 .text.TIM_TI1_ConfigInputStage
                0x08006670       0x5c ./Drivers/STM32L0xx_HAL_Driver/Src/stm32l0xx_hal_tim.o
 .text.TIM_TI2_SetConfig
                0x080066cc       0x84 ./Drivers/STM32L0xx_HAL_Driver/Src/stm32l0xx_hal_tim.o
 .text.TIM_TI2_ConfigInputStage
                0x08006750       0x64 ./Drivers/STM32L0xx_HAL_Driver/Src/stm32l0xx_hal_tim.o
 .text.TIM_TI3_SetConfig
                0x080067b4       0x80 ./Drivers/STM32L0xx_HAL_Driver/Src/stm32l0xx_hal_tim.o
 .text.TIM_TI4_SetConfig
                0x08006834       0x8c ./Drivers/STM32L0xx_HAL_Driver/Src/stm32l0xx_hal_tim.o
 .text.TIM_ITRx_SetConfig
                0x080068c0       0x32 ./Drivers/STM32L0xx_HAL_Driver/Src/stm32l0xx_hal_tim.o
 *fill*         0x080068f2        0x2 
 .text.TIM_ETR_SetConfig
                0x080068f4       0x40 ./Drivers/STM32L0xx_HAL_Driver/Src/stm32l0xx_hal_tim.o
 .text.HAL_TIMEx_MasterConfigSynchronization
                0x08006934       0xbc ./Drivers/STM32L0xx_HAL_Driver/Src/stm32l0xx_hal_tim_ex.o
                0x08006934                HAL_TIMEx_MasterConfigSynchronization
 .text.HAL_TIMEx_RemapConfig
                0x080069f0       0x3a ./Drivers/STM32L0xx_HAL_Driver/Src/stm32l0xx_hal_tim_ex.o
                0x080069f0                HAL_TIMEx_RemapConfig
 *fill*         0x08006a2a        0x2 
 .text.HAL_UART_Init
                0x08006a2c       0xa8 ./Drivers/STM32L0xx_HAL_Driver/Src/stm32l0xx_hal_uart.o
                0x08006a2c                HAL_UART_Init
 .text.HAL_UART_Receive_IT
                0x08006ad4       0xbc ./Drivers/STM32L0xx_HAL_Driver/Src/stm32l0xx_hal_uart.o
                0x08006ad4                HAL_UART_Receive_IT
 .text.HAL_UART_IRQHandler
                0x08006b90      0x600 ./Drivers/STM32L0xx_HAL_Driver/Src/stm32l0xx_hal_uart.o
                0x08006b90                HAL_UART_IRQHandler
 .text.HAL_UART_TxCpltCallback
                0x08007190       0x10 ./Drivers/STM32L0xx_HAL_Driver/Src/stm32l0xx_hal_uart.o
                0x08007190                HAL_UART_TxCpltCallback
 .text.HAL_UART_RxCpltCallback
                0x080071a0       0x10 ./Drivers/STM32L0xx_HAL_Driver/Src/stm32l0xx_hal_uart.o
                0x080071a0                HAL_UART_RxCpltCallback
 .text.HAL_UART_ErrorCallback
                0x080071b0       0x10 ./Drivers/STM32L0xx_HAL_Driver/Src/stm32l0xx_hal_uart.o
                0x080071b0                HAL_UART_ErrorCallback
 .text.HAL_UARTEx_RxEventCallback
                0x080071c0       0x16 ./Drivers/STM32L0xx_HAL_Driver/Src/stm32l0xx_hal_uart.o
                0x080071c0                HAL_UARTEx_RxEventCallback
 *fill*         0x080071d6        0x2 
 .text.UART_SetConfig
                0x080071d8      0x53c ./Drivers/STM32L0xx_HAL_Driver/Src/stm32l0xx_hal_uart.o
                0x080071d8                UART_SetConfig
 .text.UART_AdvFeatureConfig
                0x08007714      0x168 ./Drivers/STM32L0xx_HAL_Driver/Src/stm32l0xx_hal_uart.o
                0x08007714                UART_AdvFeatureConfig
 .text.UART_CheckIdleState
                0x0800787c      0x150 ./Drivers/STM32L0xx_HAL_Driver/Src/stm32l0xx_hal_uart.o
                0x0800787c                UART_CheckIdleState
 .text.UART_WaitOnFlagUntilTimeout
                0x080079cc       0xde ./Drivers/STM32L0xx_HAL_Driver/Src/stm32l0xx_hal_uart.o
                0x080079cc                UART_WaitOnFlagUntilTimeout
 *fill*         0x08007aaa        0x2 
 .text.UART_Start_Receive_IT
                0x08007aac      0x194 ./Drivers/STM32L0xx_HAL_Driver/Src/stm32l0xx_hal_uart.o
                0x08007aac                UART_Start_Receive_IT
 .text.UART_EndRxTransfer
                0x08007c40       0xc8 ./Drivers/STM32L0xx_HAL_Driver/Src/stm32l0xx_hal_uart.o
 .text.UART_DMAAbortOnError
                0x08007d08       0x26 ./Drivers/STM32L0xx_HAL_Driver/Src/stm32l0xx_hal_uart.o
 .text.UART_EndTransmit_IT
                0x08007d2e       0x56 ./Drivers/STM32L0xx_HAL_Driver/Src/stm32l0xx_hal_uart.o
 .text.UART_RxISR_8BIT
                0x08007d84      0x1c4 ./Drivers/STM32L0xx_HAL_Driver/Src/stm32l0xx_hal_uart.o
 .text.UART_RxISR_16BIT
                0x08007f48      0x1c4 ./Drivers/STM32L0xx_HAL_Driver/Src/stm32l0xx_hal_uart.o
 .text.HAL_UARTEx_WakeupCallback
                0x0800810c       0x10 ./Drivers/STM32L0xx_HAL_Driver/Src/stm32l0xx_hal_uart_ex.o
                0x0800810c                HAL_UARTEx_WakeupCallback
 .text.SVC_Setup
                0x0800811c        0xa ./Middlewares/Third_Party/FreeRTOS/Source/CMSIS_RTOS_V2/cmsis_os2.o
 *fill*         0x08008126        0x2 
 .text.osKernelInitialize
                0x08008128       0x58 ./Middlewares/Third_Party/FreeRTOS/Source/CMSIS_RTOS_V2/cmsis_os2.o
                0x08008128                osKernelInitialize
 .text.osKernelStart
                0x08008180       0x60 ./Middlewares/Third_Party/FreeRTOS/Source/CMSIS_RTOS_V2/cmsis_os2.o
                0x08008180                osKernelStart
 .text.osThreadNew
                0x080081e0      0x148 ./Middlewares/Third_Party/FreeRTOS/Source/CMSIS_RTOS_V2/cmsis_os2.o
                0x080081e0                osThreadNew
 .text.osDelay  0x08008328       0x50 ./Middlewares/Third_Party/FreeRTOS/Source/CMSIS_RTOS_V2/cmsis_os2.o
                0x08008328                osDelay
 .text.vApplicationGetIdleTaskMemory
                0x08008378       0x30 ./Middlewares/Third_Party/FreeRTOS/Source/CMSIS_RTOS_V2/cmsis_os2.o
                0x08008378                vApplicationGetIdleTaskMemory
 .text.vApplicationGetTimerTaskMemory
                0x080083a8       0x30 ./Middlewares/Third_Party/FreeRTOS/Source/CMSIS_RTOS_V2/cmsis_os2.o
                0x080083a8                vApplicationGetTimerTaskMemory
 .text.vListInitialise
                0x080083d8       0x3c ./Middlewares/Third_Party/FreeRTOS/Source/list.o
                0x080083d8                vListInitialise
 .text.vListInitialiseItem
                0x08008414       0x16 ./Middlewares/Third_Party/FreeRTOS/Source/list.o
                0x08008414                vListInitialiseItem
 .text.vListInsertEnd
                0x0800842a       0x44 ./Middlewares/Third_Party/FreeRTOS/Source/list.o
                0x0800842a                vListInsertEnd
 .text.vListInsert
                0x0800846e       0x6c ./Middlewares/Third_Party/FreeRTOS/Source/list.o
                0x0800846e                vListInsert
 .text.uxListRemove
                0x080084da       0x50 ./Middlewares/Third_Party/FreeRTOS/Source/list.o
                0x080084da                uxListRemove
 .text.xQueueGenericReset
                0x0800852a       0xaa ./Middlewares/Third_Party/FreeRTOS/Source/queue.o
                0x0800852a                xQueueGenericReset
 .text.xQueueGenericCreateStatic
                0x080085d4       0xa2 ./Middlewares/Third_Party/FreeRTOS/Source/queue.o
                0x080085d4                xQueueGenericCreateStatic
 .text.xQueueGenericCreate
                0x08008676       0x72 ./Middlewares/Third_Party/FreeRTOS/Source/queue.o
                0x08008676                xQueueGenericCreate
 .text.prvInitialiseNewQueue
                0x080086e8       0x4e ./Middlewares/Third_Party/FreeRTOS/Source/queue.o
 .text.xQueueGenericSend
                0x08008736      0x190 ./Middlewares/Third_Party/FreeRTOS/Source/queue.o
                0x08008736                xQueueGenericSend
 .text.xQueueGenericSendFromISR
                0x080088c6       0xe8 ./Middlewares/Third_Party/FreeRTOS/Source/queue.o
                0x080088c6                xQueueGenericSendFromISR
 .text.xQueueReceive
                0x080089ae      0x170 ./Middlewares/Third_Party/FreeRTOS/Source/queue.o
                0x080089ae                xQueueReceive
 .text.xQueueSemaphoreTake
                0x08008b1e      0x1bc ./Middlewares/Third_Party/FreeRTOS/Source/queue.o
                0x08008b1e                xQueueSemaphoreTake
 .text.prvGetDisinheritPriorityAfterTimeout
                0x08008cda       0x2c ./Middlewares/Third_Party/FreeRTOS/Source/queue.o
 .text.prvCopyDataToQueue
                0x08008d06       0xd6 ./Middlewares/Third_Party/FreeRTOS/Source/queue.o
 .text.prvCopyDataFromQueue
                0x08008ddc       0x4c ./Middlewares/Third_Party/FreeRTOS/Source/queue.o
 .text.prvUnlockQueue
                0x08008e28       0xbc ./Middlewares/Third_Party/FreeRTOS/Source/queue.o
 .text.prvIsQueueEmpty
                0x08008ee4       0x2c ./Middlewares/Third_Party/FreeRTOS/Source/queue.o
 .text.prvIsQueueFull
                0x08008f10       0x30 ./Middlewares/Third_Party/FreeRTOS/Source/queue.o
 .text.vQueueAddToRegistry
                0x08008f40       0x50 ./Middlewares/Third_Party/FreeRTOS/Source/queue.o
                0x08008f40                vQueueAddToRegistry
 .text.vQueueWaitForMessageRestricted
                0x08008f90       0x66 ./Middlewares/Third_Party/FreeRTOS/Source/queue.o
                0x08008f90                vQueueWaitForMessageRestricted
 .text.xTaskCreateStatic
                0x08008ff6       0x8e ./Middlewares/Third_Party/FreeRTOS/Source/tasks.o
                0x08008ff6                xTaskCreateStatic
 .text.xTaskCreate
                0x08009084       0x98 ./Middlewares/Third_Party/FreeRTOS/Source/tasks.o
                0x08009084                xTaskCreate
 .text.prvInitialiseNewTask
                0x0800911c      0x14c ./Middlewares/Third_Party/FreeRTOS/Source/tasks.o
 .text.prvAddNewTaskToReadyList
                0x08009268       0xd0 ./Middlewares/Third_Party/FreeRTOS/Source/tasks.o
 .text.vTaskDelete
                0x08009338       0xc8 ./Middlewares/Third_Party/FreeRTOS/Source/tasks.o
                0x08009338                vTaskDelete
 .text.vTaskDelayUntil
                0x08009400       0xbc ./Middlewares/Third_Party/FreeRTOS/Source/tasks.o
                0x08009400                vTaskDelayUntil
 .text.vTaskDelay
                0x080094bc       0x4c ./Middlewares/Third_Party/FreeRTOS/Source/tasks.o
                0x080094bc                vTaskDelay
 .text.vTaskSuspend
                0x08009508       0xcc ./Middlewares/Third_Party/FreeRTOS/Source/tasks.o
                0x08009508                vTaskSuspend
 .text.prvTaskIsTaskSuspended
                0x080095d4       0x50 ./Middlewares/Third_Party/FreeRTOS/Source/tasks.o
 .text.vTaskResume
                0x08009624       0x9c ./Middlewares/Third_Party/FreeRTOS/Source/tasks.o
                0x08009624                vTaskResume
 .text.vTaskStartScheduler
                0x080096c0       0xc0 ./Middlewares/Third_Party/FreeRTOS/Source/tasks.o
                0x080096c0                vTaskStartScheduler
 .text.vTaskSuspendAll
                0x08009780       0x18 ./Middlewares/Third_Party/FreeRTOS/Source/tasks.o
                0x08009780                vTaskSuspendAll
 .text.prvGetExpectedIdleTime
                0x08009798       0x6c ./Middlewares/Third_Party/FreeRTOS/Source/tasks.o
 .text.xTaskResumeAll
                0x08009804      0x118 ./Middlewares/Third_Party/FreeRTOS/Source/tasks.o
                0x08009804                xTaskResumeAll
 .text.xTaskGetTickCount
                0x0800991c       0x1c ./Middlewares/Third_Party/FreeRTOS/Source/tasks.o
                0x0800991c                xTaskGetTickCount
 .text.vTaskStepTick
                0x08009938       0x3c ./Middlewares/Third_Party/FreeRTOS/Source/tasks.o
                0x08009938                vTaskStepTick
 .text.xTaskIncrementTick
                0x08009974      0x160 ./Middlewares/Third_Party/FreeRTOS/Source/tasks.o
                0x08009974                xTaskIncrementTick
 .text.vTaskSwitchContext
                0x08009ad4       0xb4 ./Middlewares/Third_Party/FreeRTOS/Source/tasks.o
                0x08009ad4                vTaskSwitchContext
 .text.vTaskPlaceOnEventList
                0x08009b88       0x40 ./Middlewares/Third_Party/FreeRTOS/Source/tasks.o
                0x08009b88                vTaskPlaceOnEventList
 .text.vTaskPlaceOnEventListRestricted
                0x08009bc8       0x50 ./Middlewares/Third_Party/FreeRTOS/Source/tasks.o
                0x08009bc8                vTaskPlaceOnEventListRestricted
 .text.xTaskRemoveFromEventList
                0x08009c18       0xc0 ./Middlewares/Third_Party/FreeRTOS/Source/tasks.o
                0x08009c18                xTaskRemoveFromEventList
 .text.vTaskInternalSetTimeOutState
                0x08009cd8       0x28 ./Middlewares/Third_Party/FreeRTOS/Source/tasks.o
                0x08009cd8                vTaskInternalSetTimeOutState
 .text.xTaskCheckForTimeOut
                0x08009d00       0xc4 ./Middlewares/Third_Party/FreeRTOS/Source/tasks.o
                0x08009d00                xTaskCheckForTimeOut
 .text.vTaskMissedYield
                0x08009dc4       0x14 ./Middlewares/Third_Party/FreeRTOS/Source/tasks.o
                0x08009dc4                vTaskMissedYield
 .text.prvIdleTask
                0x08009dd8       0x64 ./Middlewares/Third_Party/FreeRTOS/Source/tasks.o
 .text.eTaskConfirmSleepModeStatus
                0x08009e3c       0x64 ./Middlewares/Third_Party/FreeRTOS/Source/tasks.o
                0x08009e3c                eTaskConfirmSleepModeStatus
 .text.prvInitialiseTaskLists
                0x08009ea0       0x88 ./Middlewares/Third_Party/FreeRTOS/Source/tasks.o
 .text.prvCheckTasksWaitingTermination
                0x08009f28       0x5c ./Middlewares/Third_Party/FreeRTOS/Source/tasks.o
 .text.prvDeleteTCB
                0x08009f84       0x5c ./Middlewares/Third_Party/FreeRTOS/Source/tasks.o
 .text.prvResetNextTaskUnblockTime
                0x08009fe0       0x3c ./Middlewares/Third_Party/FreeRTOS/Source/tasks.o
 .text.xTaskGetCurrentTaskHandle
                0x0800a01c       0x1c ./Middlewares/Third_Party/FreeRTOS/Source/tasks.o
                0x0800a01c                xTaskGetCurrentTaskHandle
 .text.xTaskGetSchedulerState
                0x0800a038       0x38 ./Middlewares/Third_Party/FreeRTOS/Source/tasks.o
                0x0800a038                xTaskGetSchedulerState
 .text.xTaskPriorityInherit
                0x0800a070       0xd0 ./Middlewares/Third_Party/FreeRTOS/Source/tasks.o
                0x0800a070                xTaskPriorityInherit
 .text.xTaskPriorityDisinherit
                0x0800a140       0xbc ./Middlewares/Third_Party/FreeRTOS/Source/tasks.o
                0x0800a140                xTaskPriorityDisinherit
 .text.vTaskPriorityDisinheritAfterTimeout
                0x0800a1fc       0xe4 ./Middlewares/Third_Party/FreeRTOS/Source/tasks.o
                0x0800a1fc                vTaskPriorityDisinheritAfterTimeout
 .text.pvTaskIncrementMutexHeldCount
                0x0800a2e0       0x24 ./Middlewares/Third_Party/FreeRTOS/Source/tasks.o
                0x0800a2e0                pvTaskIncrementMutexHeldCount
 .text.vTaskNotifyGiveFromISR
                0x0800a304       0xf8 ./Middlewares/Third_Party/FreeRTOS/Source/tasks.o
                0x0800a304                vTaskNotifyGiveFromISR
 .text.prvAddCurrentTaskToDelayedList
                0x0800a3fc       0xb4 ./Middlewares/Third_Party/FreeRTOS/Source/tasks.o
 .text.xTimerCreateTimerTask
                0x0800a4b0       0x80 ./Middlewares/Third_Party/FreeRTOS/Source/timers.o
                0x0800a4b0                xTimerCreateTimerTask
 .text.xTimerCreateStatic
                0x0800a530       0x5e ./Middlewares/Third_Party/FreeRTOS/Source/timers.o
                0x0800a530                xTimerCreateStatic
 .text.prvInitialiseNewTimer
                0x0800a58e       0x66 ./Middlewares/Third_Party/FreeRTOS/Source/timers.o
 .text.xTimerGenericCommand
                0x0800a5f4       0x98 ./Middlewares/Third_Party/FreeRTOS/Source/timers.o
                0x0800a5f4                xTimerGenericCommand
 .text.prvProcessExpiredTimer
                0x0800a68c       0x8c ./Middlewares/Third_Party/FreeRTOS/Source/timers.o
 .text.prvTimerTask
                0x0800a718       0x2a ./Middlewares/Third_Party/FreeRTOS/Source/timers.o
 *fill*         0x0800a742        0x2 
 .text.prvProcessTimerOrBlockTask
                0x0800a744       0x90 ./Middlewares/Third_Party/FreeRTOS/Source/timers.o
 .text.prvGetNextExpireTime
                0x0800a7d4       0x44 ./Middlewares/Third_Party/FreeRTOS/Source/timers.o
 .text.prvSampleTimeNow
                0x0800a818       0x40 ./Middlewares/Third_Party/FreeRTOS/Source/timers.o
 .text.prvInsertTimerInActiveList
                0x0800a858       0x84 ./Middlewares/Third_Party/FreeRTOS/Source/timers.o
 .text.prvProcessReceivedCommands
                0x0800a8dc      0x194 ./Middlewares/Third_Party/FreeRTOS/Source/timers.o
 .text.prvSwitchTimerLists
                0x0800aa70       0xbc ./Middlewares/Third_Party/FreeRTOS/Source/timers.o
 .text.prvCheckForValidListAndQueue
                0x0800ab2c       0x84 ./Middlewares/Third_Party/FreeRTOS/Source/timers.o
 .text.pvTimerGetTimerID
                0x0800abb0       0x30 ./Middlewares/Third_Party/FreeRTOS/Source/timers.o
                0x0800abb0                pvTimerGetTimerID
 .text.pxPortInitialiseStack
                0x0800abe0       0x54 ./Middlewares/Third_Party/FreeRTOS/Source/portable/GCC/ARM_CM0/port.o
                0x0800abe0                pxPortInitialiseStack
 .text.prvTaskExitError
                0x0800ac34       0x30 ./Middlewares/Third_Party/FreeRTOS/Source/portable/GCC/ARM_CM0/port.o
 .text.SVC_Handler
                0x0800ac64        0xa ./Middlewares/Third_Party/FreeRTOS/Source/portable/GCC/ARM_CM0/port.o
                0x0800ac64                SVC_Handler
 *fill*         0x0800ac6e        0x2 
 .text.vPortStartFirstTask
                0x0800ac70       0x38 ./Middlewares/Third_Party/FreeRTOS/Source/portable/GCC/ARM_CM0/port.o
 .text.xPortStartScheduler
                0x0800aca8       0x48 ./Middlewares/Third_Party/FreeRTOS/Source/portable/GCC/ARM_CM0/port.o
                0x0800aca8                xPortStartScheduler
 .text.vPortYield
                0x0800acf0       0x20 ./Middlewares/Third_Party/FreeRTOS/Source/portable/GCC/ARM_CM0/port.o
                0x0800acf0                vPortYield
 .text.vPortEnterCritical
                0x0800ad10       0x24 ./Middlewares/Third_Party/FreeRTOS/Source/portable/GCC/ARM_CM0/port.o
                0x0800ad10                vPortEnterCritical
 .text.vPortExitCritical
                0x0800ad34       0x30 ./Middlewares/Third_Party/FreeRTOS/Source/portable/GCC/ARM_CM0/port.o
                0x0800ad34                vPortExitCritical
 .text.ulSetInterruptMaskFromISR
                0x0800ad64        0xc ./Middlewares/Third_Party/FreeRTOS/Source/portable/GCC/ARM_CM0/port.o
                0x0800ad64                ulSetInterruptMaskFromISR
 .text.vClearInterruptMaskFromISR
                0x0800ad70        0x8 ./Middlewares/Third_Party/FreeRTOS/Source/portable/GCC/ARM_CM0/port.o
                0x0800ad70                vClearInterruptMaskFromISR
 *fill*         0x0800ad78        0x8 
 .text.PendSV_Handler
                0x0800ad80       0x48 ./Middlewares/Third_Party/FreeRTOS/Source/portable/GCC/ARM_CM0/port.o
                0x0800ad80                PendSV_Handler
 .text.SysTick_Handler
                0x0800adc8       0x34 ./Middlewares/Third_Party/FreeRTOS/Source/portable/GCC/ARM_CM0/port.o
                0x0800adc8                SysTick_Handler
 .text.vPortSuppressTicksAndSleep
                0x0800adfc      0x18c ./Middlewares/Third_Party/FreeRTOS/Source/portable/GCC/ARM_CM0/port.o
                0x0800adfc                vPortSuppressTicksAndSleep
 .text.prvSetupTimerInterrupt
                0x0800af88       0x84 ./Middlewares/Third_Party/FreeRTOS/Source/portable/GCC/ARM_CM0/port.o
 .text.pvPortMalloc
                0x0800b00c      0x150 ./Middlewares/Third_Party/FreeRTOS/Source/portable/MemMang/heap_4.o
                0x0800b00c                pvPortMalloc
 .text.vPortFree
                0x0800b15c       0x94 ./Middlewares/Third_Party/FreeRTOS/Source/portable/MemMang/heap_4.o
                0x0800b15c                vPortFree
 .text.prvHeapInit
                0x0800b1f0       0xc0 ./Middlewares/Third_Party/FreeRTOS/Source/portable/MemMang/heap_4.o
 .text.prvInsertBlockIntoFreeList
                0x0800b2b0       0xb0 ./Middlewares/Third_Party/FreeRTOS/Source/portable/MemMang/heap_4.o
 .text.__cxa_guard_acquire
                0x0800b360       0x1a C:/ST/STM32CubeIDE_2.1.1/STM32CubeIDE/plugins/com.st.stm32cube.ide.mcu.externaltools.gnu-tools-for-stm32.14.3.rel1.win32_1.0.100.202602081740/tools/bin/../lib/gcc/arm-none-eabi/14.3.1/../../../../arm-none-eabi/lib/thumb/v6-m/nofp\libstdc++_nano.a(guard.o)
                0x0800b360                __cxa_guard_acquire
 .text.__cxa_guard_release
                0x0800b37a        0x6 C:/ST/STM32CubeIDE_2.1.1/STM32CubeIDE/plugins/com.st.stm32cube.ide.mcu.externaltools.gnu-tools-for-stm32.14.3.rel1.win32_1.0.100.202602081740/tools/bin/../lib/gcc/arm-none-eabi/14.3.1/../../../../arm-none-eabi/lib/thumb/v6-m/nofp\libstdc++_nano.a(guard.o)
                0x0800b37a                __cxa_guard_release
 .text._Znwj    0x0800b380       0x24 C:/ST/STM32CubeIDE_2.1.1/STM32CubeIDE/plugins/com.st.stm32cube.ide.mcu.externaltools.gnu-tools-for-stm32.14.3.rel1.win32_1.0.100.202602081740/tools/bin/../lib/gcc/arm-none-eabi/14.3.1/../../../../arm-none-eabi/lib/thumb/v6-m/nofp\libstdc++_nano.a(new_op.o)
                0x0800b380                operator new(unsigned int)
 .text._Znaj    0x0800b3a4        0x8 C:/ST/STM32CubeIDE_2.1.1/STM32CubeIDE/plugins/com.st.stm32cube.ide.mcu.externaltools.gnu-tools-for-stm32.14.3.rel1.win32_1.0.100.202602081740/tools/bin/../lib/gcc/arm-none-eabi/14.3.1/../../../../arm-none-eabi/lib/thumb/v6-m/nofp\libstdc++_nano.a(new_opv.o)
                0x0800b3a4                operator new[](unsigned int)
 .text._ZSt15get_new_handlerv
                0x0800b3ac        0xc C:/ST/STM32CubeIDE_2.1.1/STM32CubeIDE/plugins/com.st.stm32cube.ide.mcu.externaltools.gnu-tools-for-stm32.14.3.rel1.win32_1.0.100.202602081740/tools/bin/../lib/gcc/arm-none-eabi/14.3.1/../../../../arm-none-eabi/lib/thumb/v6-m/nofp\libstdc++_nano.a(new_handler.o)
                0x0800b3ac                std::get_new_handler()
 .text.abort    0x0800b3b8        0xe C:/ST/STM32CubeIDE_2.1.1/STM32CubeIDE/plugins/com.st.stm32cube.ide.mcu.externaltools.gnu-tools-for-stm32.14.3.rel1.win32_1.0.100.202602081740/tools/bin/../lib/gcc/arm-none-eabi/14.3.1/../../../../arm-none-eabi/lib/thumb/v6-m/nofp\libc_nano.a(libc_a-abort.o)
                0x0800b3b8                abort
 *fill*         0x0800b3c6        0x2 
 .text.malloc   0x0800b3c8       0x14 C:/ST/STM32CubeIDE_2.1.1/STM32CubeIDE/plugins/com.st.stm32cube.ide.mcu.externaltools.gnu-tools-for-stm32.14.3.rel1.win32_1.0.100.202602081740/tools/bin/../lib/gcc/arm-none-eabi/14.3.1/../../../../arm-none-eabi/lib/thumb/v6-m/nofp\libc_nano.a(libc_a-malloc.o)
                0x0800b3c8                malloc
 .text.free     0x0800b3dc       0x14 C:/ST/STM32CubeIDE_2.1.1/STM32CubeIDE/plugins/com.st.stm32cube.ide.mcu.externaltools.gnu-tools-for-stm32.14.3.rel1.win32_1.0.100.202602081740/tools/bin/../lib/gcc/arm-none-eabi/14.3.1/../../../../arm-none-eabi/lib/thumb/v6-m/nofp\libc_nano.a(libc_a-malloc.o)
                0x0800b3dc                free
 .text.sbrk_aligned
                0x0800b3f0       0x44 C:/ST/STM32CubeIDE_2.1.1/STM32CubeIDE/plugins/com.st.stm32cube.ide.mcu.externaltools.gnu-tools-for-stm32.14.3.rel1.win32_1.0.100.202602081740/tools/bin/../lib/gcc/arm-none-eabi/14.3.1/../../../../arm-none-eabi/lib/thumb/v6-m/nofp\libc_nano.a(libc_a-mallocr.o)
 .text._malloc_r
                0x0800b434      0x100 C:/ST/STM32CubeIDE_2.1.1/STM32CubeIDE/plugins/com.st.stm32cube.ide.mcu.externaltools.gnu-tools-for-stm32.14.3.rel1.win32_1.0.100.202602081740/tools/bin/../lib/gcc/arm-none-eabi/14.3.1/../../../../arm-none-eabi/lib/thumb/v6-m/nofp\libc_nano.a(libc_a-mallocr.o)
                0x0800b434                _malloc_r
 .text.__malloc_lock
                0x0800b534       0x10 C:/ST/STM32CubeIDE_2.1.1/STM32CubeIDE/plugins/com.st.stm32cube.ide.mcu.externaltools.gnu-tools-for-stm32.14.3.rel1.win32_1.0.100.202602081740/tools/bin/../lib/gcc/arm-none-eabi/14.3.1/../../../../arm-none-eabi/lib/thumb/v6-m/nofp\libc_nano.a(libc_a-mlock.o)
                0x0800b534                __malloc_lock
 .text.__malloc_unlock
                0x0800b544       0x10 C:/ST/STM32CubeIDE_2.1.1/STM32CubeIDE/plugins/com.st.stm32cube.ide.mcu.externaltools.gnu-tools-for-stm32.14.3.rel1.win32_1.0.100.202602081740/tools/bin/../lib/gcc/arm-none-eabi/14.3.1/../../../../arm-none-eabi/lib/thumb/v6-m/nofp\libc_nano.a(libc_a-mlock.o)
                0x0800b544                __malloc_unlock
 .text._strtol_l.isra.0
                0x0800b554      0x114 C:/ST/STM32CubeIDE_2.1.1/STM32CubeIDE/plugins/com.st.stm32cube.ide.mcu.externaltools.gnu-tools-for-stm32.14.3.rel1.win32_1.0.100.202602081740/tools/bin/../lib/gcc/arm-none-eabi/14.3.1/../../../../arm-none-eabi/lib/thumb/v6-m/nofp\libc_nano.a(libc_a-strtol.o)
 .text.strtol   0x0800b668       0x18 C:/ST/STM32CubeIDE_2.1.1/STM32CubeIDE/plugins/com.st.stm32cube.ide.mcu.externaltools.gnu-tools-for-stm32.14.3.rel1.win32_1.0.100.202602081740/tools/bin/../lib/gcc/arm-none-eabi/14.3.1/../../../../arm-none-eabi/lib/thumb/v6-m/nofp\libc_nano.a(libc_a-strtol.o)
                0x0800b668                strtol
 .text.memset   0x0800b680       0x10 C:/ST/STM32CubeIDE_2.1.1/STM32CubeIDE/plugins/com.st.stm32cube.ide.mcu.externaltools.gnu-tools-for-stm32.14.3.rel1.win32_1.0.100.202602081740/tools/bin/../lib/gcc/arm-none-eabi/14.3.1/../../../../arm-none-eabi/lib/thumb/v6-m/nofp\libc_nano.a(libc_a-memset.o)
                0x0800b680                memset
 .text.strncpy  0x0800b690       0x28 C:/ST/STM32CubeIDE_2.1.1/STM32CubeIDE/plugins/com.st.stm32cube.ide.mcu.externaltools.gnu-tools-for-stm32.14.3.rel1.win32_1.0.100.202602081740/tools/bin/../lib/gcc/arm-none-eabi/14.3.1/../../../../arm-none-eabi/lib/thumb/v6-m/nofp\libc_nano.a(libc_a-strncpy.o)
                0x0800b690                strncpy
 .text._raise_r
                0x0800b6b8       0x52 C:/ST/STM32CubeIDE_2.1.1/STM32CubeIDE/plugins/com.st.stm32cube.ide.mcu.externaltools.gnu-tools-for-stm32.14.3.rel1.win32_1.0.100.202602081740/tools/bin/../lib/gcc/arm-none-eabi/14.3.1/../../../../arm-none-eabi/lib/thumb/v6-m/nofp\libc_nano.a(libc_a-signal.o)
                0x0800b6b8                _raise_r
 *fill*         0x0800b70a        0x2 
 .text.raise    0x0800b70c       0x14 C:/ST/STM32CubeIDE_2.1.1/STM32CubeIDE/plugins/com.st.stm32cube.ide.mcu.externaltools.gnu-tools-for-stm32.14.3.rel1.win32_1.0.100.202602081740/tools/bin/../lib/gcc/arm-none-eabi/14.3.1/../../../../arm-none-eabi/lib/thumb/v6-m/nofp\libc_nano.a(libc_a-signal.o)
                0x0800b70c                raise
 .text._reclaim_reent
                0x0800b720       0xd4 C:/ST/STM32CubeIDE_2.1.1/STM32CubeIDE/plugins/com.st.stm32cube.ide.mcu.externaltools.gnu-tools-for-stm32.14.3.rel1.win32_1.0.100.202602081740/tools/bin/../lib/gcc/arm-none-eabi/14.3.1/../../../../arm-none-eabi/lib/thumb/v6-m/nofp\libc_nano.a(libc_a-reent.o)
                0x0800b720                _reclaim_reent
 .text._kill_r  0x0800b7f4       0x24 C:/ST/STM32CubeIDE_2.1.1/STM32CubeIDE/plugins/com.st.stm32cube.ide.mcu.externaltools.gnu-tools-for-stm32.14.3.rel1.win32_1.0.100.202602081740/tools/bin/../lib/gcc/arm-none-eabi/14.3.1/../../../../arm-none-eabi/lib/thumb/v6-m/nofp\libc_nano.a(libc_a-signalr.o)
                0x0800b7f4                _kill_r
 .text._getpid_r
                0x0800b818        0x8 C:/ST/STM32CubeIDE_2.1.1/STM32CubeIDE/plugins/com.st.stm32cube.ide.mcu.externaltools.gnu-tools-for-stm32.14.3.rel1.win32_1.0.100.202602081740/tools/bin/../lib/gcc/arm-none-eabi/14.3.1/../../../../arm-none-eabi/lib/thumb/v6-m/nofp\libc_nano.a(libc_a-signalr.o)
                0x0800b818                _getpid_r
 .text._sbrk_r  0x0800b820       0x24 C:/ST/STM32CubeIDE_2.1.1/STM32CubeIDE/plugins/com.st.stm32cube.ide.mcu.externaltools.gnu-tools-for-stm32.14.3.rel1.win32_1.0.100.202602081740/tools/bin/../lib/gcc/arm-none-eabi/14.3.1/../../../../arm-none-eabi/lib/thumb/v6-m/nofp\libc_nano.a(libc_a-sbrkr.o)
                0x0800b820                _sbrk_r
 .text.__errno  0x0800b844        0xc C:/ST/STM32CubeIDE_2.1.1/STM32CubeIDE/plugins/com.st.stm32cube.ide.mcu.externaltools.gnu-tools-for-stm32.14.3.rel1.win32_1.0.100.202602081740/tools/bin/../lib/gcc/arm-none-eabi/14.3.1/../../../../arm-none-eabi/lib/thumb/v6-m/nofp\libc_nano.a(libc_a-errno.o)
                0x0800b844                __errno
 .text.__libc_init_array
                0x0800b850       0x48 C:/ST/STM32CubeIDE_2.1.1/STM32CubeIDE/plugins/com.st.stm32cube.ide.mcu.externaltools.gnu-tools-for-stm32.14.3.rel1.win32_1.0.100.202602081740/tools/bin/../lib/gcc/arm-none-eabi/14.3.1/../../../../arm-none-eabi/lib/thumb/v6-m/nofp\libc_nano.a(libc_a-init.o)
                0x0800b850                __libc_init_array
 .text.__retarget_lock_acquire_recursive
                0x0800b898        0x2 C:/ST/STM32CubeIDE_2.1.1/STM32CubeIDE/plugins/com.st.stm32cube.ide.mcu.externaltools.gnu-tools-for-stm32.14.3.rel1.win32_1.0.100.202602081740/tools/bin/../lib/gcc/arm-none-eabi/14.3.1/../../../../arm-none-eabi/lib/thumb/v6-m/nofp\libc_nano.a(libc_a-lock.o)
                0x0800b898                __retarget_lock_acquire_recursive
 .text.__retarget_lock_release_recursive
                0x0800b89a        0x2 C:/ST/STM32CubeIDE_2.1.1/STM32CubeIDE/plugins/com.st.stm32cube.ide.mcu.externaltools.gnu-tools-for-stm32.14.3.rel1.win32_1.0.100.202602081740/tools/bin/../lib/gcc/arm-none-eabi/14.3.1/../../../../arm-none-eabi/lib/thumb/v6-m/nofp\libc_nano.a(libc_a-lock.o)
                0x0800b89a                __retarget_lock_release_recursive
 .text.memcpy   0x0800b89c       0x12 C:/ST/STM32CubeIDE_2.1.1/STM32CubeIDE/plugins/com.st.stm32cube.ide.mcu.externaltools.gnu-tools-for-stm32.14.3.rel1.win32_1.0.100.202602081740/tools/bin/../lib/gcc/arm-none-eabi/14.3.1/../../../../arm-none-eabi/lib/thumb/v6-m/nofp\libc_nano.a(libc_a-memcpy-stub.o)
                0x0800b89c                memcpy
 *fill*         0x0800b8ae        0x2 
 .text._free_r  0x0800b8b0       0x94 C:/ST/STM32CubeIDE_2.1.1/STM32CubeIDE/plugins/com.st.stm32cube.ide.mcu.externaltools.gnu-tools-for-stm32.14.3.rel1.win32_1.0.100.202602081740/tools/bin/../lib/gcc/arm-none-eabi/14.3.1/../../../../arm-none-eabi/lib/thumb/v6-m/nofp\libc_nano.a(libc_a-freer.o)
                0x0800b8b0                _free_r
 *(.glue_7)
 .glue_7        0x0800b944        0x0 linker stubs
 *(.glue_7t)
 .glue_7t       0x0800b944        0x0 linker stubs
 *(.eh_frame)
 .eh_frame      0x0800b944        0x0 C:/ST/STM32CubeIDE_2.1.1/STM32CubeIDE/plugins/com.st.stm32cube.ide.mcu.externaltools.gnu-tools-for-stm32.14.3.rel1.win32_1.0.100.202602081740/tools/bin/../lib/gcc/arm-none-eabi/14.3.1/thumb/v6-m/nofp/crtbegin.o
 *(.init)
 .init          0x0800b944        0x4 C:/ST/STM32CubeIDE_2.1.1/STM32CubeIDE/plugins/com.st.stm32cube.ide.mcu.externaltools.gnu-tools-for-stm32.14.3.rel1.win32_1.0.100.202602081740/tools/bin/../lib/gcc/arm-none-eabi/14.3.1/thumb/v6-m/nofp/crti.o
                0x0800b944                _init
 .init          0x0800b948        0x8 C:/ST/STM32CubeIDE_2.1.1/STM32CubeIDE/plugins/com.st.stm32cube.ide.mcu.externaltools.gnu-tools-for-stm32.14.3.rel1.win32_1.0.100.202602081740/tools/bin/../lib/gcc/arm-none-eabi/14.3.1/thumb/v6-m/nofp/crtn.o
 *(.fini)
 .fini          0x0800b950        0x4 C:/ST/STM32CubeIDE_2.1.1/STM32CubeIDE/plugins/com.st.stm32cube.ide.mcu.externaltools.gnu-tools-for-stm32.14.3.rel1.win32_1.0.100.202602081740/tools/bin/../lib/gcc/arm-none-eabi/14.3.1/thumb/v6-m/nofp/crti.o
                0x0800b950                _fini
 .fini          0x0800b954        0x8 C:/ST/STM32CubeIDE_2.1.1/STM32CubeIDE/plugins/com.st.stm32cube.ide.mcu.externaltools.gnu-tools-for-stm32.14.3.rel1.win32_1.0.100.202602081740/tools/bin/../lib/gcc/arm-none-eabi/14.3.1/thumb/v6-m/nofp/crtn.o
                0x0800b95c                        . = ALIGN (0x4)
                0x0800b95c                        _etext = .

.vfp11_veneer   0x0800b95c        0x0
 .vfp11_veneer  0x0800b95c        0x0 linker stubs

.v4_bx          0x0800b95c        0x0
 .v4_bx         0x0800b95c        0x0 linker stubs

.iplt           0x0800b95c        0x0
 .iplt          0x0800b95c        0x0 C:/ST/STM32CubeIDE_2.1.1/STM32CubeIDE/plugins/com.st.stm32cube.ide.mcu.externaltools.gnu-tools-for-stm32.14.3.rel1.win32_1.0.100.202602081740/tools/bin/../lib/gcc/arm-none-eabi/14.3.1/thumb/v6-m/nofp/crtbegin.o

.rodata         0x0800b95c      0x674
                0x0800b95c                        . = ALIGN (0x4)
 *(.rodata)
 .rodata        0x0800b95c       0x1f ./Application/Motors.o
 *fill*         0x0800b97b        0x1 
 .rodata        0x0800b97c       0x23 ./Application/application.o
 *fill*         0x0800b99f        0x1 
 .rodata        0x0800b9a0       0x1c ./Application/commands.o
 .rodata        0x0800b9bc       0x1c ./Application/leds.o
 .rodata        0x0800b9d8       0x41 ./Application/messages.o
 *fill*         0x0800ba19        0x3 
 .rodata        0x0800ba1c       0x28 ./Application/xbee.o
 .rodata        0x0800ba44        0xc ./Core/Src/main.o
 .rodata        0x0800ba50        0x5 ./Middlewares/Third_Party/FreeRTOS/Source/tasks.o
 *fill*         0x0800ba55        0x3 
 .rodata        0x0800ba58        0xd ./Middlewares/Third_Party/FreeRTOS/Source/timers.o
 *(.rodata*)
 *fill*         0x0800ba65        0x3 
 .rodata._ZL16correctionPoints
                0x0800ba68       0x40 ./Application/Motors.o
 .rodata._ZN11Application18APPLICATION_ThreadEv
                0x0800baa8       0xfc ./Application/application.o
 .rodata._ZN11Application24APPLICATION_StateMachineEv
                0x0800bba4       0x28 ./Application/application.o
 .rodata._ZN11Application32APPLICATION_TransitionToNewStateENS_17APPLICATION_StateE
                0x0800bbcc       0x1c ./Application/application.o
 .rodata._ZN8Commands6decodeEPch
                0x0800bbe8       0xb8 ./Application/commands.o
 .rodata._ZN4Leds13LEDS_PatternsE
                0x0800bca0      0x128 ./Application/leds.o
                0x0800bca0                Leds::LEDS_Patterns
 .rodata._ZN4Leds17LEDS_ActionThreadEv
                0x0800bdc8       0x4c ./Application/leds.o
 .rodata.defaultTask_attributes
                0x0800be14       0x24 ./Core/Src/main.o
                0x0800be14                defaultTask_attributes
 .rodata.AHBPrescTable
                0x0800be38       0x10 ./Core/Src/system_stm32l0xx.o
                0x0800be38                AHBPrescTable
 .rodata.APBPrescTable
                0x0800be48        0x8 ./Core/Src/system_stm32l0xx.o
                0x0800be48                APBPrescTable
 .rodata.PLLMulTable
                0x0800be50        0x9 ./Core/Src/system_stm32l0xx.o
                0x0800be50                PLLMulTable
 *fill*         0x0800be59        0x3 
 .rodata.UART_SetConfig
                0x0800be5c       0x48 ./Drivers/STM32L0xx_HAL_Driver/Src/stm32l0xx_hal_uart.o
 .rodata.prvProcessReceivedCommands
                0x0800bea4       0x28 ./Middlewares/Third_Party/FreeRTOS/Source/timers.o
 .rodata._ctype_
                0x0800becc      0x101 C:/ST/STM32CubeIDE_2.1.1/STM32CubeIDE/plugins/com.st.stm32cube.ide.mcu.externaltools.gnu-tools-for-stm32.14.3.rel1.win32_1.0.100.202602081740/tools/bin/../lib/gcc/arm-none-eabi/14.3.1/../../../../arm-none-eabi/lib/thumb/v6-m/nofp\libc_nano.a(libc_a-ctype_.o)
                0x0800becc                _ctype_
                0x0800bfd0                        . = ALIGN (0x4)
 *fill*         0x0800bfcd        0x3 

.ARM.extab      0x0800bfd0        0x0
                0x0800bfd0                        . = ALIGN (0x4)
 *(.ARM.extab* .gnu.linkonce.armextab.*)
                0x0800bfd0                        . = ALIGN (0x4)

.ARM            0x0800bfd0        0x8
                0x0800bfd0                        . = ALIGN (0x4)
                0x0800bfd0                        __exidx_start = .
 *(.ARM.exidx*)
 .ARM.exidx     0x0800bfd0        0x8 C:/ST/STM32CubeIDE_2.1.1/STM32CubeIDE/plugins/com.st.stm32cube.ide.mcu.externaltools.gnu-tools-for-stm32.14.3.rel1.win32_1.0.100.202602081740/tools/bin/../lib/gcc/arm-none-eabi/14.3.1/thumb/v6-m/nofp\libgcc.a(_udivmoddi4.o)
                0x0800bfd8                        __exidx_end = .
                0x0800bfd8                        . = ALIGN (0x4)

.preinit_array  0x0800bfd8        0x0
                0x0800bfd8                        . = ALIGN (0x4)
                0x0800bfd8                        PROVIDE (__preinit_array_start = .)
 *(.preinit_array*)
                0x0800bfd8                        PROVIDE (__preinit_array_end = .)
                0x0800bfd8                        . = ALIGN (0x4)

.init_array     0x0800bfd8        0x4
                0x0800bfd8                        . = ALIGN (0x4)
                0x0800bfd8                        PROVIDE (__init_array_start = .)
 *(SORT_BY_NAME(.init_array.*))
 *(.init_array*)
 .init_array    0x0800bfd8        0x4 C:/ST/STM32CubeIDE_2.1.1/STM32CubeIDE/plugins/com.st.stm32cube.ide.mcu.externaltools.gnu-tools-for-stm32.14.3.rel1.win32_1.0.100.202602081740/tools/bin/../lib/gcc/arm-none-eabi/14.3.1/thumb/v6-m/nofp/crtbegin.o
                0x0800bfdc                        PROVIDE (__init_array_end = .)
                0x0800bfdc                        . = ALIGN (0x4)

.fini_array     0x0800bfdc        0x4
                0x0800bfdc                        . = ALIGN (0x4)
                [!provide]                        PROVIDE (__fini_array_start = .)
 *(SORT_BY_NAME(.fini_array.*))
 *(.fini_array*)
 .fini_array    0x0800bfdc        0x4 C:/ST/STM32CubeIDE_2.1.1/STM32CubeIDE/plugins/com.st.stm32cube.ide.mcu.externaltools.gnu-tools-for-stm32.14.3.rel1.win32_1.0.100.202602081740/tools/bin/../lib/gcc/arm-none-eabi/14.3.1/thumb/v6-m/nofp/crtbegin.o
                [!provide]                        PROVIDE (__fini_array_end = .)
                0x0800bfe0                        . = ALIGN (0x4)
                0x0800bfe0                        _sidata = LOADADDR (.data)

.rel.dyn        0x0800bfe0        0x0
 .rel.iplt      0x0800bfe0        0x0 C:/ST/STM32CubeIDE_2.1.1/STM32CubeIDE/plugins/com.st.stm32cube.ide.mcu.externaltools.gnu-tools-for-stm32.14.3.rel1.win32_1.0.100.202602081740/tools/bin/../lib/gcc/arm-none-eabi/14.3.1/thumb/v6-m/nofp/crtbegin.o

.data           0x20000000       0x64 load address 0x0800bfe0
                0x20000000                        . = ALIGN (0x4)
                0x20000000                        _sdata = .
 *(.data)
 *(.data*)
 .data._ZN7Battery16buttonInactivityE
                0x20000000        0x1 ./Application/battery_version4.o
                0x20000000                Battery::buttonInactivity
 *fill*         0x20000001        0x3 
 .data.SystemCoreClock
                0x20000004        0x4 ./Core/Src/system_stm32l0xx.o
                0x20000004                SystemCoreClock
 .data.uwTickPrio
                0x20000008        0x4 ./Drivers/STM32L0xx_HAL_Driver/Src/stm32l0xx_hal.o
                0x20000008                uwTickPrio
 .data.uwTickFreq
                0x2000000c        0x1 ./Drivers/STM32L0xx_HAL_Driver/Src/stm32l0xx_hal.o
                0x2000000c                uwTickFreq
 *fill*         0x2000000d        0x3 
 .data.uxCriticalNesting
                0x20000010        0x4 ./Middlewares/Third_Party/FreeRTOS/Source/portable/GCC/ARM_CM0/port.o
 .data._impure_ptr
                0x20000014        0x4 C:/ST/STM32CubeIDE_2.1.1/STM32CubeIDE/plugins/com.st.stm32cube.ide.mcu.externaltools.gnu-tools-for-stm32.14.3.rel1.win32_1.0.100.202602081740/tools/bin/../lib/gcc/arm-none-eabi/14.3.1/../../../../arm-none-eabi/lib/thumb/v6-m/nofp\libc_nano.a(libc_a-impure.o)
                0x20000014                _impure_ptr
 .data._impure_data
                0x20000018       0x4c C:/ST/STM32CubeIDE_2.1.1/STM32CubeIDE/plugins/com.st.stm32cube.ide.mcu.externaltools.gnu-tools-for-stm32.14.3.rel1.win32_1.0.100.202602081740/tools/bin/../lib/gcc/arm-none-eabi/14.3.1/../../../../arm-none-eabi/lib/thumb/v6-m/nofp\libc_nano.a(libc_a-impure.o)
                0x20000018                _impure_data
 *(.RamFunc)
 *(.RamFunc*)
                0x20000064                        . = ALIGN (0x4)
                0x20000064                        _edata = .

.igot.plt       0x20000064        0x0 load address 0x0800c044
 .igot.plt      0x20000064        0x0 C:/ST/STM32CubeIDE_2.1.1/STM32CubeIDE/plugins/com.st.stm32cube.ide.mcu.externaltools.gnu-tools-for-stm32.14.3.rel1.win32_1.0.100.202602081740/tools/bin/../lib/gcc/arm-none-eabi/14.3.1/thumb/v6-m/nofp/crtbegin.o
                0x20000064                        . = ALIGN (0x4)

.bss            0x20000064     0x2828 load address 0x0800c044
                0x20000064                        _sbss = .
                0x20000064                        __bss_start__ = _sbss
 *(.bss)
 .bss           0x20000064       0x1c C:/ST/STM32CubeIDE_2.1.1/STM32CubeIDE/plugins/com.st.stm32cube.ide.mcu.externaltools.gnu-tools-for-stm32.14.3.rel1.win32_1.0.100.202602081740/tools/bin/../lib/gcc/arm-none-eabi/14.3.1/thumb/v6-m/nofp/crtbegin.o
 *(.bss*)
 .bss._ZN6Motors14leftMotorStateE
                0x20000080        0xa ./Application/Motors.o
                0x20000080                Motors::leftMotorState
 *fill*         0x2000008a        0x2 
 .bss._ZN6Motors15rightMotorStateE
                0x2000008c        0xa ./Application/Motors.o
                0x2000008c                Motors::rightMotorState
 *fill*         0x20000096        0x2 
 .bss._ZN6Motors9diffStateE
                0x20000098       0x10 ./Application/Motors.o
                0x20000098                Motors::diffState
 .bss.xTaskMotors
                0x200000a8       0xb4 ./Application/Motors.o
                0x200000a8                xTaskMotors
 .bss.xStackMotors
                0x2000015c      0x180 ./Application/Motors.o
                0x2000015c                xStackMotors
 .bss.xHandleMotors
                0x200002dc        0x4 ./Application/Motors.o
                0x200002dc                xHandleMotors
 .bss.xTaskMotorsControl
                0x200002e0       0xb4 ./Application/Motors.o
                0x200002e0                xTaskMotorsControl
 .bss.xStackMotorsControl
                0x20000394      0x180 ./Application/Motors.o
                0x20000394                xStackMotorsControl
 .bss.xHandleMotorsControl
                0x20000514        0x4 ./Application/Motors.o
                0x20000514                xHandleMotorsControl
 .bss._ZZN6Motors4moveElE4dist
                0x20000518        0x4 ./Application/Motors.o
 .bss._ZZN11Application8InstanceEvE8instance
                0x2000051c      0xe18 ./Application/app_main.o
                0x2000051c                Application::Instance()::instance
 .bss._ZGVZN11Application8InstanceEvE8instance
                0x20001334        0x4 ./Application/app_main.o
                0x20001334                guard variable for Application::Instance()::instance
 .bss._ZN7Battery10taskHandleE
                0x20001338        0x4 ./Application/battery_version4.o
                0x20001338                Battery::taskHandle
 .bss._ZN7Battery14adcWaitingTaskE
                0x2000133c        0x4 ./Application/battery_version4.o
                0x2000133c                Battery::adcWaitingTask
 .bss._ZN7Battery11adcRawValueE
                0x20001340        0x2 ./Application/battery_version4.o
                0x20001340                Battery::adcRawValue
 .bss._ZZN4Leds8LEDS_SetENS_10LEDS_StateEE10leds_state
                0x20001342        0x1 ./Application/leds.o
 *fill*         0x20001343        0x1 
 .bss.LEDS_Mailbox
                0x20001344        0x4 ./Application/messages.o
                0x20001344                LEDS_Mailbox
 .bss.MOTORS_Mailbox
                0x20001348        0x4 ./Application/messages.o
                0x20001348                MOTORS_Mailbox
 .bss.APPLICATION_Mailbox
                0x2000134c        0x4 ./Application/messages.o
                0x2000134c                APPLICATION_Mailbox
 .bss.XBEE_Mailbox
                0x20001350        0x4 ./Application/messages.o
                0x20001350                XBEE_Mailbox
 .bss.hadc      0x20001354       0x5c ./Core/Src/main.o
                0x20001354                hadc
 .bss.hlpuart1  0x200013b0       0x88 ./Core/Src/main.o
                0x200013b0                hlpuart1
 .bss.htim2     0x20001438       0x40 ./Core/Src/main.o
                0x20001438                htim2
 .bss.htim3     0x20001478       0x40 ./Core/Src/main.o
                0x20001478                htim3
 .bss.htim21    0x200014b8       0x40 ./Core/Src/main.o
                0x200014b8                htim21
 .bss.defaultTaskHandle
                0x200014f8        0x4 ./Core/Src/main.o
                0x200014f8                defaultTaskHandle
 .bss.htim6     0x200014fc       0x40 ./Core/Src/stm32l0xx_hal_timebase_tim.o
                0x200014fc                htim6
 .bss.__sbrk_heap_end
                0x2000153c        0x4 ./Core/Src/sysmem.o
 .bss.uwTick    0x20001540        0x4 ./Drivers/STM32L0xx_HAL_Driver/Src/stm32l0xx_hal.o
                0x20001540                uwTick
 .bss.KernelState
                0x20001544        0x4 ./Middlewares/Third_Party/FreeRTOS/Source/CMSIS_RTOS_V2/cmsis_os2.o
 .bss.Idle_TCB  0x20001548       0xb4 ./Middlewares/Third_Party/FreeRTOS/Source/CMSIS_RTOS_V2/cmsis_os2.o
 .bss.Idle_Stack
                0x200015fc      0x200 ./Middlewares/Third_Party/FreeRTOS/Source/CMSIS_RTOS_V2/cmsis_os2.o
 .bss.Timer_TCB
                0x200017fc       0xb4 ./Middlewares/Third_Party/FreeRTOS/Source/CMSIS_RTOS_V2/cmsis_os2.o
 .bss.Timer_Stack
                0x200018b0      0x400 ./Middlewares/Third_Party/FreeRTOS/Source/CMSIS_RTOS_V2/cmsis_os2.o
 .bss.xQueueRegistry
                0x20001cb0       0x40 ./Middlewares/Third_Party/FreeRTOS/Source/queue.o
                0x20001cb0                xQueueRegistry
 .bss.pxCurrentTCB
                0x20001cf0        0x4 ./Middlewares/Third_Party/FreeRTOS/Source/tasks.o
                0x20001cf0                pxCurrentTCB
 .bss.pxReadyTasksLists
                0x20001cf4      0x460 ./Middlewares/Third_Party/FreeRTOS/Source/tasks.o
 .bss.xDelayedTaskList1
                0x20002154       0x14 ./Middlewares/Third_Party/FreeRTOS/Source/tasks.o
 .bss.xDelayedTaskList2
                0x20002168       0x14 ./Middlewares/Third_Party/FreeRTOS/Source/tasks.o
 .bss.pxDelayedTaskList
                0x2000217c        0x4 ./Middlewares/Third_Party/FreeRTOS/Source/tasks.o
 .bss.pxOverflowDelayedTaskList
                0x20002180        0x4 ./Middlewares/Third_Party/FreeRTOS/Source/tasks.o
 .bss.xPendingReadyList
                0x20002184       0x14 ./Middlewares/Third_Party/FreeRTOS/Source/tasks.o
 .bss.xTasksWaitingTermination
                0x20002198       0x14 ./Middlewares/Third_Party/FreeRTOS/Source/tasks.o
 .bss.uxDeletedTasksWaitingCleanUp
                0x200021ac        0x4 ./Middlewares/Third_Party/FreeRTOS/Source/tasks.o
 .bss.xSuspendedTaskList
                0x200021b0       0x14 ./Middlewares/Third_Party/FreeRTOS/Source/tasks.o
 .bss.uxCurrentNumberOfTasks
                0x200021c4        0x4 ./Middlewares/Third_Party/FreeRTOS/Source/tasks.o
 .bss.xTickCount
                0x200021c8        0x4 ./Middlewares/Third_Party/FreeRTOS/Source/tasks.o
 .bss.uxTopReadyPriority
                0x200021cc        0x4 ./Middlewares/Third_Party/FreeRTOS/Source/tasks.o
 .bss.xSchedulerRunning
                0x200021d0        0x4 ./Middlewares/Third_Party/FreeRTOS/Source/tasks.o
 .bss.uxPendedTicks
                0x200021d4        0x4 ./Middlewares/Third_Party/FreeRTOS/Source/tasks.o
 .bss.xYieldPending
                0x200021d8        0x4 ./Middlewares/Third_Party/FreeRTOS/Source/tasks.o
 .bss.xNumOfOverflows
                0x200021dc        0x4 ./Middlewares/Third_Party/FreeRTOS/Source/tasks.o
 .bss.uxTaskNumber
                0x200021e0        0x4 ./Middlewares/Third_Party/FreeRTOS/Source/tasks.o
 .bss.xNextTaskUnblockTime
                0x200021e4        0x4 ./Middlewares/Third_Party/FreeRTOS/Source/tasks.o
 .bss.xIdleTaskHandle
                0x200021e8        0x4 ./Middlewares/Third_Party/FreeRTOS/Source/tasks.o
 .bss.uxSchedulerSuspended
                0x200021ec        0x4 ./Middlewares/Third_Party/FreeRTOS/Source/tasks.o
 .bss.xActiveTimerList1
                0x200021f0       0x14 ./Middlewares/Third_Party/FreeRTOS/Source/timers.o
 .bss.xActiveTimerList2
                0x20002204       0x14 ./Middlewares/Third_Party/FreeRTOS/Source/timers.o
 .bss.pxCurrentTimerList
                0x20002218        0x4 ./Middlewares/Third_Party/FreeRTOS/Source/timers.o
 .bss.pxOverflowTimerList
                0x2000221c        0x4 ./Middlewares/Third_Party/FreeRTOS/Source/timers.o
 .bss.xTimerQueue
                0x20002220        0x4 ./Middlewares/Third_Party/FreeRTOS/Source/timers.o
 .bss.xTimerTaskHandle
                0x20002224        0x4 ./Middlewares/Third_Party/FreeRTOS/Source/timers.o
 .bss.xLastTime.2
                0x20002228        0x4 ./Middlewares/Third_Party/FreeRTOS/Source/timers.o
 .bss.ucStaticTimerQueueStorage.1
                0x2000222c       0xa0 ./Middlewares/Third_Party/FreeRTOS/Source/timers.o
 .bss.xStaticTimerQueue.0
                0x200022cc       0x50 ./Middlewares/Third_Party/FreeRTOS/Source/timers.o
 .bss.ulTimerCountsForOneTick
                0x2000231c        0x4 ./Middlewares/Third_Party/FreeRTOS/Source/portable/GCC/ARM_CM0/port.o
 .bss.xMaximumPossibleSuppressedTicks
                0x20002320        0x4 ./Middlewares/Third_Party/FreeRTOS/Source/portable/GCC/ARM_CM0/port.o
 .bss.ulStoppedTimerCompensation
                0x20002324        0x4 ./Middlewares/Third_Party/FreeRTOS/Source/portable/GCC/ARM_CM0/port.o
 .bss.ucHeap    0x20002328      0x400 ./Middlewares/Third_Party/FreeRTOS/Source/portable/MemMang/heap_4.o
 .bss.xStart    0x20002728        0x8 ./Middlewares/Third_Party/FreeRTOS/Source/portable/MemMang/heap_4.o
 .bss.pxEnd     0x20002730        0x4 ./Middlewares/Third_Party/FreeRTOS/Source/portable/MemMang/heap_4.o
 .bss.xFreeBytesRemaining
                0x20002734        0x4 ./Middlewares/Third_Party/FreeRTOS/Source/portable/MemMang/heap_4.o
 .bss.xMinimumEverFreeBytesRemaining
                0x20002738        0x4 ./Middlewares/Third_Party/FreeRTOS/Source/portable/MemMang/heap_4.o
 .bss.xBlockAllocatedBit
                0x2000273c        0x4 ./Middlewares/Third_Party/FreeRTOS/Source/portable/MemMang/heap_4.o
 .bss._ZN12_GLOBAL__N_113__new_handlerE
                0x20002740        0x4 C:/ST/STM32CubeIDE_2.1.1/STM32CubeIDE/plugins/com.st.stm32cube.ide.mcu.externaltools.gnu-tools-for-stm32.14.3.rel1.win32_1.0.100.202602081740/tools/bin/../lib/gcc/arm-none-eabi/14.3.1/../../../../arm-none-eabi/lib/thumb/v6-m/nofp\libstdc++_nano.a(new_handler.o)
 .bss.__malloc_sbrk_start
                0x20002744        0x4 C:/ST/STM32CubeIDE_2.1.1/STM32CubeIDE/plugins/com.st.stm32cube.ide.mcu.externaltools.gnu-tools-for-stm32.14.3.rel1.win32_1.0.100.202602081740/tools/bin/../lib/gcc/arm-none-eabi/14.3.1/../../../../arm-none-eabi/lib/thumb/v6-m/nofp\libc_nano.a(libc_a-mallocr.o)
                0x20002744                __malloc_sbrk_start
 .bss.__malloc_free_list
                0x20002748        0x4 C:/ST/STM32CubeIDE_2.1.1/STM32CubeIDE/plugins/com.st.stm32cube.ide.mcu.externaltools.gnu-tools-for-stm32.14.3.rel1.win32_1.0.100.202602081740/tools/bin/../lib/gcc/arm-none-eabi/14.3.1/../../../../arm-none-eabi/lib/thumb/v6-m/nofp\libc_nano.a(libc_a-mallocr.o)
                0x20002748                __malloc_free_list
 .bss.__sf      0x2000274c      0x138 C:/ST/STM32CubeIDE_2.1.1/STM32CubeIDE/plugins/com.st.stm32cube.ide.mcu.externaltools.gnu-tools-for-stm32.14.3.rel1.win32_1.0.100.202602081740/tools/bin/../lib/gcc/arm-none-eabi/14.3.1/../../../../arm-none-eabi/lib/thumb/v6-m/nofp\libc_nano.a(libc_a-findfp.o)
                0x2000274c                __sf
 .bss.errno     0x20002884        0x4 C:/ST/STM32CubeIDE_2.1.1/STM32CubeIDE/plugins/com.st.stm32cube.ide.mcu.externaltools.gnu-tools-for-stm32.14.3.rel1.win32_1.0.100.202602081740/tools/bin/../lib/gcc/arm-none-eabi/14.3.1/../../../../arm-none-eabi/lib/thumb/v6-m/nofp\libc_nano.a(libc_a-reent.o)
                0x20002884                errno
 .bss.__lock___malloc_recursive_mutex
                0x20002888        0x1 C:/ST/STM32CubeIDE_2.1.1/STM32CubeIDE/plugins/com.st.stm32cube.ide.mcu.externaltools.gnu-tools-for-stm32.14.3.rel1.win32_1.0.100.202602081740/tools/bin/../lib/gcc/arm-none-eabi/14.3.1/../../../../arm-none-eabi/lib/thumb/v6-m/nofp\libc_nano.a(libc_a-lock.o)
                0x20002888                __lock___malloc_recursive_mutex
 *(COMMON)
                0x2000288c                        . = ALIGN (0x4)
 *fill*         0x20002889        0x3 
                0x2000288c                        _ebss = .
                0x2000288c                        __bss_end__ = _ebss

._user_heap_stack
                0x2000288c      0x204 load address 0x0800c044
                0x20002890                        . = ALIGN (0x8)
 *fill*         0x2000288c        0x4 
                [!provide]                        PROVIDE (end = .)
                0x20002890                        PROVIDE (_end = .)
                0x20002890                        . = (. + _Min_Heap_Size)
                0x20002a90                        . = (. + _Min_Stack_Size)
 *fill*         0x20002890      0x200 
                0x20002a90                        . = ALIGN (0x8)

/DISCARD/
 libc.a(*)
 libm.a(*)
 libgcc.a(*)

.ARM.attributes
                0x00000000       0x28
 *(.ARM.attributes)
 .ARM.attributes
                0x00000000       0x1e C:/ST/STM32CubeIDE_2.1.1/STM32CubeIDE/plugins/com.st.stm32cube.ide.mcu.externaltools.gnu-tools-for-stm32.14.3.rel1.win32_1.0.100.202602081740/tools/bin/../lib/gcc/arm-none-eabi/14.3.1/thumb/v6-m/nofp/crti.o
 .ARM.attributes
                0x0000001e       0x2c C:/ST/STM32CubeIDE_2.1.1/STM32CubeIDE/plugins/com.st.stm32cube.ide.mcu.externaltools.gnu-tools-for-stm32.14.3.rel1.win32_1.0.100.202602081740/tools/bin/../lib/gcc/arm-none-eabi/14.3.1/thumb/v6-m/nofp/crtbegin.o
 .ARM.attributes
                0x0000004a       0x2c ./Application/Motors.o
 .ARM.attributes
                0x00000076       0x2c ./Application/app_main.o
 .ARM.attributes
                0x000000a2       0x2c ./Application/application.o
 .ARM.attributes
                0x000000ce       0x2c ./Application/battery_version4.o
 .ARM.attributes
                0x000000fa       0x2c ./Application/commands.o
 .ARM.attributes
                0x00000126       0x2c ./Application/leds.o
 .ARM.attributes
                0x00000152       0x2c ./Application/messages.o
 .ARM.attributes
                0x0000017e       0x2c ./Application/panic_version4.o
 .ARM.attributes
                0x000001aa       0x2c ./Application/xbee.o
 .ARM.attributes
                0x000001d6       0x2c ./Core/Src/freertos.o
 .ARM.attributes
                0x00000202       0x2c ./Core/Src/main.o
 .ARM.attributes
                0x0000022e       0x2c ./Core/Src/stm32l0xx_hal_msp.o
 .ARM.attributes
                0x0000025a       0x2c ./Core/Src/stm32l0xx_hal_timebase_tim.o
 .ARM.attributes
                0x00000286       0x2c ./Core/Src/stm32l0xx_it.o
 .ARM.attributes
                0x000002b2       0x2c ./Core/Src/syscalls.o
 .ARM.attributes
                0x000002de       0x2c ./Core/Src/sysmem.o
 .ARM.attributes
                0x0000030a       0x2c ./Core/Src/system_stm32l0xx.o
 .ARM.attributes
                0x00000336       0x22 ./Core/Startup/startup_stm32l071cbtx.o
 .ARM.attributes
                0x00000358       0x2c ./Drivers/STM32L0xx_HAL_Driver/Src/stm32l0xx_hal.o
 .ARM.attributes
                0x00000384       0x2c ./Drivers/STM32L0xx_HAL_Driver/Src/stm32l0xx_hal_adc.o
 .ARM.attributes
                0x000003b0       0x2c ./Drivers/STM32L0xx_HAL_Driver/Src/stm32l0xx_hal_cortex.o
 .ARM.attributes
                0x000003dc       0x2c ./Drivers/STM32L0xx_HAL_Driver/Src/stm32l0xx_hal_dma.o
 .ARM.attributes
                0x00000408       0x2c ./Drivers/STM32L0xx_HAL_Driver/Src/stm32l0xx_hal_gpio.o
 .ARM.attributes
                0x00000434       0x2c ./Drivers/STM32L0xx_HAL_Driver/Src/stm32l0xx_hal_rcc.o
 .ARM.attributes
                0x00000460       0x2c ./Drivers/STM32L0xx_HAL_Driver/Src/stm32l0xx_hal_rcc_ex.o
 .ARM.attributes
                0x0000048c       0x2c ./Drivers/STM32L0xx_HAL_Driver/Src/stm32l0xx_hal_tim.o
 .ARM.attributes
                0x000004b8       0x2c ./Drivers/STM32L0xx_HAL_Driver/Src/stm32l0xx_hal_tim_ex.o
 .ARM.attributes
                0x000004e4       0x2c ./Drivers/STM32L0xx_HAL_Driver/Src/stm32l0xx_hal_uart.o
 .ARM.attributes
                0x00000510       0x2c ./Drivers/STM32L0xx_HAL_Driver/Src/stm32l0xx_hal_uart_ex.o
 .ARM.attributes
                0x0000053c       0x2c ./Middlewares/Third_Party/FreeRTOS/Source/CMSIS_RTOS_V2/cmsis_os2.o
 .ARM.attributes
                0x00000568       0x2c ./Middlewares/Third_Party/FreeRTOS/Source/list.o
 .ARM.attributes
                0x00000594       0x2c ./Middlewares/Third_Party/FreeRTOS/Source/queue.o
 .ARM.attributes
                0x000005c0       0x2c ./Middlewares/Third_Party/FreeRTOS/Source/tasks.o
 .ARM.attributes
                0x000005ec       0x2c ./Middlewares/Third_Party/FreeRTOS/Source/timers.o