../Core/Src/main.c:86:5:main	8	static
../Core/Src/main.c:171:6:SystemClock_Config	120	static
../Core/Src/main.c:222:13:MX_ADC_Init	16	static
../Core/Src/main.c:278:13:MX_LPUART1_UART_Init	8	static
../Core/Src/main.c:313:13:MX_TIM2_Init	72	static
../Core/Src/main.c:387:13:MX_TIM3_Init	48	static
../Core/Src/main.c:462:13:MX_TIM21_Init	72	static
../Core/Src/main.c:536:13:MX_GPIO_Init	48	static
../Core/Src/main.c:629:6:StartDefaultTask	16	static
../Core/Src/main.c:648:6:HAL_TIM_PeriodElapsedCallback	16	static
../Core/Src/main.c:666:6:Error_Handler	8	static,ignoring_inline_asm
