../Core/Src/stm32l0xx_hal_msp.c:64:6:HAL_MspInit	8	static
../Core/Src/stm32l0xx_hal_msp.c:89:6:HAL_ADC_MspInit	48	static
../Core/Src/stm32l0xx_hal_msp.c:126:6:HAL_ADC_MspDeInit	16	static
../Core/Src/stm32l0xx_hal_msp.c:156:6:HAL_UART_MspInit	48	static
../Core/Src/stm32l0xx_hal_msp.c:196:6:HAL_UART_MspDeInit	16	static
../Core/Src/stm32l0xx_hal_msp.c:227:6:HAL_TIM_Base_MspInit	56	static
../Core/Src/stm32l0xx_hal_msp.c:296:6:HAL_TIM_MspPostInit	56	static
../Core/Src/stm32l0xx_hal_msp.c:339:6:HAL_TIM_Base_MspDeInit	16	static
